kind=CASE	order=10	startLine=33	endLine=33	startColumn=12	endColumn=35	nestingDepth=3	pyTypeLinkHash=	methodOwnerHash=PY_METHOD_f1cabc90b966fb3a98cd89e50251d1d1	parentContainerHash=PY_BLOCK_683f231196120ee406169f852c2d5b76	tryStatementHash=	resourceCount=	caughtExceptionTypes=	ownerTypeName=	ownerQualifiedName=match_class_and_sequence_patterns	ownerMethodName=describe	pyScopeLinkHash=PY_SCOPE_6bda6e1434a5cb0909c09a57165f2051	pyModuleLinkHash=PY_MODULE_e8c22c801b9d7d33638ace57665fdd49	conditionExpressionLinkHash=	conditionText=	exceptTargetName=	hasElseClause=false	isModuleLevel=false	isTypeCheckingGuard=false	serviceVersionLinkHash=SERVICE_VERSION_00000000000000000000000000000000	pyBlockUniqueHash=PY_BLOCK_035d8eb1d4b880cc3c4687070a4f4d78
kind=CASE	order=10	startLine=45	endLine=45	startColumn=12	endColumn=46	nestingDepth=3	pyTypeLinkHash=	methodOwnerHash=PY_METHOD_e593d898ef9de8564a70657bebe50172	parentContainerHash=PY_BLOCK_5fe005c27a946f74522076c1a3d8b531	tryStatementHash=	resourceCount=	caughtExceptionTypes=	ownerTypeName=	ownerQualifiedName=match_nested_patterns_and_guards	ownerMethodName=handle	pyScopeLinkHash=PY_SCOPE_f0946aa6eb41246aea5d160595182496	pyModuleLinkHash=PY_MODULE_fcb43aba22913355ac115ae9c4556240	conditionExpressionLinkHash=	conditionText=	exceptTargetName=	hasElseClause=false	isModuleLevel=false	isTypeCheckingGuard=false	serviceVersionLinkHash=SERVICE_VERSION_00000000000000000000000000000000	pyBlockUniqueHash=PY_BLOCK_21b085054e0e680425764ad6e6e5962e
kind=CASE	order=11	startLine=36	endLine=36	startColumn=12	endColumn=32	nestingDepth=3	pyTypeLinkHash=	methodOwnerHash=PY_METHOD_f1cabc90b966fb3a98cd89e50251d1d1	parentContainerHash=PY_BLOCK_683f231196120ee406169f852c2d5b76	tryStatementHash=	resourceCount=	caughtExceptionTypes=	ownerTypeName=	ownerQualifiedName=match_class_and_sequence_patterns	ownerMethodName=describe	pyScopeLinkHash=PY_SCOPE_6bda6e1434a5cb0909c09a57165f2051	pyModuleLinkHash=PY_MODULE_e8c22c801b9d7d33638ace57665fdd49	conditionExpressionLinkHash=	conditionText=	exceptTargetName=	hasElseClause=false	isModuleLevel=false	isTypeCheckingGuard=false	serviceVersionLinkHash=SERVICE_VERSION_00000000000000000000000000000000	pyBlockUniqueHash=PY_BLOCK_26486691b3ba16336c0afb0773cb0768
kind=CASE	order=11	startLine=47	endLine=47	startColumn=12	endColumn=41	nestingDepth=3	pyTypeLinkHash=	methodOwnerHash=PY_METHOD_e593d898ef9de8564a70657bebe50172	parentContainerHash=PY_BLOCK_5fe005c27a946f74522076c1a3d8b531	tryStatementHash=	resourceCount=	caughtExceptionTypes=	ownerTypeName=	ownerQualifiedName=match_nested_patterns_and_guards	ownerMethodName=handle	pyScopeLinkHash=PY_SCOPE_f0946aa6eb41246aea5d160595182496	pyModuleLinkHash=PY_MODULE_fcb43aba22913355ac115ae9c4556240	conditionExpressionLinkHash=	conditionText=	exceptTargetName=	hasElseClause=false	isModuleLevel=false	isTypeCheckingGuard=false	serviceVersionLinkHash=SERVICE_VERSION_00000000000000000000000000000000	pyBlockUniqueHash=PY_BLOCK_06d70f8cd5fb66099f4de13ab74fb275
kind=CASE	order=12	startLine=39	endLine=39	startColumn=12	endColumn=33	nestingDepth=3	pyTypeLinkHash=	methodOwnerHash=PY_METHOD_f1cabc90b966fb3a98cd89e50251d1d1	parentContainerHash=PY_BLOCK_683f231196120ee406169f852c2d5b76	tryStatementHash=	resourceCount=	caughtExceptionTypes=	ownerTypeName=	ownerQualifiedName=match_class_and_sequence_patterns	ownerMethodName=describe	pyScopeLinkHash=PY_SCOPE_6bda6e1434a5cb0909c09a57165f2051	pyModuleLinkHash=PY_MODULE_e8c22c801b9d7d33638ace57665fdd49	conditionExpressionLinkHash=	conditionText=	exceptTargetName=	hasElseClause=false	isModuleLevel=false	isTypeCheckingGuard=false	serviceVersionLinkHash=SERVICE_VERSION_00000000000000000000000000000000	pyBlockUniqueHash=PY_BLOCK_a252cc2fff0e7626bcd7803905c0046d
kind=CASE	order=12	startLine=50	endLine=50	startColumn=12	endColumn=32	nestingDepth=3	pyTypeLinkHash=	methodOwnerHash=PY_METHOD_e593d898ef9de8564a70657bebe50172	parentContainerHash=PY_BLOCK_5fe005c27a946f74522076c1a3d8b531	tryStatementHash=	resourceCount=	caughtExceptionTypes=	ownerTypeName=	ownerQualifiedName=match_nested_patterns_and_guards	ownerMethodName=handle	pyScopeLinkHash=PY_SCOPE_f0946aa6eb41246aea5d160595182496	pyModuleLinkHash=PY_MODULE_fcb43aba22913355ac115ae9c4556240	conditionExpressionLinkHash=	conditionText=	exceptTargetName=	hasElseClause=false	isModuleLevel=false	isTypeCheckingGuard=false	serviceVersionLinkHash=SERVICE_VERSION_00000000000000000000000000000000	pyBlockUniqueHash=PY_BLOCK_db14455566496c305ad0dc92df3c33fd
kind=CASE	order=13	startLine=43	endLine=43	startColumn=12	endColumn=29	nestingDepth=3	pyTypeLinkHash=	methodOwnerHash=PY_METHOD_f1cabc90b966fb3a98cd89e50251d1d1	parentContainerHash=PY_BLOCK_683f231196120ee406169f852c2d5b76	tryStatementHash=	resourceCount=	caughtExceptionTypes=	ownerTypeName=	ownerQualifiedName=match_class_and_sequence_patterns	ownerMethodName=describe	pyScopeLinkHash=PY_SCOPE_6bda6e1434a5cb0909c09a57165f2051	pyModuleLinkHash=PY_MODULE_e8c22c801b9d7d33638ace57665fdd49	conditionExpressionLinkHash=	conditionText=	exceptTargetName=	hasElseClause=false	isModuleLevel=false	isTypeCheckingGuard=false	serviceVersionLinkHash=SERVICE_VERSION_00000000000000000000000000000000	pyBlockUniqueHash=PY_BLOCK_e4f0325c46459c55897835f34d484210
kind=CASE	order=13	startLine=52	endLine=52	startColumn=12	endColumn=28	nestingDepth=3	pyTypeLinkHash=	methodOwnerHash=PY_METHOD_e593d898ef9de8564a70657bebe50172	parentContainerHash=PY_BLOCK_5fe005c27a946f74522076c1a3d8b531	tryStatementHash=	resourceCount=	caughtExceptionTypes=	ownerTypeName=	ownerQualifiedName=match_nested_patterns_and_guards	ownerMethodName=handle	pyScopeLinkHash=PY_SCOPE_f0946aa6eb41246aea5d160595182496	pyModuleLinkHash=PY_MODULE_fcb43aba22913355ac115ae9c4556240	conditionExpressionLinkHash=	conditionText=	exceptTargetName=	hasElseClause=false	isModuleLevel=false	isTypeCheckingGuard=false	serviceVersionLinkHash=SERVICE_VERSION_00000000000000000000000000000000	pyBlockUniqueHash=PY_BLOCK_d536525917e092a181f0f5b7f015f617
kind=CASE	order=14	startLine=46	endLine=46	startColumn=12	endColumn=47	nestingDepth=3	pyTypeLinkHash=	methodOwnerHash=PY_METHOD_f1cabc90b966fb3a98cd89e50251d1d1	parentContainerHash=PY_BLOCK_683f231196120ee406169f852c2d5b76	tryStatementHash=	resourceCount=	caughtExceptionTypes=	ownerTypeName=	ownerQualifiedName=match_class_and_sequence_patterns	ownerMethodName=describe	pyScopeLinkHash=PY_SCOPE_6bda6e1434a5cb0909c09a57165f2051	pyModuleLinkHash=PY_MODULE_e8c22c801b9d7d33638ace57665fdd49	conditionExpressionLinkHash=	conditionText=	exceptTargetName=	hasElseClause=false	isModuleLevel=false	isTypeCheckingGuard=false	serviceVersionLinkHash=SERVICE_VERSION_00000000000000000000000000000000	pyBlockUniqueHash=PY_BLOCK_b07da8359f1c499fe4456a6b310c5348
kind=CASE	order=14	startLine=54	endLine=54	startColumn=12	endColumn=30	nestingDepth=3	pyTypeLinkHash=	methodOwnerHash=PY_METHOD_e593d898ef9de8564a70657bebe50172	parentContainerHash=PY_BLOCK_5fe005c27a946f74522076c1a3d8b531	tryStatementHash=	resourceCount=	caughtExceptionTypes=	ownerTypeName=	ownerQualifiedName=match_nested_patterns_and_guards	ownerMethodName=handle	pyScopeLinkHash=PY_SCOPE_f0946aa6eb41246aea5d160595182496	pyModuleLinkHash=PY_MODULE_fcb43aba22913355ac115ae9c4556240	conditionExpressionLinkHash=	conditionText=	exceptTargetName=	hasElseClause=false	isModuleLevel=false	isTypeCheckingGuard=false	serviceVersionLinkHash=SERVICE_VERSION_00000000000000000000000000000000	pyBlockUniqueHash=PY_BLOCK_bb1f73c739856b85900d78e68a9cd70d
kind=CASE	order=15	startLine=49	endLine=49	startColumn=12	endColumn=26	nestingDepth=3	pyTypeLinkHash=	methodOwnerHash=PY_METHOD_f1cabc90b966fb3a98cd89e50251d1d1	parentContainerHash=PY_BLOCK_683f231196120ee406169f852c2d5b76	tryStatementHash=	resourceCount=	caughtExceptionTypes=	ownerTypeName=	ownerQualifiedName=match_class_and_sequence_patterns	ownerMethodName=describe	pyScopeLinkHash=PY_SCOPE_6bda6e1434a5cb0909c09a57165f2051	pyModuleLinkHash=PY_MODULE_e8c22c801b9d7d33638ace57665fdd49	conditionExpressionLinkHash=	conditionText=	exceptTargetName=	hasElseClause=false	isModuleLevel=false	isTypeCheckingGuard=false	serviceVersionLinkHash=SERVICE_VERSION_00000000000000000000000000000000	pyBlockUniqueHash=PY_BLOCK_84c4d29f50e6d71c192e060724934394
kind=CASE	order=16	startLine=52	endLine=52	startColumn=12	endColumn=28	nestingDepth=3	pyTypeLinkHash=	methodOwnerHash=PY_METHOD_f1cabc90b966fb3a98cd89e50251d1d1	parentContainerHash=PY_BLOCK_683f231196120ee406169f852c2d5b76	tryStatementHash=	resourceCount=	caughtExceptionTypes=	ownerTypeName=	ownerQualifiedName=match_class_and_sequence_patterns	ownerMethodName=describe	pyScopeLinkHash=PY_SCOPE_6bda6e1434a5cb0909c09a57165f2051	pyModuleLinkHash=PY_MODULE_e8c22c801b9d7d33638ace57665fdd49	conditionExpressionLinkHash=	conditionText=	exceptTargetName=	hasElseClause=false	isModuleLevel=false	isTypeCheckingGuard=false	serviceVersionLinkHash=SERVICE_VERSION_00000000000000000000000000000000	pyBlockUniqueHash=PY_BLOCK_007616041e0174eaaf0bcae1082d335b
kind=CASE	order=17	startLine=55	endLine=55	startColumn=12	endColumn=37	nestingDepth=3	pyTypeLinkHash=	methodOwnerHash=PY_METHOD_f1cabc90b966fb3a98cd89e50251d1d1	parentContainerHash=PY_BLOCK_683f231196120ee406169f852c2d5b76	tryStatementHash=	resourceCount=	caughtExceptionTypes=	ownerTypeName=	ownerQualifiedName=match_class_and_sequence_patterns	ownerMethodName=describe	pyScopeLinkHash=PY_SCOPE_6bda6e1434a5cb0909c09a57165f2051	pyModuleLinkHash=PY_MODULE_e8c22c801b9d7d33638ace57665fdd49	conditionExpressionLinkHash=	conditionText=	exceptTargetName=	hasElseClause=false	isModuleLevel=false	isTypeCheckingGuard=false	serviceVersionLinkHash=SERVICE_VERSION_00000000000000000000000000000000	pyBlockUniqueHash=PY_BLOCK_5f7ddd6b1bc0523d3dffdfecefbc8250
kind=CASE	order=17	startLine=60	endLine=60	startColumn=12	endColumn=27	nestingDepth=3	pyTypeLinkHash=	methodOwnerHash=PY_METHOD_ce1d946238cd87a9eab119c2beafc3af	parentContainerHash=PY_BLOCK_10d2d9f6a23c229fa8c3ef94c08d2a04	tryStatementHash=	resourceCount=	caughtExceptionTypes=	ownerTypeName=	ownerQualifiedName=match_nested_patterns_and_guards	ownerMethodName=classify_point3	pyScopeLinkHash=PY_SCOPE_39265ae4ef54abf936bc1449b2b45e70	pyModuleLinkHash=PY_MODULE_fcb43aba22913355ac115ae9c4556240	conditionExpressionLinkHash=	conditionText=	exceptTargetName=	hasElseClause=false	isModuleLevel=false	isTypeCheckingGuard=false	serviceVersionLinkHash=SERVICE_VERSION_00000000000000000000000000000000	pyBlockUniqueHash=PY_BLOCK_6bfef5ed6e14ed06484aed2ae0d0415d
kind=CASE	order=18	startLine=58	endLine=58	startColumn=12	endColumn=30	nestingDepth=3	pyTypeLinkHash=	methodOwnerHash=PY_METHOD_f1cabc90b966fb3a98cd89e50251d1d1	parentContainerHash=PY_BLOCK_683f231196120ee406169f852c2d5b76	tryStatementHash=	resourceCount=	caughtExceptionTypes=	ownerTypeName=	ownerQualifiedName=match_class_and_sequence_patterns	ownerMethodName=describe	pyScopeLinkHash=PY_SCOPE_6bda6e1434a5cb0909c09a57165f2051	pyModuleLinkHash=PY_MODULE_e8c22c801b9d7d33638ace57665fdd49	conditionExpressionLinkHash=	conditionText=	exceptTargetName=	hasElseClause=false	isModuleLevel=false	isTypeCheckingGuard=false	serviceVersionLinkHash=SERVICE_VERSION_00000000000000000000000000000000	pyBlockUniqueHash=PY_BLOCK_3b050b01039c6bf01affc79a60d6ae86
kind=CASE	order=18	startLine=62	endLine=62	startColumn=12	endColumn=32	nestingDepth=3	pyTypeLinkHash=	methodOwnerHash=PY_METHOD_ce1d946238cd87a9eab119c2beafc3af	parentContainerHash=PY_BLOCK_10d2d9f6a23c229fa8c3ef94c08d2a04	tryStatementHash=	resourceCount=	caughtExceptionTypes=	ownerTypeName=	ownerQualifiedName=match_nested_patterns_and_guards	ownerMethodName=classify_point3	pyScopeLinkHash=PY_SCOPE_39265ae4ef54abf936bc1449b2b45e70	pyModuleLinkHash=PY_MODULE_fcb43aba22913355ac115ae9c4556240	conditionExpressionLinkHash=	conditionText=	exceptTargetName=	hasElseClause=false	isModuleLevel=false	isTypeCheckingGuard=false	serviceVersionLinkHash=SERVICE_VERSION_00000000000000000000000000000000	pyBlockUniqueHash=PY_BLOCK_2b513b8ef56cca0cee2e953e692b9f72
kind=CASE	order=19	startLine=61	endLine=61	startColumn=12	endColumn=21	nestingDepth=3	pyTypeLinkHash=	methodOwnerHash=PY_METHOD_f1cabc90b966fb3a98cd89e50251d1d1	parentContainerHash=PY_BLOCK_683f231196120ee406169f852c2d5b76	tryStatementHash=	resourceCount=	caughtExceptionTypes=	ownerTypeName=	ownerQualifiedName=match_class_and_sequence_patterns	ownerMethodName=describe	pyScopeLinkHash=PY_SCOPE_6bda6e1434a5cb0909c09a57165f2051	pyModuleLinkHash=PY_MODULE_e8c22c801b9d7d33638ace57665fdd49	conditionExpressionLinkHash=	conditionText=	exceptTargetName=	hasElseClause=false	isModuleLevel=false	isTypeCheckingGuard=false	serviceVersionLinkHash=SERVICE_VERSION_00000000000000000000000000000000	pyBlockUniqueHash=PY_BLOCK_59b489826060eaefd1f63f2dc7c1933c
kind=CASE	order=19	startLine=65	endLine=65	startColumn=12	endColumn=29	nestingDepth=3	pyTypeLinkHash=	methodOwnerHash=PY_METHOD_ce1d946238cd87a9eab119c2beafc3af	parentContainerHash=PY_BLOCK_10d2d9f6a23c229fa8c3ef94c08d2a04	tryStatementHash=	resourceCount=	caughtExceptionTypes=	ownerTypeName=	ownerQualifiedName=match_nested_patterns_and_guards	ownerMethodName=classify_point3	pyScopeLinkHash=PY_SCOPE_39265ae4ef54abf936bc1449b2b45e70	pyModuleLinkHash=PY_MODULE_fcb43aba22913355ac115ae9c4556240	conditionExpressionLinkHash=	conditionText=	exceptTargetName=	hasElseClause=false	isModuleLevel=false	isTypeCheckingGuard=false	serviceVersionLinkHash=SERVICE_VERSION_00000000000000000000000000000000	pyBlockUniqueHash=PY_BLOCK_832d303d70386a815649f4500239365f
kind=CASE	order=20	startLine=63	endLine=63	startColumn=12	endColumn=28	nestingDepth=3	pyTypeLinkHash=	methodOwnerHash=PY_METHOD_f1cabc90b966fb3a98cd89e50251d1d1	parentContainerHash=PY_BLOCK_683f231196120ee406169f852c2d5b76	tryStatementHash=	resourceCount=	caughtExceptionTypes=	ownerTypeName=	ownerQualifiedName=match_class_and_sequence_patterns	ownerMethodName=describe	pyScopeLinkHash=PY_SCOPE_6bda6e1434a5cb0909c09a57165f2051	pyModuleLinkHash=PY_MODULE_e8c22c801b9d7d33638ace57665fdd49	conditionExpressionLinkHash=	conditionText=	exceptTargetName=	hasElseClause=false	isModuleLevel=false	isTypeCheckingGuard=false	serviceVersionLinkHash=SERVICE_VERSION_00000000000000000000000000000000	pyBlockUniqueHash=PY_BLOCK_b0948fc6a350e0cca4c60814a8128613
kind=CASE	order=20	startLine=67	endLine=67	startColumn=12	endColumn=23	nestingDepth=3	pyTypeLinkHash=	methodOwnerHash=PY_METHOD_ce1d946238cd87a9eab119c2beafc3af	parentContainerHash=PY_BLOCK_10d2d9f6a23c229fa8c3ef94c08d2a04	tryStatementHash=	resourceCount=	caughtExceptionTypes=	ownerTypeName=	ownerQualifiedName=match_nested_patterns_and_guards	ownerMethodName=classify_point3	pyScopeLinkHash=PY_SCOPE_39265ae4ef54abf936bc1449b2b45e70	pyModuleLinkHash=PY_MODULE_fcb43aba22913355ac115ae9c4556240	conditionExpressionLinkHash=	conditionText=	exceptTargetName=	hasElseClause=false	isModuleLevel=false	isTypeCheckingGuard=false	serviceVersionLinkHash=SERVICE_VERSION_00000000000000000000000000000000	pyBlockUniqueHash=PY_BLOCK_cd9224ca314f4187a1cacfd1550607d0
kind=CASE	order=23	startLine=69	endLine=69	startColumn=12	endColumn=30	nestingDepth=3	pyTypeLinkHash=	methodOwnerHash=PY_METHOD_4349c77fd509ffa0604ef313deaa232c	parentContainerHash=PY_BLOCK_24133991b9182902af8f577ee7c5fd00	tryStatementHash=	resourceCount=	caughtExceptionTypes=	ownerTypeName=	ownerQualifiedName=match_class_and_sequence_patterns	ownerMethodName=match_tuple_subject	pyScopeLinkHash=PY_SCOPE_2d724666a85d27de28e0fe6193c0f119	pyModuleLinkHash=PY_MODULE_e8c22c801b9d7d33638ace57665fdd49	conditionExpressionLinkHash=	conditionText=	exceptTargetName=	hasElseClause=false	isModuleLevel=false	isTypeCheckingGuard=false	serviceVersionLinkHash=SERVICE_VERSION_00000000000000000000000000000000	pyBlockUniqueHash=PY_BLOCK_9b22273682f3a8cc15e48e70ffed5e9b
kind=CASE	order=24	startLine=72	endLine=72	startColumn=12	endColumn=20	nestingDepth=3	pyTypeLinkHash=	methodOwnerHash=PY_METHOD_4349c77fd509ffa0604ef313deaa232c	parentContainerHash=PY_BLOCK_24133991b9182902af8f577ee7c5fd00	tryStatementHash=	resourceCount=	caughtExceptionTypes=	ownerTypeName=	ownerQualifiedName=match_class_and_sequence_patterns	ownerMethodName=match_tuple_subject	pyScopeLinkHash=PY_SCOPE_2d724666a85d27de28e0fe6193c0f119	pyModuleLinkHash=PY_MODULE_e8c22c801b9d7d33638ace57665fdd49	conditionExpressionLinkHash=	conditionText=	exceptTargetName=	hasElseClause=false	isModuleLevel=false	isTypeCheckingGuard=false	serviceVersionLinkHash=SERVICE_VERSION_00000000000000000000000000000000	pyBlockUniqueHash=PY_BLOCK_4d2d5631cfc1bf42e0389ba22907b343
kind=CASE	order=25	startLine=74	endLine=74	startColumn=12	endColumn=24	nestingDepth=3	pyTypeLinkHash=	methodOwnerHash=PY_METHOD_4349c77fd509ffa0604ef313deaa232c	parentContainerHash=PY_BLOCK_24133991b9182902af8f577ee7c5fd00	tryStatementHash=	resourceCount=	caughtExceptionTypes=	ownerTypeName=	ownerQualifiedName=match_class_and_sequence_patterns	ownerMethodName=match_tuple_subject	pyScopeLinkHash=PY_SCOPE_2d724666a85d27de28e0fe6193c0f119	pyModuleLinkHash=PY_MODULE_e8c22c801b9d7d33638ace57665fdd49	conditionExpressionLinkHash=	conditionText=	exceptTargetName=	hasElseClause=false	isModuleLevel=false	isTypeCheckingGuard=false	serviceVersionLinkHash=SERVICE_VERSION_00000000000000000000000000000000	pyBlockUniqueHash=PY_BLOCK_3836672b28f27832426622730faf9ab1
kind=CASE	order=28	startLine=82	endLine=82	startColumn=12	endColumn=32	nestingDepth=3	pyTypeLinkHash=	methodOwnerHash=PY_METHOD_99c5845ea52a76a6c6dd129c1918a4e8	parentContainerHash=PY_BLOCK_6db6b27bc9a81bcb223a557b880c29e1	tryStatementHash=	resourceCount=	caughtExceptionTypes=	ownerTypeName=	ownerQualifiedName=match_class_and_sequence_patterns	ownerMethodName=match_with_walrus_guard	pyScopeLinkHash=PY_SCOPE_c782a1b59eac3802011d5894654f2496	pyModuleLinkHash=PY_MODULE_e8c22c801b9d7d33638ace57665fdd49	conditionExpressionLinkHash=	conditionText=	exceptTargetName=	hasElseClause=false	isModuleLevel=false	isTypeCheckingGuard=false	serviceVersionLinkHash=SERVICE_VERSION_00000000000000000000000000000000	pyBlockUniqueHash=PY_BLOCK_780a4043c211ea0bb1da48b2cda3f4f8
kind=CASE	order=29	startLine=84	endLine=84	startColumn=12	endColumn=23	nestingDepth=3	pyTypeLinkHash=	methodOwnerHash=PY_METHOD_99c5845ea52a76a6c6dd129c1918a4e8	parentContainerHash=PY_BLOCK_6db6b27bc9a81bcb223a557b880c29e1	tryStatementHash=	resourceCount=	caughtExceptionTypes=	ownerTypeName=	ownerQualifiedName=match_class_and_sequence_patterns	ownerMethodName=match_with_walrus_guard	pyScopeLinkHash=PY_SCOPE_c782a1b59eac3802011d5894654f2496	pyModuleLinkHash=PY_MODULE_e8c22c801b9d7d33638ace57665fdd49	conditionExpressionLinkHash=	conditionText=	exceptTargetName=	hasElseClause=false	isModuleLevel=false	isTypeCheckingGuard=false	serviceVersionLinkHash=SERVICE_VERSION_00000000000000000000000000000000	pyBlockUniqueHash=PY_BLOCK_c95f89be254d6f359fcef45b6d0fd063
kind=CASE	order=5	startLine=18	endLine=18	startColumn=12	endColumn=27	nestingDepth=3	pyTypeLinkHash=	methodOwnerHash=PY_METHOD_f1cabc90b966fb3a98cd89e50251d1d1	parentContainerHash=PY_BLOCK_683f231196120ee406169f852c2d5b76	tryStatementHash=	resourceCount=	caughtExceptionTypes=	ownerTypeName=	ownerQualifiedName=match_class_and_sequence_patterns	ownerMethodName=describe	pyScopeLinkHash=PY_SCOPE_6bda6e1434a5cb0909c09a57165f2051	pyModuleLinkHash=PY_MODULE_e8c22c801b9d7d33638ace57665fdd49	conditionExpressionLinkHash=	conditionText=	exceptTargetName=	hasElseClause=false	isModuleLevel=false	isTypeCheckingGuard=false	serviceVersionLinkHash=SERVICE_VERSION_00000000000000000000000000000000	pyBlockUniqueHash=PY_BLOCK_9f9eb97031d58fece515f1dd8e29fba6
kind=CASE	order=5	startLine=27	endLine=27	startColumn=12	endColumn=40	nestingDepth=3	pyTypeLinkHash=	methodOwnerHash=PY_METHOD_e593d898ef9de8564a70657bebe50172	parentContainerHash=PY_BLOCK_5fe005c27a946f74522076c1a3d8b531	tryStatementHash=	resourceCount=	caughtExceptionTypes=	ownerTypeName=	ownerQualifiedName=match_nested_patterns_and_guards	ownerMethodName=handle	pyScopeLinkHash=PY_SCOPE_f0946aa6eb41246aea5d160595182496	pyModuleLinkHash=PY_MODULE_fcb43aba22913355ac115ae9c4556240	conditionExpressionLinkHash=	conditionText=	exceptTargetName=	hasElseClause=false	isModuleLevel=false	isTypeCheckingGuard=false	serviceVersionLinkHash=SERVICE_VERSION_00000000000000000000000000000000	pyBlockUniqueHash=PY_BLOCK_a00ab33b112365ce4ae55181aa4d9741
kind=CASE	order=6	startLine=21	endLine=21	startColumn=12	endColumn=35	nestingDepth=3	pyTypeLinkHash=	methodOwnerHash=PY_METHOD_f1cabc90b966fb3a98cd89e50251d1d1	parentContainerHash=PY_BLOCK_683f231196120ee406169f852c2d5b76	tryStatementHash=	resourceCount=	caughtExceptionTypes=	ownerTypeName=	ownerQualifiedName=match_class_and_sequence_patterns	ownerMethodName=describe	pyScopeLinkHash=PY_SCOPE_6bda6e1434a5cb0909c09a57165f2051	pyModuleLinkHash=PY_MODULE_e8c22c801b9d7d33638ace57665fdd49	conditionExpressionLinkHash=	conditionText=	exceptTargetName=	hasElseClause=false	isModuleLevel=false	isTypeCheckingGuard=false	serviceVersionLinkHash=SERVICE_VERSION_00000000000000000000000000000000	pyBlockUniqueHash=PY_BLOCK_7d9bab12b7a3635a9b58635165c5510a
kind=CASE	order=6	startLine=30	endLine=30	startColumn=12	endColumn=38	nestingDepth=3	pyTypeLinkHash=	methodOwnerHash=PY_METHOD_e593d898ef9de8564a70657bebe50172	parentContainerHash=PY_BLOCK_5fe005c27a946f74522076c1a3d8b531	tryStatementHash=	resourceCount=	caughtExceptionTypes=	ownerTypeName=	ownerQualifiedName=match_nested_patterns_and_guards	ownerMethodName=handle	pyScopeLinkHash=PY_SCOPE_f0946aa6eb41246aea5d160595182496	pyModuleLinkHash=PY_MODULE_fcb43aba22913355ac115ae9c4556240	conditionExpressionLinkHash=	conditionText=	exceptTargetName=	hasElseClause=false	isModuleLevel=false	isTypeCheckingGuard=false	serviceVersionLinkHash=SERVICE_VERSION_00000000000000000000000000000000	pyBlockUniqueHash=PY_BLOCK_03ed33532e4685f597c5523127223af0
kind=CASE	order=7	startLine=24	endLine=24	startColumn=12	endColumn=43	nestingDepth=3	pyTypeLinkHash=	methodOwnerHash=PY_METHOD_f1cabc90b966fb3a98cd89e50251d1d1	parentContainerHash=PY_BLOCK_683f231196120ee406169f852c2d5b76	tryStatementHash=	resourceCount=	caughtExceptionTypes=	ownerTypeName=	ownerQualifiedName=match_class_and_sequence_patterns	ownerMethodName=describe	pyScopeLinkHash=PY_SCOPE_6bda6e1434a5cb0909c09a57165f2051	pyModuleLinkHash=PY_MODULE_e8c22c801b9d7d33638ace57665fdd49	conditionExpressionLinkHash=	conditionText=	exceptTargetName=	hasElseClause=false	isModuleLevel=false	isTypeCheckingGuard=false	serviceVersionLinkHash=SERVICE_VERSION_00000000000000000000000000000000	pyBlockUniqueHash=PY_BLOCK_e5f4b3d02b9b4b419d57533b32471322
kind=CASE	order=7	startLine=34	endLine=34	startColumn=12	endColumn=46	nestingDepth=3	pyTypeLinkHash=	methodOwnerHash=PY_METHOD_e593d898ef9de8564a70657bebe50172	parentContainerHash=PY_BLOCK_5fe005c27a946f74522076c1a3d8b531	tryStatementHash=	resourceCount=	caughtExceptionTypes=	ownerTypeName=	ownerQualifiedName=match_nested_patterns_and_guards	ownerMethodName=handle	pyScopeLinkHash=PY_SCOPE_f0946aa6eb41246aea5d160595182496	pyModuleLinkHash=PY_MODULE_fcb43aba22913355ac115ae9c4556240	conditionExpressionLinkHash=	conditionText=	exceptTargetName=	hasElseClause=false	isModuleLevel=false	isTypeCheckingGuard=false	serviceVersionLinkHash=SERVICE_VERSION_00000000000000000000000000000000	pyBlockUniqueHash=PY_BLOCK_c8b8282ea3b3033da249252daa52ee1c
kind=CASE	order=8	startLine=27	endLine=27	startColumn=12	endColumn=29	nestingDepth=3	pyTypeLinkHash=	methodOwnerHash=PY_METHOD_f1cabc90b966fb3a98cd89e50251d1d1	parentContainerHash=PY_BLOCK_683f231196120ee406169f852c2d5b76	tryStatementHash=	resourceCount=	caughtExceptionTypes=	ownerTypeName=	ownerQualifiedName=match_class_and_sequence_patterns	ownerMethodName=describe	pyScopeLinkHash=PY_SCOPE_6bda6e1434a5cb0909c09a57165f2051	pyModuleLinkHash=PY_MODULE_e8c22c801b9d7d33638ace57665fdd49	conditionExpressionLinkHash=	conditionText=	exceptTargetName=	hasElseClause=false	isModuleLevel=false	isTypeCheckingGuard=false	serviceVersionLinkHash=SERVICE_VERSION_00000000000000000000000000000000	pyBlockUniqueHash=PY_BLOCK_3b892b396f1b12d5917f218054ad254b
kind=CASE	order=8	startLine=37	endLine=37	startColumn=12	endColumn=36	nestingDepth=3	pyTypeLinkHash=	methodOwnerHash=PY_METHOD_e593d898ef9de8564a70657bebe50172	parentContainerHash=PY_BLOCK_5fe005c27a946f74522076c1a3d8b531	tryStatementHash=	resourceCount=	caughtExceptionTypes=	ownerTypeName=	ownerQualifiedName=match_nested_patterns_and_guards	ownerMethodName=handle	pyScopeLinkHash=PY_SCOPE_f0946aa6eb41246aea5d160595182496	pyModuleLinkHash=PY_MODULE_fcb43aba22913355ac115ae9c4556240	conditionExpressionLinkHash=	conditionText=	exceptTargetName=	hasElseClause=false	isModuleLevel=false	isTypeCheckingGuard=false	serviceVersionLinkHash=SERVICE_VERSION_00000000000000000000000000000000	pyBlockUniqueHash=PY_BLOCK_17b999effd2ff558b75ca595de07e99d
kind=CASE	order=9	startLine=30	endLine=30	startColumn=12	endColumn=44	nestingDepth=3	pyTypeLinkHash=	methodOwnerHash=PY_METHOD_f1cabc90b966fb3a98cd89e50251d1d1	parentContainerHash=PY_BLOCK_683f231196120ee406169f852c2d5b76	tryStatementHash=	resourceCount=	caughtExceptionTypes=	ownerTypeName=	ownerQualifiedName=match_class_and_sequence_patterns	ownerMethodName=describe	pyScopeLinkHash=PY_SCOPE_6bda6e1434a5cb0909c09a57165f2051	pyModuleLinkHash=PY_MODULE_e8c22c801b9d7d33638ace57665fdd49	conditionExpressionLinkHash=	conditionText=	exceptTargetName=	hasElseClause=false	isModuleLevel=false	isTypeCheckingGuard=false	serviceVersionLinkHash=SERVICE_VERSION_00000000000000000000000000000000	pyBlockUniqueHash=PY_BLOCK_6754d71a96fe9d3cb90f4b474e10e576
kind=CASE	order=9	startLine=41	endLine=41	startColumn=12	endColumn=43	nestingDepth=3	pyTypeLinkHash=	methodOwnerHash=PY_METHOD_e593d898ef9de8564a70657bebe50172	parentContainerHash=PY_BLOCK_5fe005c27a946f74522076c1a3d8b531	tryStatementHash=	resourceCount=	caughtExceptionTypes=	ownerTypeName=	ownerQualifiedName=match_nested_patterns_and_guards	ownerMethodName=handle	pyScopeLinkHash=PY_SCOPE_f0946aa6eb41246aea5d160595182496	pyModuleLinkHash=PY_MODULE_fcb43aba22913355ac115ae9c4556240	conditionExpressionLinkHash=	conditionText=	exceptTargetName=	hasElseClause=false	isModuleLevel=false	isTypeCheckingGuard=false	serviceVersionLinkHash=SERVICE_VERSION_00000000000000000000000000000000	pyBlockUniqueHash=PY_BLOCK_1ae0f6433954757b5e1045dbed69c830
kind=CLASS_BODY	order=1	startLine=11	endLine=12	startColumn=4	endColumn=17	nestingDepth=1	pyTypeLinkHash=PY_TYPE_2ce58f5e8c9675c1e0fd5c50ffba85b9	methodOwnerHash=PY_METHOD_49fa67007e4e879794682859d6866795	parentContainerHash=PY_BLOCK_727a692f0aeef37a2edf4a42609ae19b	tryStatementHash=	resourceCount=	caughtExceptionTypes=	ownerTypeName=Event	ownerQualifiedName=match_nested_patterns_and_guards.Event	ownerMethodName=<classbody>	pyScopeLinkHash=PY_SCOPE_6befd2419f4b4dc5a632146657e19934	pyModuleLinkHash=PY_MODULE_fcb43aba22913355ac115ae9c4556240	conditionExpressionLinkHash=	conditionText=	exceptTargetName=	hasElseClause=false	isModuleLevel=false	isTypeCheckingGuard=false	serviceVersionLinkHash=SERVICE_VERSION_00000000000000000000000000000000	pyBlockUniqueHash=PY_BLOCK_6054d67bcad7f53e7907ca8fc0a203c0
kind=CLASS_BODY	order=1	startLine=24	endLine=53	startColumn=4	endColumn=81	nestingDepth=1	pyTypeLinkHash=PY_TYPE_fd26c3cd94bd9663ee01dd2cfe94159d	methodOwnerHash=PY_METHOD_df3b8ef92aba6094783369578b5c41be	parentContainerHash=PY_BLOCK_2dc7728bed2af526be6f42e4c3cc031e	tryStatementHash=	resourceCount=	caughtExceptionTypes=	ownerTypeName=Outer	ownerQualifiedName=name_mangling_edge_cases.Outer	ownerMethodName=<classbody>	pyScopeLinkHash=PY_SCOPE_1f5611f6bc0f2a70108e63a8156e8dc9	pyModuleLinkHash=PY_MODULE_75dd800d24b53dd3ca1d826ca1525876	conditionExpressionLinkHash=	conditionText=	exceptTargetName=	hasElseClause=false	isModuleLevel=false	isTypeCheckingGuard=false	serviceVersionLinkHash=SERVICE_VERSION_00000000000000000000000000000000	pyBlockUniqueHash=PY_BLOCK_4bc68edd9a441fd957e74eb85933db84
kind=CLASS_BODY	order=1	startLine=5	endLine=17	startColumn=4	endColumn=33	nestingDepth=1	pyTypeLinkHash=PY_TYPE_114cb72d42012abcb4ffcbce3bc6a345	methodOwnerHash=PY_METHOD_dc325994560ee13b3e5674ef87f1e04b	parentContainerHash=PY_BLOCK_295870efd1471adf8bf0748f614f0cc1	tryStatementHash=	resourceCount=	caughtExceptionTypes=	ownerTypeName=Node	ownerQualifiedName=core.base.Node	ownerMethodName=<classbody>	pyScopeLinkHash=PY_SCOPE_5640d4d8ce7d21516c1b418eaf0ee86c	pyModuleLinkHash=PY_MODULE_0af7a9df251376bafe876afe4a32f46e	conditionExpressionLinkHash=	conditionText=	exceptTargetName=	hasElseClause=false	isModuleLevel=false	isTypeCheckingGuard=false	serviceVersionLinkHash=SERVICE_VERSION_00000000000000000000000000000000	pyBlockUniqueHash=PY_BLOCK_e1fdd8b99fad5e2bd31397340ccfb63e
kind=CLASS_BODY	order=1	startLine=6	endLine=13	startColumn=4	endColumn=66	nestingDepth=1	pyTypeLinkHash=PY_TYPE_87b5de4c1461e6b37e42d0b104fd407c	methodOwnerHash=PY_METHOD_7179d2de9d227a8382ef5c92ecdccb12	parentContainerHash=PY_BLOCK_6935a78709d69f314893315231b22d27	tryStatementHash=	resourceCount=	caughtExceptionTypes=	ownerTypeName=Tagged	ownerQualifiedName=services.inheritance.Tagged	ownerMethodName=<classbody>	pyScopeLinkHash=PY_SCOPE_0208583a82f3ed45ecc4771129f45018	pyModuleLinkHash=PY_MODULE_0a821397f31f9644e27278ab1de4362b	conditionExpressionLinkHash=	conditionText=	exceptTargetName=	hasElseClause=false	isModuleLevel=false	isTypeCheckingGuard=false	serviceVersionLinkHash=SERVICE_VERSION_00000000000000000000000000000000	pyBlockUniqueHash=PY_BLOCK_a1287e382518a4d73815b2a6d5b505f0
kind=CLASS_BODY	order=1	startLine=6	endLine=23	startColumn=4	endColumn=32	nestingDepth=1	pyTypeLinkHash=PY_TYPE_bf6354f36ebb9ff7d338d07707f4d6c9	methodOwnerHash=PY_METHOD_bf54d5a087fa91377bd850b01c53613b	parentContainerHash=PY_BLOCK_82ab615f2f0993f410942ba56937a0a5	tryStatementHash=	resourceCount=	caughtExceptionTypes=	ownerTypeName=Builder	ownerQualifiedName=core.factory.Builder	ownerMethodName=<classbody>	pyScopeLinkHash=PY_SCOPE_2b6216f8d5e2094a8485583090d9d8ff	pyModuleLinkHash=PY_MODULE_7908beb43f8c739558eabfcf93ebca84	conditionExpressionLinkHash=	conditionText=	exceptTargetName=	hasElseClause=false	isModuleLevel=false	isTypeCheckingGuard=false	serviceVersionLinkHash=SERVICE_VERSION_00000000000000000000000000000000	pyBlockUniqueHash=PY_BLOCK_f1ccb07f4da6c1e4ea31d8c85f54c674
kind=CLASS_BODY	order=1	startLine=9	endLine=11	startColumn=4	endColumn=18	nestingDepth=1	pyTypeLinkHash=PY_TYPE_6f4e90e4697b76a388566c9bd84e0d4d	methodOwnerHash=PY_METHOD_2b68a7d332bf94c0f5a3d65c41b2f66a	parentContainerHash=PY_BLOCK_0a61685fc5c0679c3f3d51d81b817170	tryStatementHash=	resourceCount=	caughtExceptionTypes=	ownerTypeName=Point	ownerQualifiedName=match_class_and_sequence_patterns.Point	ownerMethodName=<classbody>	pyScopeLinkHash=PY_SCOPE_ceae26f1a1a6fdd6fb457be16a523c88	pyModuleLinkHash=PY_MODULE_e8c22c801b9d7d33638ace57665fdd49	conditionExpressionLinkHash=	conditionText=	exceptTargetName=	hasElseClause=false	isModuleLevel=false	isTypeCheckingGuard=false	serviceVersionLinkHash=SERVICE_VERSION_00000000000000000000000000000000	pyBlockUniqueHash=PY_BLOCK_b6049a5081f394fddd13e47dc6ee8fcd
kind=CLASS_BODY	order=10	startLine=70	endLine=73	startColumn=8	endColumn=24	nestingDepth=2	pyTypeLinkHash=PY_TYPE_7277f9addb7736299c6b401ea59f1a08	methodOwnerHash=PY_METHOD_af3e5cc844e5cbb898c2d8e0426b20a4	parentContainerHash=PY_BLOCK_0660c87592b9ee5cc787445ff325cfe6	tryStatementHash=	resourceCount=	caughtExceptionTypes=	ownerTypeName=Counter	ownerQualifiedName=scoping_edge_cases.outer_with_nested_class.<locals>.Counter	ownerMethodName=<classbody>	pyScopeLinkHash=PY_SCOPE_7d844229e5d5989478ffff3e7465b7f2	pyModuleLinkHash=PY_MODULE_7c5670e72548f0c21d5e8710e5a91903	conditionExpressionLinkHash=	conditionText=	exceptTargetName=	hasElseClause=false	isModuleLevel=false	isTypeCheckingGuard=false	serviceVersionLinkHash=SERVICE_VERSION_00000000000000000000000000000000	pyBlockUniqueHash=PY_BLOCK_49ca1c86695c97e96f250b4727d8f889
kind=CLASS_BODY	order=2	startLine=17	endLine=18	startColumn=4	endColumn=15	nestingDepth=1	pyTypeLinkHash=PY_TYPE_0d090a4533bb97a6729a4b05d91e8042	methodOwnerHash=PY_METHOD_acc1119135cb0d0032ce0c653d4e2fd6	parentContainerHash=PY_BLOCK_727a692f0aeef37a2edf4a42609ae19b	tryStatementHash=	resourceCount=	caughtExceptionTypes=	ownerTypeName=Command	ownerQualifiedName=match_nested_patterns_and_guards.Command	ownerMethodName=<classbody>	pyScopeLinkHash=PY_SCOPE_a39fac0f02d09bd29aeb1df9eec23605	pyModuleLinkHash=PY_MODULE_fcb43aba22913355ac115ae9c4556240	conditionExpressionLinkHash=	conditionText=	exceptTargetName=	hasElseClause=false	isModuleLevel=false	isTypeCheckingGuard=false	serviceVersionLinkHash=SERVICE_VERSION_00000000000000000000000000000000	pyBlockUniqueHash=PY_BLOCK_d3041bddd9eeeee421897177d4c6abf8
kind=CLASS_BODY	order=2	startLine=21	endLine=37	startColumn=4	endColumn=50	nestingDepth=1	pyTypeLinkHash=PY_TYPE_b4aa287abde8dbb60cac1736e458094f	methodOwnerHash=PY_METHOD_0111e5ac08669932693b6fc18ff50845	parentContainerHash=PY_BLOCK_0709a2c6b885213f2f681281ec6a2531	tryStatementHash=	resourceCount=	caughtExceptionTypes=	ownerTypeName=ClassScopeIsInvisibleToComprehensions	ownerQualifiedName=scoping_edge_cases.ClassScopeIsInvisibleToComprehensions	ownerMethodName=<classbody>	pyScopeLinkHash=PY_SCOPE_8fee8e657598bb02a681c0cde98185d7	pyModuleLinkHash=PY_MODULE_7c5670e72548f0c21d5e8710e5a91903	conditionExpressionLinkHash=	conditionText=	exceptTargetName=	hasElseClause=false	isModuleLevel=false	isTypeCheckingGuard=false	serviceVersionLinkHash=SERVICE_VERSION_00000000000000000000000000000000	pyBlockUniqueHash=PY_BLOCK_0c6961b48b429d01c4a9fccba17b6809
kind=CLASS_BODY	order=2	startLine=27	endLine=32	startColumn=8	endColumn=55	nestingDepth=2	pyTypeLinkHash=PY_TYPE_e0b00a82da98016f61db58a6de64ca3a	methodOwnerHash=PY_METHOD_043f415f7d8d475fb715a5169a45194e	parentContainerHash=PY_BLOCK_4bc68edd9a441fd957e74eb85933db84	tryStatementHash=	resourceCount=	caughtExceptionTypes=	ownerTypeName=Inner	ownerQualifiedName=name_mangling_edge_cases.Outer.Inner	ownerMethodName=<classbody>	pyScopeLinkHash=PY_SCOPE_3bdaae217944a7f8edc08994b388fb91	pyModuleLinkHash=PY_MODULE_75dd800d24b53dd3ca1d826ca1525876	conditionExpressionLinkHash=	conditionText=	exceptTargetName=	hasElseClause=false	isModuleLevel=false	isTypeCheckingGuard=false	serviceVersionLinkHash=SERVICE_VERSION_00000000000000000000000000000000	pyBlockUniqueHash=PY_BLOCK_ccb3dc35280daebb6941ec2aa8940953
kind=CLASS_BODY	order=3	startLine=41	endLine=55	startColumn=4	endColumn=25	nestingDepth=1	pyTypeLinkHash=PY_TYPE_cb9da9964bc3c43761a4e1269506effe	methodOwnerHash=PY_METHOD_e91d423ebc4a5c67fd8181c0967fca3d	parentContainerHash=PY_BLOCK_0709a2c6b885213f2f681281ec6a2531	tryStatementHash=	resourceCount=	caughtExceptionTypes=	ownerTypeName=ClassScopeIsInvisibleToMethods	ownerQualifiedName=scoping_edge_cases.ClassScopeIsInvisibleToMethods	ownerMethodName=<classbody>	pyScopeLinkHash=PY_SCOPE_94ce60653e15775777c7c5494482ae1c	pyModuleLinkHash=PY_MODULE_7c5670e72548f0c21d5e8710e5a91903	conditionExpressionLinkHash=	conditionText=	exceptTargetName=	hasElseClause=false	isModuleLevel=false	isTypeCheckingGuard=false	serviceVersionLinkHash=SERVICE_VERSION_00000000000000000000000000000000	pyBlockUniqueHash=PY_BLOCK_d752016908e49ff1678ca6cffa6da380
kind=CLASS_BODY	order=5	startLine=17	endLine=18	startColumn=4	endColumn=71	nestingDepth=1	pyTypeLinkHash=PY_TYPE_834321b821663a60dfa7d7e9704dc276	methodOwnerHash=PY_METHOD_5e82f5efb80d09d2841ec711149e3c33	parentContainerHash=PY_BLOCK_6935a78709d69f314893315231b22d27	tryStatementHash=	resourceCount=	caughtExceptionTypes=	ownerTypeName=DeepLeaf	ownerQualifiedName=services.inheritance.DeepLeaf	ownerMethodName=<classbody>	pyScopeLinkHash=PY_SCOPE_cf4a3e5599078d61143525624a451043	pyModuleLinkHash=PY_MODULE_0a821397f31f9644e27278ab1de4362b	conditionExpressionLinkHash=	conditionText=	exceptTargetName=	hasElseClause=false	isModuleLevel=false	isTypeCheckingGuard=false	serviceVersionLinkHash=SERVICE_VERSION_00000000000000000000000000000000	pyBlockUniqueHash=PY_BLOCK_a1d9d38c5f350686bb17729fe04e7b88
kind=CLASS_BODY	order=6	startLine=21	endLine=23	startColumn=4	endColumn=30	nestingDepth=1	pyTypeLinkHash=PY_TYPE_50545579e02058f8c7ab2e28c6b40e6a	methodOwnerHash=PY_METHOD_d850f1514cd9229e64c0828e6ec3095b	parentContainerHash=PY_BLOCK_295870efd1471adf8bf0748f614f0cc1	tryStatementHash=	resourceCount=	caughtExceptionTypes=	ownerTypeName=Leaf	ownerQualifiedName=core.base.Leaf	ownerMethodName=<classbody>	pyScopeLinkHash=PY_SCOPE_0f390926f150c4928fbc89deca85592b	pyModuleLinkHash=PY_MODULE_0af7a9df251376bafe876afe4a32f46e	conditionExpressionLinkHash=	conditionText=	exceptTargetName=	hasElseClause=false	isModuleLevel=false	isTypeCheckingGuard=false	serviceVersionLinkHash=SERVICE_VERSION_00000000000000000000000000000000	pyBlockUniqueHash=PY_BLOCK_050a46cc8cba8378b037915eb28cbb2f
kind=CLASS_BODY	order=6	startLine=27	endLine=29	startColumn=4	endColumn=47	nestingDepth=1	pyTypeLinkHash=PY_TYPE_e05aff09427e5b3fb8b3b7c28b5be2d6	methodOwnerHash=PY_METHOD_62e76ad4b00ab68bf712a38f2ec418eb	parentContainerHash=PY_BLOCK_82ab615f2f0993f410942ba56937a0a5	tryStatementHash=	resourceCount=	caughtExceptionTypes=	ownerTypeName=TypedBuilder	ownerQualifiedName=core.factory.TypedBuilder	ownerMethodName=<classbody>	pyScopeLinkHash=PY_SCOPE_d76a54ec93f0d0b97b08d3f2a1df3111	pyModuleLinkHash=PY_MODULE_7908beb43f8c739558eabfcf93ebca84	conditionExpressionLinkHash=	conditionText=	exceptTargetName=	hasElseClause=false	isModuleLevel=false	isTypeCheckingGuard=false	serviceVersionLinkHash=SERVICE_VERSION_00000000000000000000000000000000	pyBlockUniqueHash=PY_BLOCK_6f4f657e00b825756f739df1d1c543a1
kind=CLASS_BODY	order=8	startLine=27	endLine=35	startColumn=4	endColumn=28	nestingDepth=1	pyTypeLinkHash=PY_TYPE_f511a7eca38906948dce8170bb4e5495	methodOwnerHash=PY_METHOD_84e298a19cdfa5eae5cd2e3b611b5b05	parentContainerHash=PY_BLOCK_295870efd1471adf8bf0748f614f0cc1	tryStatementHash=	resourceCount=	caughtExceptionTypes=	ownerTypeName=Registry	ownerQualifiedName=core.base.Registry	ownerMethodName=<classbody>	pyScopeLinkHash=PY_SCOPE_5d313471f2530aadbedb4609a0df3d1f	pyModuleLinkHash=PY_MODULE_0af7a9df251376bafe876afe4a32f46e	conditionExpressionLinkHash=	conditionText=	exceptTargetName=	hasElseClause=false	isModuleLevel=false	isTypeCheckingGuard=false	serviceVersionLinkHash=SERVICE_VERSION_00000000000000000000000000000000	pyBlockUniqueHash=PY_BLOCK_569b17b7bb7f15955bc33b0c08d6414b
kind=CLASS_BODY	order=8	startLine=59	endLine=59	startColumn=4	endColumn=8	nestingDepth=1	pyTypeLinkHash=PY_TYPE_dc6f20f1a203e0dd5ac8da053636aa64	methodOwnerHash=PY_METHOD_f69fa5827dc97a17d17c40a0333da269	parentContainerHash=PY_BLOCK_0709a2c6b885213f2f681281ec6a2531	tryStatementHash=	resourceCount=	caughtExceptionTypes=	ownerTypeName=NestedClassInsideFunction	ownerQualifiedName=scoping_edge_cases.NestedClassInsideFunction	ownerMethodName=<classbody>	pyScopeLinkHash=PY_SCOPE_e97047355ca087957aa98aef05a67e9c	pyModuleLinkHash=PY_MODULE_7c5670e72548f0c21d5e8710e5a91903	conditionExpressionLinkHash=	conditionText=	exceptTargetName=	hasElseClause=false	isModuleLevel=false	isTypeCheckingGuard=false	serviceVersionLinkHash=SERVICE_VERSION_00000000000000000000000000000000	pyBlockUniqueHash=PY_BLOCK_e304d96e388c880a680dd5598cd9c920
kind=CLASS_BODY	order=9	startLine=57	endLine=62	startColumn=4	endColumn=64	nestingDepth=1	pyTypeLinkHash=PY_TYPE_123066224b71bd554d5fb2221924b3d1	methodOwnerHash=PY_METHOD_e2b04ba991241e6262a772678503e6af	parentContainerHash=PY_BLOCK_2dc7728bed2af526be6f42e4c3cc031e	tryStatementHash=	resourceCount=	caughtExceptionTypes=	ownerTypeName=SavingsAccount	ownerQualifiedName=name_mangling_edge_cases.SavingsAccount	ownerMethodName=<classbody>	pyScopeLinkHash=PY_SCOPE_7b87d54093077b1346070ae56075c290	pyModuleLinkHash=PY_MODULE_75dd800d24b53dd3ca1d826ca1525876	conditionExpressionLinkHash=	conditionText=	exceptTargetName=	hasElseClause=false	isModuleLevel=false	isTypeCheckingGuard=false	serviceVersionLinkHash=SERVICE_VERSION_00000000000000000000000000000000	pyBlockUniqueHash=PY_BLOCK_4a78fa8aae3746825bb253c5f29a2826
kind=ELIF	order=6	startLine=60	endLine=60	startColumn=8	endColumn=27	nestingDepth=2	pyTypeLinkHash=	methodOwnerHash=PY_METHOD_d4b52d2b10c5e9f0a53000438c219a54	parentContainerHash=PY_BLOCK_b1114cc3cb2f1b55513d169030783a43	tryStatementHash=	resourceCount=	caughtExceptionTypes=	ownerTypeName=	ownerQualifiedName=remaining_syntax_forms	ownerMethodName=demo	pyScopeLinkHash=PY_SCOPE_ae7be4922d0aedcd09a1419a77c8f8d2	pyModuleLinkHash=PY_MODULE_99797da9f6b8580a03c8a2f7bf6898ea	conditionExpressionLinkHash=PY_EXPRESSION_693eacf809f84ce72f4d39d9b4f35ea1	conditionText=total > 10	exceptTargetName=	hasElseClause=false	isModuleLevel=false	isTypeCheckingGuard=false	serviceVersionLinkHash=SERVICE_VERSION_00000000000000000000000000000000	pyBlockUniqueHash=PY_BLOCK_5c22fb9eef24f16eae0173a9f53429eb
kind=ELIF	order=7	startLine=62	endLine=62	startColumn=8	endColumn=26	nestingDepth=2	pyTypeLinkHash=	methodOwnerHash=PY_METHOD_d4b52d2b10c5e9f0a53000438c219a54	parentContainerHash=PY_BLOCK_b1114cc3cb2f1b55513d169030783a43	tryStatementHash=	resourceCount=	caughtExceptionTypes=	ownerTypeName=	ownerQualifiedName=remaining_syntax_forms	ownerMethodName=demo	pyScopeLinkHash=PY_SCOPE_ae7be4922d0aedcd09a1419a77c8f8d2	pyModuleLinkHash=PY_MODULE_99797da9f6b8580a03c8a2f7bf6898ea	conditionExpressionLinkHash=PY_EXPRESSION_12908051fa3f03cda70bffa7f64ce2cd	conditionText=total > 0	exceptTargetName=	hasElseClause=false	isModuleLevel=false	isTypeCheckingGuard=false	serviceVersionLinkHash=SERVICE_VERSION_00000000000000000000000000000000	pyBlockUniqueHash=PY_BLOCK_e1f4ededc19f47fcccb0131dfee9eaef
kind=ELSE	order=8	startLine=64	endLine=64	startColumn=8	endColumn=26	nestingDepth=2	pyTypeLinkHash=	methodOwnerHash=PY_METHOD_d4b52d2b10c5e9f0a53000438c219a54	parentContainerHash=PY_BLOCK_b1114cc3cb2f1b55513d169030783a43	tryStatementHash=	resourceCount=	caughtExceptionTypes=	ownerTypeName=	ownerQualifiedName=remaining_syntax_forms	ownerMethodName=demo	pyScopeLinkHash=PY_SCOPE_ae7be4922d0aedcd09a1419a77c8f8d2	pyModuleLinkHash=PY_MODULE_99797da9f6b8580a03c8a2f7bf6898ea	conditionExpressionLinkHash=	conditionText=	exceptTargetName=	hasElseClause=false	isModuleLevel=false	isTypeCheckingGuard=false	serviceVersionLinkHash=SERVICE_VERSION_00000000000000000000000000000000	pyBlockUniqueHash=PY_BLOCK_19e64cb326e1975063ba246e8fb7a221
kind=EXCEPT	order=6	startLine=51	endLine=51	startColumn=12	endColumn=35	nestingDepth=3	pyTypeLinkHash=PY_TYPE_cb9da9964bc3c43761a4e1269506effe	methodOwnerHash=PY_METHOD_c0d08eb80ac0506fff63cb9be9f81d18	parentContainerHash=PY_BLOCK_72227c355f5a6a7ffe4b0348431a146e	tryStatementHash=PY_BLOCK_eaa417932b8ab62c7525fe23ed8fd8f0	resourceCount=	caughtExceptionTypes=NameError	ownerTypeName=ClassScopeIsInvisibleToMethods	ownerQualifiedName=scoping_edge_cases.ClassScopeIsInvisibleToMethods	ownerMethodName=read_label_wrong	pyScopeLinkHash=PY_SCOPE_21dd86600fc580014a7dbb60290ab8cb	pyModuleLinkHash=PY_MODULE_7c5670e72548f0c21d5e8710e5a91903	conditionExpressionLinkHash=	conditionText=	exceptTargetName=	hasElseClause=false	isModuleLevel=false	isTypeCheckingGuard=false	serviceVersionLinkHash=SERVICE_VERSION_00000000000000000000000000000000	pyBlockUniqueHash=PY_BLOCK_5f9caa9e165e54b82bedc7ab4e6f6e2c
kind=FOR	order=2	startLine=15	endLine=21	startColumn=8	endColumn=21	nestingDepth=2	pyTypeLinkHash=	methodOwnerHash=PY_METHOD_d4b52d2b10c5e9f0a53000438c219a54	parentContainerHash=PY_BLOCK_b1114cc3cb2f1b55513d169030783a43	tryStatementHash=	resourceCount=	caughtExceptionTypes=	ownerTypeName=	ownerQualifiedName=remaining_syntax_forms	ownerMethodName=demo	pyScopeLinkHash=PY_SCOPE_ae7be4922d0aedcd09a1419a77c8f8d2	pyModuleLinkHash=PY_MODULE_99797da9f6b8580a03c8a2f7bf6898ea	conditionExpressionLinkHash=	conditionText=	exceptTargetName=	hasElseClause=false	isModuleLevel=false	isTypeCheckingGuard=false	serviceVersionLinkHash=SERVICE_VERSION_00000000000000000000000000000000	pyBlockUniqueHash=PY_BLOCK_1c29032e7672e827328c7f8727f04851
kind=FUNCTION_BODY	order=1	startLine=13	endLine=82	startColumn=4	endColumn=5	nestingDepth=1	pyTypeLinkHash=	methodOwnerHash=PY_METHOD_d4b52d2b10c5e9f0a53000438c219a54	parentContainerHash=PY_BLOCK_903f6e21fa17ccdf2532a2d6e389c932	tryStatementHash=	resourceCount=	caughtExceptionTypes=	ownerTypeName=	ownerQualifiedName=remaining_syntax_forms	ownerMethodName=demo	pyScopeLinkHash=PY_SCOPE_ae7be4922d0aedcd09a1419a77c8f8d2	pyModuleLinkHash=PY_MODULE_99797da9f6b8580a03c8a2f7bf6898ea	conditionExpressionLinkHash=	conditionText=	exceptTargetName=	hasElseClause=false	isModuleLevel=false	isTypeCheckingGuard=false	serviceVersionLinkHash=SERVICE_VERSION_00000000000000000000000000000000	pyBlockUniqueHash=PY_BLOCK_b1114cc3cb2f1b55513d169030783a43
kind=FUNCTION_BODY	order=1	startLine=17	endLine=17	startColumn=4	endColumn=19	nestingDepth=1	pyTypeLinkHash=	methodOwnerHash=PY_METHOD_ba24fa02e080ead8508d00e9d70afd9a	parentContainerHash=PY_BLOCK_0709a2c6b885213f2f681281ec6a2531	tryStatementHash=	resourceCount=	caughtExceptionTypes=	ownerTypeName=	ownerQualifiedName=scoping_edge_cases	ownerMethodName=shadowed_default	pyScopeLinkHash=PY_SCOPE_922296dd25f74668419777309cd54b09	pyModuleLinkHash=PY_MODULE_7c5670e72548f0c21d5e8710e5a91903	conditionExpressionLinkHash=	conditionText=	exceptTargetName=	hasElseClause=false	isModuleLevel=false	isTypeCheckingGuard=false	serviceVersionLinkHash=SERVICE_VERSION_00000000000000000000000000000000	pyBlockUniqueHash=PY_BLOCK_4e4678f25521bfa492534ea7a7841a03
kind=FUNCTION_BODY	order=10	startLine=31	endLine=32	startColumn=8	endColumn=19	nestingDepth=2	pyTypeLinkHash=PY_TYPE_f511a7eca38906948dce8170bb4e5495	methodOwnerHash=PY_METHOD_17d9701a5ba071a3f6d3025f7d492a97	parentContainerHash=PY_BLOCK_569b17b7bb7f15955bc33b0c08d6414b	tryStatementHash=	resourceCount=	caughtExceptionTypes=	ownerTypeName=Registry	ownerQualifiedName=core.base.Registry	ownerMethodName=store	pyScopeLinkHash=PY_SCOPE_0c44a2b7e20d142b579af2149c4e9990	pyModuleLinkHash=PY_MODULE_0af7a9df251376bafe876afe4a32f46e	conditionExpressionLinkHash=	conditionText=	exceptTargetName=	hasElseClause=false	isModuleLevel=false	isTypeCheckingGuard=false	serviceVersionLinkHash=SERVICE_VERSION_00000000000000000000000000000000	pyBlockUniqueHash=PY_BLOCK_7e0f79262fd95c81896f76451a607244
kind=FUNCTION_BODY	order=10	startLine=62	endLine=62	startColumn=8	endColumn=64	nestingDepth=2	pyTypeLinkHash=PY_TYPE_123066224b71bd554d5fb2221924b3d1	methodOwnerHash=PY_METHOD_99ac7ae6fbba7c42e02de4fc9b944c60	parentContainerHash=PY_BLOCK_4a78fa8aae3746825bb253c5f29a2826	tryStatementHash=	resourceCount=	caughtExceptionTypes=	ownerTypeName=SavingsAccount	ownerQualifiedName=name_mangling_edge_cases.SavingsAccount	ownerMethodName=read_inherited_name_is_different_attribute	pyScopeLinkHash=PY_SCOPE_ab1946e613d846e3a2ce2064bec9749d	pyModuleLinkHash=PY_MODULE_75dd800d24b53dd3ca1d826ca1525876	conditionExpressionLinkHash=	conditionText=	exceptTargetName=	hasElseClause=false	isModuleLevel=false	isTypeCheckingGuard=false	serviceVersionLinkHash=SERVICE_VERSION_00000000000000000000000000000000	pyBlockUniqueHash=PY_BLOCK_d72b6524d9b36521e7a3a6dc411ea62c
kind=FUNCTION_BODY	order=11	startLine=35	endLine=35	startColumn=8	endColumn=28	nestingDepth=2	pyTypeLinkHash=PY_TYPE_f511a7eca38906948dce8170bb4e5495	methodOwnerHash=PY_METHOD_f3dde39c5431ddcb76977913b6103dbc	parentContainerHash=PY_BLOCK_569b17b7bb7f15955bc33b0c08d6414b	tryStatementHash=	resourceCount=	caughtExceptionTypes=	ownerTypeName=Registry	ownerQualifiedName=core.base.Registry	ownerMethodName=first	pyScopeLinkHash=PY_SCOPE_56dcc7c61ecc15a1131c4bab56f680eb	pyModuleLinkHash=PY_MODULE_0af7a9df251376bafe876afe4a32f46e	conditionExpressionLinkHash=	conditionText=	exceptTargetName=	hasElseClause=false	isModuleLevel=false	isTypeCheckingGuard=false	serviceVersionLinkHash=SERVICE_VERSION_00000000000000000000000000000000	pyBlockUniqueHash=PY_BLOCK_bcf7f87b6dc450775d5dd0d705fda74b
kind=FUNCTION_BODY	order=11	startLine=71	endLine=73	startColumn=12	endColumn=24	nestingDepth=3	pyTypeLinkHash=PY_TYPE_7277f9addb7736299c6b401ea59f1a08	methodOwnerHash=PY_METHOD_8bca5358b79207a986a29b360c562a6d	parentContainerHash=PY_BLOCK_49ca1c86695c97e96f250b4727d8f889	tryStatementHash=	resourceCount=	caughtExceptionTypes=	ownerTypeName=Counter	ownerQualifiedName=scoping_edge_cases.outer_with_nested_class.<locals>.Counter	ownerMethodName=increment	pyScopeLinkHash=PY_SCOPE_6d960c45e49a16945cb60203e14330b1	pyModuleLinkHash=PY_MODULE_7c5670e72548f0c21d5e8710e5a91903	conditionExpressionLinkHash=	conditionText=	exceptTargetName=	hasElseClause=false	isModuleLevel=false	isTypeCheckingGuard=false	serviceVersionLinkHash=SERVICE_VERSION_00000000000000000000000000000000	pyBlockUniqueHash=PY_BLOCK_ebe956fbb2195515c3d65446eddfaa90
kind=FUNCTION_BODY	order=12	startLine=39	endLine=40	startColumn=4	endColumn=21	nestingDepth=1	pyTypeLinkHash=	methodOwnerHash=PY_METHOD_6610cba4c5d72cf434906f924e02959e	parentContainerHash=PY_BLOCK_295870efd1471adf8bf0748f614f0cc1	tryStatementHash=	resourceCount=	caughtExceptionTypes=	ownerTypeName=	ownerQualifiedName=core.base	ownerMethodName=make_node	pyScopeLinkHash=PY_SCOPE_691ff95afb67e8e3343e45eecc694c84	pyModuleLinkHash=PY_MODULE_0af7a9df251376bafe876afe4a32f46e	conditionExpressionLinkHash=	conditionText=	exceptTargetName=	hasElseClause=false	isModuleLevel=false	isTypeCheckingGuard=false	serviceVersionLinkHash=SERVICE_VERSION_00000000000000000000000000000000	pyBlockUniqueHash=PY_BLOCK_b1bf7b00e81490922a33951468dbcb48
kind=FUNCTION_BODY	order=12	startLine=79	endLine=96	startColumn=4	endColumn=16	nestingDepth=1	pyTypeLinkHash=	methodOwnerHash=PY_METHOD_ed28bc1c52df37820ea1d0a05de119a9	parentContainerHash=PY_BLOCK_0709a2c6b885213f2f681281ec6a2531	tryStatementHash=	resourceCount=	caughtExceptionTypes=	ownerTypeName=	ownerQualifiedName=scoping_edge_cases	ownerMethodName=del_nonlocal_and_global	pyScopeLinkHash=PY_SCOPE_56826240994e7bdafb380ca0d28353d7	pyModuleLinkHash=PY_MODULE_7c5670e72548f0c21d5e8710e5a91903	conditionExpressionLinkHash=	conditionText=	exceptTargetName=	hasElseClause=false	isModuleLevel=false	isTypeCheckingGuard=false	serviceVersionLinkHash=SERVICE_VERSION_00000000000000000000000000000000	pyBlockUniqueHash=PY_BLOCK_7d78cf98501acac8e6b0006226e893a0
kind=FUNCTION_BODY	order=13	startLine=44	endLine=44	startColumn=4	endColumn=21	nestingDepth=1	pyTypeLinkHash=	methodOwnerHash=PY_METHOD_a25b5844084a070cb4e84441b29b9f0a	parentContainerHash=PY_BLOCK_295870efd1471adf8bf0748f614f0cc1	tryStatementHash=	resourceCount=	caughtExceptionTypes=	ownerTypeName=	ownerQualifiedName=core.base	ownerMethodName=make_registry	pyScopeLinkHash=PY_SCOPE_ebb9c2f4dbc779c6b7e189cd463ee343	pyModuleLinkHash=PY_MODULE_0af7a9df251376bafe876afe4a32f46e	conditionExpressionLinkHash=	conditionText=	exceptTargetName=	hasElseClause=false	isModuleLevel=false	isTypeCheckingGuard=false	serviceVersionLinkHash=SERVICE_VERSION_00000000000000000000000000000000	pyBlockUniqueHash=PY_BLOCK_e4a6fabc1a5706ffe01fb60ce4909aa7
kind=FUNCTION_BODY	order=13	startLine=90	endLine=93	startColumn=8	endColumn=21	nestingDepth=2	pyTypeLinkHash=	methodOwnerHash=PY_METHOD_a2a65e38438389241027cbdddc3e05c6	parentContainerHash=PY_BLOCK_7d78cf98501acac8e6b0006226e893a0	tryStatementHash=	resourceCount=	caughtExceptionTypes=	ownerTypeName=	ownerQualifiedName=scoping_edge_cases	ownerMethodName=inner	pyScopeLinkHash=PY_SCOPE_f61abf9b72da591ffaafc844fa150ee4	pyModuleLinkHash=PY_MODULE_7c5670e72548f0c21d5e8710e5a91903	conditionExpressionLinkHash=	conditionText=	exceptTargetName=	hasElseClause=false	isModuleLevel=false	isTypeCheckingGuard=false	serviceVersionLinkHash=SERVICE_VERSION_00000000000000000000000000000000	pyBlockUniqueHash=PY_BLOCK_77e325b7496574af8e0f9a2d63c77a65
kind=FUNCTION_BODY	order=14	startLine=103	endLine=103	startColumn=4	endColumn=25	nestingDepth=1	pyTypeLinkHash=	methodOwnerHash=PY_METHOD_ef5eb768f9096175f6ba0b71ede1f9de	parentContainerHash=PY_BLOCK_0709a2c6b885213f2f681281ec6a2531	tryStatementHash=	resourceCount=	caughtExceptionTypes=	ownerTypeName=	ownerQualifiedName=scoping_edge_cases	ownerMethodName=default_uses_walrus_at_def_time	pyScopeLinkHash=PY_SCOPE_18c9871f418fea2e83e0eb16202908b7	pyModuleLinkHash=PY_MODULE_7c5670e72548f0c21d5e8710e5a91903	conditionExpressionLinkHash=	conditionText=	exceptTargetName=	hasElseClause=false	isModuleLevel=false	isTypeCheckingGuard=false	serviceVersionLinkHash=SERVICE_VERSION_00000000000000000000000000000000	pyBlockUniqueHash=PY_BLOCK_e3d5bb7b71e0e7250278b0943ddf90e8
kind=FUNCTION_BODY	order=15	startLine=58	endLine=67	startColumn=4	endColumn=23	nestingDepth=1	pyTypeLinkHash=	methodOwnerHash=PY_METHOD_ce1d946238cd87a9eab119c2beafc3af	parentContainerHash=PY_BLOCK_727a692f0aeef37a2edf4a42609ae19b	tryStatementHash=	resourceCount=	caughtExceptionTypes=	ownerTypeName=	ownerQualifiedName=match_nested_patterns_and_guards	ownerMethodName=classify_point3	pyScopeLinkHash=PY_SCOPE_39265ae4ef54abf936bc1449b2b45e70	pyModuleLinkHash=PY_MODULE_fcb43aba22913355ac115ae9c4556240	conditionExpressionLinkHash=	conditionText=	exceptTargetName=	hasElseClause=false	isModuleLevel=false	isTypeCheckingGuard=false	serviceVersionLinkHash=SERVICE_VERSION_00000000000000000000000000000000	pyBlockUniqueHash=PY_BLOCK_752ab319ae90b2157526f2c72cf225e9
kind=FUNCTION_BODY	order=2	startLine=10	endLine=11	startColumn=8	endColumn=18	nestingDepth=2	pyTypeLinkHash=PY_TYPE_6f4e90e4697b76a388566c9bd84e0d4d	methodOwnerHash=PY_METHOD_ed898c7ba31b1d5a88a7ed47da6a477b	parentContainerHash=PY_BLOCK_b6049a5081f394fddd13e47dc6ee8fcd	tryStatementHash=	resourceCount=	caughtExceptionTypes=	ownerTypeName=Point	ownerQualifiedName=match_class_and_sequence_patterns.Point	ownerMethodName=__init__	pyScopeLinkHash=PY_SCOPE_ace1711dc092e15bca92d7341bd7879a	pyModuleLinkHash=PY_MODULE_e8c22c801b9d7d33638ace57665fdd49	conditionExpressionLinkHash=	conditionText=	exceptTargetName=	hasElseClause=false	isModuleLevel=false	isTypeCheckingGuard=false	serviceVersionLinkHash=SERVICE_VERSION_00000000000000000000000000000000	pyBlockUniqueHash=PY_BLOCK_d3e4cdab57cf5f3d10719fb3d49018e7
kind=FUNCTION_BODY	order=2	startLine=11	endLine=11	startColumn=8	endColumn=24	nestingDepth=2	pyTypeLinkHash=PY_TYPE_bf6354f36ebb9ff7d338d07707f4d6c9	methodOwnerHash=PY_METHOD_3c9f625656d895e41e4fc89cd99c0b71	parentContainerHash=PY_BLOCK_f1ccb07f4da6c1e4ea31d8c85f54c674	tryStatementHash=	resourceCount=	caughtExceptionTypes=	ownerTypeName=Builder	ownerQualifiedName=core.factory.Builder	ownerMethodName=of	pyScopeLinkHash=PY_SCOPE_c8c13825cb62f07fcf0e5e6fdcdaa510	pyModuleLinkHash=PY_MODULE_7908beb43f8c739558eabfcf93ebca84	conditionExpressionLinkHash=	conditionText=	exceptTargetName=	hasElseClause=false	isModuleLevel=false	isTypeCheckingGuard=false	serviceVersionLinkHash=SERVICE_VERSION_00000000000000000000000000000000	pyBlockUniqueHash=PY_BLOCK_c914bef54f309295158330e02e17646b
kind=FUNCTION_BODY	order=2	startLine=6	endLine=7	startColumn=8	endColumn=26	nestingDepth=2	pyTypeLinkHash=PY_TYPE_114cb72d42012abcb4ffcbce3bc6a345	methodOwnerHash=PY_METHOD_1800af667e7076b626bd654b5e3dbebd	parentContainerHash=PY_BLOCK_e1fdd8b99fad5e2bd31397340ccfb63e	tryStatementHash=	resourceCount=	caughtExceptionTypes=	ownerTypeName=Node	ownerQualifiedName=core.base.Node	ownerMethodName=__init__	pyScopeLinkHash=PY_SCOPE_d637e5246801a7f4bde627145bdb915c	pyModuleLinkHash=PY_MODULE_0af7a9df251376bafe876afe4a32f46e	conditionExpressionLinkHash=	conditionText=	exceptTargetName=	hasElseClause=false	isModuleLevel=false	isTypeCheckingGuard=false	serviceVersionLinkHash=SERVICE_VERSION_00000000000000000000000000000000	pyBlockUniqueHash=PY_BLOCK_caddd0bc678dc00569119ac0e9e1ed47
kind=FUNCTION_BODY	order=2	startLine=7	endLine=7	startColumn=8	endColumn=57	nestingDepth=2	pyTypeLinkHash=PY_TYPE_87b5de4c1461e6b37e42d0b104fd407c	methodOwnerHash=PY_METHOD_2412f97bdd65167cced87fb9580da5f4	parentContainerHash=PY_BLOCK_a1287e382518a4d73815b2a6d5b505f0	tryStatementHash=	resourceCount=	caughtExceptionTypes=	ownerTypeName=Tagged	ownerQualifiedName=services.inheritance.Tagged	ownerMethodName=label	pyScopeLinkHash=PY_SCOPE_705c6abb9413f80b52565503e65168d7	pyModuleLinkHash=PY_MODULE_0a821397f31f9644e27278ab1de4362b	conditionExpressionLinkHash=	conditionText=	exceptTargetName=	hasElseClause=false	isModuleLevel=false	isTypeCheckingGuard=false	serviceVersionLinkHash=SERVICE_VERSION_00000000000000000000000000000000	pyBlockUniqueHash=PY_BLOCK_5ff3a273bf07a488b7a0c7bd05f57467
kind=FUNCTION_BODY	order=21	startLine=67	endLine=74	startColumn=4	endColumn=24	nestingDepth=1	pyTypeLinkHash=	methodOwnerHash=PY_METHOD_4349c77fd509ffa0604ef313deaa232c	parentContainerHash=PY_BLOCK_0a61685fc5c0679c3f3d51d81b817170	tryStatementHash=	resourceCount=	caughtExceptionTypes=	ownerTypeName=	ownerQualifiedName=match_class_and_sequence_patterns	ownerMethodName=match_tuple_subject	pyScopeLinkHash=PY_SCOPE_2d724666a85d27de28e0fe6193c0f119	pyModuleLinkHash=PY_MODULE_e8c22c801b9d7d33638ace57665fdd49	conditionExpressionLinkHash=	conditionText=	exceptTargetName=	hasElseClause=false	isModuleLevel=false	isTypeCheckingGuard=false	serviceVersionLinkHash=SERVICE_VERSION_00000000000000000000000000000000	pyBlockUniqueHash=PY_BLOCK_a4da154ad3ade77671a1b07a87c3baa5
kind=FUNCTION_BODY	order=26	startLine=78	endLine=84	startColumn=4	endColumn=23	nestingDepth=1	pyTypeLinkHash=	methodOwnerHash=PY_METHOD_99c5845ea52a76a6c6dd129c1918a4e8	parentContainerHash=PY_BLOCK_0a61685fc5c0679c3f3d51d81b817170	tryStatementHash=	resourceCount=	caughtExceptionTypes=	ownerTypeName=	ownerQualifiedName=match_class_and_sequence_patterns	ownerMethodName=match_with_walrus_guard	pyScopeLinkHash=PY_SCOPE_c782a1b59eac3802011d5894654f2496	pyModuleLinkHash=PY_MODULE_e8c22c801b9d7d33638ace57665fdd49	conditionExpressionLinkHash=	conditionText=	exceptTargetName=	hasElseClause=false	isModuleLevel=false	isTypeCheckingGuard=false	serviceVersionLinkHash=SERVICE_VERSION_00000000000000000000000000000000	pyBlockUniqueHash=PY_BLOCK_b83d2162645f650e05cb76936bbdf48d
kind=FUNCTION_BODY	order=3	startLine=10	endLine=10	startColumn=8	endColumn=24	nestingDepth=2	pyTypeLinkHash=PY_TYPE_114cb72d42012abcb4ffcbce3bc6a345	methodOwnerHash=PY_METHOD_10ddf5216712cc855e812fd9c30503a4	parentContainerHash=PY_BLOCK_e1fdd8b99fad5e2bd31397340ccfb63e	tryStatementHash=	resourceCount=	caughtExceptionTypes=	ownerTypeName=Node	ownerQualifiedName=core.base.Node	ownerMethodName=label	pyScopeLinkHash=PY_SCOPE_ca9840d621fb99e8d753546c5f9108b9	pyModuleLinkHash=PY_MODULE_0af7a9df251376bafe876afe4a32f46e	conditionExpressionLinkHash=	conditionText=	exceptTargetName=	hasElseClause=false	isModuleLevel=false	isTypeCheckingGuard=false	serviceVersionLinkHash=SERVICE_VERSION_00000000000000000000000000000000	pyBlockUniqueHash=PY_BLOCK_5e75d4dd65dbb917cefe21ca9fad6436
kind=FUNCTION_BODY	order=3	startLine=10	endLine=10	startColumn=8	endColumn=75	nestingDepth=2	pyTypeLinkHash=PY_TYPE_87b5de4c1461e6b37e42d0b104fd407c	methodOwnerHash=PY_METHOD_77dea3cdc5d60e4df33e29e6b60a5e7d	parentContainerHash=PY_BLOCK_a1287e382518a4d73815b2a6d5b505f0	tryStatementHash=	resourceCount=	caughtExceptionTypes=	ownerTypeName=Tagged	ownerQualifiedName=services.inheritance.Tagged	ownerMethodName=describe	pyScopeLinkHash=PY_SCOPE_167708e0209d08621943b914fa9c53c8	pyModuleLinkHash=PY_MODULE_0a821397f31f9644e27278ab1de4362b	conditionExpressionLinkHash=	conditionText=	exceptTargetName=	hasElseClause=false	isModuleLevel=false	isTypeCheckingGuard=false	serviceVersionLinkHash=SERVICE_VERSION_00000000000000000000000000000000	pyBlockUniqueHash=PY_BLOCK_3bc06b1b514b09f151e35e2aaf7cfeb7
kind=FUNCTION_BODY	order=3	startLine=15	endLine=15	startColumn=8	endColumn=32	nestingDepth=2	pyTypeLinkHash=PY_TYPE_bf6354f36ebb9ff7d338d07707f4d6c9	methodOwnerHash=PY_METHOD_c96fbb88bae96279b6619eae53653aac	parentContainerHash=PY_BLOCK_f1ccb07f4da6c1e4ea31d8c85f54c674	tryStatementHash=	resourceCount=	caughtExceptionTypes=	ownerTypeName=Builder	ownerQualifiedName=core.factory.Builder	ownerMethodName=make_default	pyScopeLinkHash=PY_SCOPE_aa1f22a1dd1ddceefc14774c9db4e424	pyModuleLinkHash=PY_MODULE_7908beb43f8c739558eabfcf93ebca84	conditionExpressionLinkHash=	conditionText=	exceptTargetName=	hasElseClause=false	isModuleLevel=false	isTypeCheckingGuard=false	serviceVersionLinkHash=SERVICE_VERSION_00000000000000000000000000000000	pyBlockUniqueHash=PY_BLOCK_1b0ef47ab742076c96de9da10134f9f0
kind=FUNCTION_BODY	order=3	startLine=15	endLine=63	startColumn=4	endColumn=28	nestingDepth=1	pyTypeLinkHash=	methodOwnerHash=PY_METHOD_f1cabc90b966fb3a98cd89e50251d1d1	parentContainerHash=PY_BLOCK_0a61685fc5c0679c3f3d51d81b817170	tryStatementHash=	resourceCount=	caughtExceptionTypes=	ownerTypeName=	ownerQualifiedName=match_class_and_sequence_patterns	ownerMethodName=describe	pyScopeLinkHash=PY_SCOPE_6bda6e1434a5cb0909c09a57165f2051	pyModuleLinkHash=PY_MODULE_e8c22c801b9d7d33638ace57665fdd49	conditionExpressionLinkHash=	conditionText=	exceptTargetName=	hasElseClause=false	isModuleLevel=false	isTypeCheckingGuard=false	serviceVersionLinkHash=SERVICE_VERSION_00000000000000000000000000000000	pyBlockUniqueHash=PY_BLOCK_7ca2829f8d9f0355b6d7244f45e4554f
kind=FUNCTION_BODY	order=3	startLine=22	endLine=54	startColumn=4	endColumn=30	nestingDepth=1	pyTypeLinkHash=	methodOwnerHash=PY_METHOD_e593d898ef9de8564a70657bebe50172	parentContainerHash=PY_BLOCK_727a692f0aeef37a2edf4a42609ae19b	tryStatementHash=	resourceCount=	caughtExceptionTypes=	ownerTypeName=	ownerQualifiedName=match_nested_patterns_and_guards	ownerMethodName=handle	pyScopeLinkHash=PY_SCOPE_f0946aa6eb41246aea5d160595182496	pyModuleLinkHash=PY_MODULE_fcb43aba22913355ac115ae9c4556240	conditionExpressionLinkHash=	conditionText=	exceptTargetName=	hasElseClause=false	isModuleLevel=false	isTypeCheckingGuard=false	serviceVersionLinkHash=SERVICE_VERSION_00000000000000000000000000000000	pyBlockUniqueHash=PY_BLOCK_55dd46d28f04cb3fd414d55526cbd4a1
kind=FUNCTION_BODY	order=3	startLine=32	endLine=32	startColumn=12	endColumn=55	nestingDepth=3	pyTypeLinkHash=PY_TYPE_e0b00a82da98016f61db58a6de64ca3a	methodOwnerHash=PY_METHOD_3d7d144d1966b10690580a67d98bc0aa	parentContainerHash=PY_BLOCK_ccb3dc35280daebb6941ec2aa8940953	tryStatementHash=	resourceCount=	caughtExceptionTypes=	ownerTypeName=Inner	ownerQualifiedName=name_mangling_edge_cases.Outer.Inner	ownerMethodName=read_own	pyScopeLinkHash=PY_SCOPE_a155fa7893be6e1c7c5dea61969c76be	pyModuleLinkHash=PY_MODULE_75dd800d24b53dd3ca1d826ca1525876	conditionExpressionLinkHash=	conditionText=	exceptTargetName=	hasElseClause=false	isModuleLevel=false	isTypeCheckingGuard=false	serviceVersionLinkHash=SERVICE_VERSION_00000000000000000000000000000000	pyBlockUniqueHash=PY_BLOCK_fa5c15cba2b9c50dcce43135e11630be
kind=FUNCTION_BODY	order=4	startLine=13	endLine=13	startColumn=8	endColumn=66	nestingDepth=2	pyTypeLinkHash=PY_TYPE_87b5de4c1461e6b37e42d0b104fd407c	methodOwnerHash=PY_METHOD_9015295cb8f51d05065df73b4c8b31a9	parentContainerHash=PY_BLOCK_a1287e382518a4d73815b2a6d5b505f0	tryStatementHash=	resourceCount=	caughtExceptionTypes=	ownerTypeName=Tagged	ownerQualifiedName=services.inheritance.Tagged	ownerMethodName=total	pyScopeLinkHash=PY_SCOPE_145356bf8de76dfa9d14375879b0e3f3	pyModuleLinkHash=PY_MODULE_0a821397f31f9644e27278ab1de4362b	conditionExpressionLinkHash=	conditionText=	exceptTargetName=	hasElseClause=false	isModuleLevel=false	isTypeCheckingGuard=false	serviceVersionLinkHash=SERVICE_VERSION_00000000000000000000000000000000	pyBlockUniqueHash=PY_BLOCK_3d6d06ddb911803e0c8641193a627819
kind=FUNCTION_BODY	order=4	startLine=13	endLine=14	startColumn=8	endColumn=19	nestingDepth=2	pyTypeLinkHash=PY_TYPE_114cb72d42012abcb4ffcbce3bc6a345	methodOwnerHash=PY_METHOD_f164f80f3667fd932688af5eccefd737	parentContainerHash=PY_BLOCK_e1fdd8b99fad5e2bd31397340ccfb63e	tryStatementHash=	resourceCount=	caughtExceptionTypes=	ownerTypeName=Node	ownerQualifiedName=core.base.Node	ownerMethodName=add	pyScopeLinkHash=PY_SCOPE_bdb137cbf96fc976b8717def43b86960	pyModuleLinkHash=PY_MODULE_0af7a9df251376bafe876afe4a32f46e	conditionExpressionLinkHash=	conditionText=	exceptTargetName=	hasElseClause=false	isModuleLevel=false	isTypeCheckingGuard=false	serviceVersionLinkHash=SERVICE_VERSION_00000000000000000000000000000000	pyBlockUniqueHash=PY_BLOCK_9631e37933e2f0dca124a267091223ce
kind=FUNCTION_BODY	order=4	startLine=18	endLine=19	startColumn=8	endColumn=30	nestingDepth=2	pyTypeLinkHash=PY_TYPE_bf6354f36ebb9ff7d338d07707f4d6c9	methodOwnerHash=PY_METHOD_bd7c847866b0674467ec65fee212e98d	parentContainerHash=PY_BLOCK_f1ccb07f4da6c1e4ea31d8c85f54c674	tryStatementHash=	resourceCount=	caughtExceptionTypes=	ownerTypeName=Builder	ownerQualifiedName=core.factory.Builder	ownerMethodName=__init__	pyScopeLinkHash=PY_SCOPE_4053abc51341fbc04696d3ae9522b901	pyModuleLinkHash=PY_MODULE_7908beb43f8c739558eabfcf93ebca84	conditionExpressionLinkHash=	conditionText=	exceptTargetName=	hasElseClause=false	isModuleLevel=false	isTypeCheckingGuard=false	serviceVersionLinkHash=SERVICE_VERSION_00000000000000000000000000000000	pyBlockUniqueHash=PY_BLOCK_e7f1010656a276d9941e325187c12d5c
kind=FUNCTION_BODY	order=4	startLine=35	endLine=35	startColumn=8	endColumn=28	nestingDepth=2	pyTypeLinkHash=PY_TYPE_fd26c3cd94bd9663ee01dd2cfe94159d	methodOwnerHash=PY_METHOD_dd89d4df485031a611acfbb907b0b389	parentContainerHash=PY_BLOCK_4bc68edd9a441fd957e74eb85933db84	tryStatementHash=	resourceCount=	caughtExceptionTypes=	ownerTypeName=Outer	ownerQualifiedName=name_mangling_edge_cases.Outer	ownerMethodName=read_own	pyScopeLinkHash=PY_SCOPE_796b29af1b0f61db0594e9d881eba2ad	pyModuleLinkHash=PY_MODULE_75dd800d24b53dd3ca1d826ca1525876	conditionExpressionLinkHash=	conditionText=	exceptTargetName=	hasElseClause=false	isModuleLevel=false	isTypeCheckingGuard=false	serviceVersionLinkHash=SERVICE_VERSION_00000000000000000000000000000000	pyBlockUniqueHash=PY_BLOCK_4806834fdee2d496a8e6f9857b7cbab8
kind=FUNCTION_BODY	order=4	startLine=48	endLine=51	startColumn=8	endColumn=35	nestingDepth=2	pyTypeLinkHash=PY_TYPE_cb9da9964bc3c43761a4e1269506effe	methodOwnerHash=PY_METHOD_c0d08eb80ac0506fff63cb9be9f81d18	parentContainerHash=PY_BLOCK_d752016908e49ff1678ca6cffa6da380	tryStatementHash=	resourceCount=	caughtExceptionTypes=	ownerTypeName=ClassScopeIsInvisibleToMethods	ownerQualifiedName=scoping_edge_cases.ClassScopeIsInvisibleToMethods	ownerMethodName=read_label_wrong	pyScopeLinkHash=PY_SCOPE_21dd86600fc580014a7dbb60290ab8cb	pyModuleLinkHash=PY_MODULE_7c5670e72548f0c21d5e8710e5a91903	conditionExpressionLinkHash=	conditionText=	exceptTargetName=	hasElseClause=false	isModuleLevel=false	isTypeCheckingGuard=false	serviceVersionLinkHash=SERVICE_VERSION_00000000000000000000000000000000	pyBlockUniqueHash=PY_BLOCK_72227c355f5a6a7ffe4b0348431a146e
kind=FUNCTION_BODY	order=5	startLine=17	endLine=17	startColumn=8	endColumn=33	nestingDepth=2	pyTypeLinkHash=PY_TYPE_114cb72d42012abcb4ffcbce3bc6a345	methodOwnerHash=PY_METHOD_b079534daf86e20dfc668b7623db12f7	parentContainerHash=PY_BLOCK_e1fdd8b99fad5e2bd31397340ccfb63e	tryStatementHash=	resourceCount=	caughtExceptionTypes=	ownerTypeName=Node	ownerQualifiedName=core.base.Node	ownerMethodName=count	pyScopeLinkHash=PY_SCOPE_779d6a189bfa1fd01aa960aa0dd0d1e7	pyModuleLinkHash=PY_MODULE_0af7a9df251376bafe876afe4a32f46e	conditionExpressionLinkHash=	conditionText=	exceptTargetName=	hasElseClause=false	isModuleLevel=false	isTypeCheckingGuard=false	serviceVersionLinkHash=SERVICE_VERSION_00000000000000000000000000000000	pyBlockUniqueHash=PY_BLOCK_98a8827501cd1577e00046fe2db492a8
kind=FUNCTION_BODY	order=5	startLine=23	endLine=23	startColumn=8	endColumn=32	nestingDepth=2	pyTypeLinkHash=PY_TYPE_bf6354f36ebb9ff7d338d07707f4d6c9	methodOwnerHash=PY_METHOD_3abbfd702bc0c1418f0e06115ddcf36f	parentContainerHash=PY_BLOCK_f1ccb07f4da6c1e4ea31d8c85f54c674	tryStatementHash=	resourceCount=	caughtExceptionTypes=	ownerTypeName=Builder	ownerQualifiedName=core.factory.Builder	ownerMethodName=build	pyScopeLinkHash=PY_SCOPE_ed918824c46eef19bca849c988f8a0b4	pyModuleLinkHash=PY_MODULE_7908beb43f8c739558eabfcf93ebca84	conditionExpressionLinkHash=	conditionText=	exceptTargetName=	hasElseClause=false	isModuleLevel=false	isTypeCheckingGuard=false	serviceVersionLinkHash=SERVICE_VERSION_00000000000000000000000000000000	pyBlockUniqueHash=PY_BLOCK_3aee5ffce9fbd2fe0252dc593dbafd27
kind=FUNCTION_BODY	order=5	startLine=39	endLine=42	startColumn=8	endColumn=48	nestingDepth=2	pyTypeLinkHash=PY_TYPE_fd26c3cd94bd9663ee01dd2cfe94159d	methodOwnerHash=PY_METHOD_fb2ff73729b3cd73f23ddd4fcd3da86d	parentContainerHash=PY_BLOCK_4bc68edd9a441fd957e74eb85933db84	tryStatementHash=	resourceCount=	caughtExceptionTypes=	ownerTypeName=Outer	ownerQualifiedName=name_mangling_edge_cases.Outer	ownerMethodName=bare_identifier_forms	pyScopeLinkHash=PY_SCOPE_b56cd405864ebf4ac68ad214653e274b	pyModuleLinkHash=PY_MODULE_75dd800d24b53dd3ca1d826ca1525876	conditionExpressionLinkHash=	conditionText=	exceptTargetName=	hasElseClause=false	isModuleLevel=false	isTypeCheckingGuard=false	serviceVersionLinkHash=SERVICE_VERSION_00000000000000000000000000000000	pyBlockUniqueHash=PY_BLOCK_ba8be2f11ffac593bd565298992e95cb
kind=FUNCTION_BODY	order=6	startLine=18	endLine=18	startColumn=8	endColumn=71	nestingDepth=2	pyTypeLinkHash=PY_TYPE_834321b821663a60dfa7d7e9704dc276	methodOwnerHash=PY_METHOD_246f767be5cf6e34e38bb312bd42813b	parentContainerHash=PY_BLOCK_a1d9d38c5f350686bb17729fe04e7b88	tryStatementHash=	resourceCount=	caughtExceptionTypes=	ownerTypeName=DeepLeaf	ownerQualifiedName=services.inheritance.DeepLeaf	ownerMethodName=label	pyScopeLinkHash=PY_SCOPE_6ba616c071573e6a1060dbe409b18985	pyModuleLinkHash=PY_MODULE_0a821397f31f9644e27278ab1de4362b	conditionExpressionLinkHash=	conditionText=	exceptTargetName=	hasElseClause=false	isModuleLevel=false	isTypeCheckingGuard=false	serviceVersionLinkHash=SERVICE_VERSION_00000000000000000000000000000000	pyBlockUniqueHash=PY_BLOCK_77aa32878002e55e8d1b95c1c0362b89
kind=FUNCTION_BODY	order=6	startLine=46	endLine=46	startColumn=8	endColumn=28	nestingDepth=2	pyTypeLinkHash=PY_TYPE_fd26c3cd94bd9663ee01dd2cfe94159d	methodOwnerHash=PY_METHOD_8f6edbe8fbcbaf7c758445b95f8405b6	parentContainerHash=PY_BLOCK_4bc68edd9a441fd957e74eb85933db84	tryStatementHash=	resourceCount=	caughtExceptionTypes=	ownerTypeName=Outer	ownerQualifiedName=name_mangling_edge_cases.Outer	ownerMethodName=dunder_method_reference_not_mangled	pyScopeLinkHash=PY_SCOPE_57e0d1e910ed9bd3d8e71752341c4669	pyModuleLinkHash=PY_MODULE_75dd800d24b53dd3ca1d826ca1525876	conditionExpressionLinkHash=	conditionText=	exceptTargetName=	hasElseClause=false	isModuleLevel=false	isTypeCheckingGuard=false	serviceVersionLinkHash=SERVICE_VERSION_00000000000000000000000000000000	pyBlockUniqueHash=PY_BLOCK_1c51c3860641f71cdb1c3b2310e005f9
kind=FUNCTION_BODY	order=7	startLine=23	endLine=23	startColumn=8	endColumn=30	nestingDepth=2	pyTypeLinkHash=PY_TYPE_50545579e02058f8c7ab2e28c6b40e6a	methodOwnerHash=PY_METHOD_96468236d011db4f3ad3adb72fc69739	parentContainerHash=PY_BLOCK_050a46cc8cba8378b037915eb28cbb2f	tryStatementHash=	resourceCount=	caughtExceptionTypes=	ownerTypeName=Leaf	ownerQualifiedName=core.base.Leaf	ownerMethodName=label	pyScopeLinkHash=PY_SCOPE_d03d7f1954f360a46532403693495c84	pyModuleLinkHash=PY_MODULE_0af7a9df251376bafe876afe4a32f46e	conditionExpressionLinkHash=	conditionText=	exceptTargetName=	hasElseClause=false	isModuleLevel=false	isTypeCheckingGuard=false	serviceVersionLinkHash=SERVICE_VERSION_00000000000000000000000000000000	pyBlockUniqueHash=PY_BLOCK_10988400ec9a7e837e91237697ee2709
kind=FUNCTION_BODY	order=7	startLine=29	endLine=29	startColumn=8	endColumn=47	nestingDepth=2	pyTypeLinkHash=PY_TYPE_e05aff09427e5b3fb8b3b7c28b5be2d6	methodOwnerHash=PY_METHOD_27d5da0711465a08ad45d955009e276f	parentContainerHash=PY_BLOCK_6f4f657e00b825756f739df1d1c543a1	tryStatementHash=	resourceCount=	caughtExceptionTypes=	ownerTypeName=TypedBuilder	ownerQualifiedName=core.factory.TypedBuilder	ownerMethodName=build	pyScopeLinkHash=PY_SCOPE_f49ea9ce69e203b7be52181e11021231	pyModuleLinkHash=PY_MODULE_7908beb43f8c739558eabfcf93ebca84	conditionExpressionLinkHash=	conditionText=	exceptTargetName=	hasElseClause=false	isModuleLevel=false	isTypeCheckingGuard=false	serviceVersionLinkHash=SERVICE_VERSION_00000000000000000000000000000000	pyBlockUniqueHash=PY_BLOCK_1e67c63264eb3499de5d14b2d803b04e
kind=FUNCTION_BODY	order=7	startLine=49	endLine=53	startColumn=8	endColumn=81	nestingDepth=2	pyTypeLinkHash=PY_TYPE_fd26c3cd94bd9663ee01dd2cfe94159d	methodOwnerHash=PY_METHOD_695f19fbafb1b5d022f11a24fe0b6432	parentContainerHash=PY_BLOCK_4bc68edd9a441fd957e74eb85933db84	tryStatementHash=	resourceCount=	caughtExceptionTypes=	ownerTypeName=Outer	ownerQualifiedName=name_mangling_edge_cases.Outer	ownerMethodName=mangling_recurses_into_nested_scopes	pyScopeLinkHash=PY_SCOPE_1d09e13be1947c1de946f859b015d1b5	pyModuleLinkHash=PY_MODULE_75dd800d24b53dd3ca1d826ca1525876	conditionExpressionLinkHash=	conditionText=	exceptTargetName=	hasElseClause=false	isModuleLevel=false	isTypeCheckingGuard=false	serviceVersionLinkHash=SERVICE_VERSION_00000000000000000000000000000000	pyBlockUniqueHash=PY_BLOCK_1f97a7080055f77b01098768382015c2
kind=FUNCTION_BODY	order=7	startLine=55	endLine=55	startColumn=8	endColumn=25	nestingDepth=2	pyTypeLinkHash=PY_TYPE_cb9da9964bc3c43761a4e1269506effe	methodOwnerHash=PY_METHOD_9a04b3f6daa7fe400f6b7464235317b2	parentContainerHash=PY_BLOCK_d752016908e49ff1678ca6cffa6da380	tryStatementHash=	resourceCount=	caughtExceptionTypes=	ownerTypeName=ClassScopeIsInvisibleToMethods	ownerQualifiedName=scoping_edge_cases.ClassScopeIsInvisibleToMethods	ownerMethodName=read_label_right	pyScopeLinkHash=PY_SCOPE_3cb796e74dc60dc344e3366a4ddba03a	pyModuleLinkHash=PY_MODULE_7c5670e72548f0c21d5e8710e5a91903	conditionExpressionLinkHash=	conditionText=	exceptTargetName=	hasElseClause=false	isModuleLevel=false	isTypeCheckingGuard=false	serviceVersionLinkHash=SERVICE_VERSION_00000000000000000000000000000000	pyBlockUniqueHash=PY_BLOCK_8c77a18b631663ad21ee6db2c0efa690
kind=FUNCTION_BODY	order=8	startLine=50	endLine=51	startColumn=12	endColumn=25	nestingDepth=3	pyTypeLinkHash=PY_TYPE_fd26c3cd94bd9663ee01dd2cfe94159d	methodOwnerHash=PY_METHOD_1a6aec94b4300e5700d5f15806230149	parentContainerHash=PY_BLOCK_1f97a7080055f77b01098768382015c2	tryStatementHash=	resourceCount=	caughtExceptionTypes=	ownerTypeName=Outer	ownerQualifiedName=name_mangling_edge_cases.Outer	ownerMethodName=nested	pyScopeLinkHash=PY_SCOPE_79c9fcc62d1b7ba7368f05d159ef193d	pyModuleLinkHash=PY_MODULE_75dd800d24b53dd3ca1d826ca1525876	conditionExpressionLinkHash=	conditionText=	exceptTargetName=	hasElseClause=false	isModuleLevel=false	isTypeCheckingGuard=false	serviceVersionLinkHash=SERVICE_VERSION_00000000000000000000000000000000	pyBlockUniqueHash=PY_BLOCK_af0f24841f49a3f62438d1d9753a9e1e
kind=FUNCTION_BODY	order=9	startLine=28	endLine=28	startColumn=8	endColumn=23	nestingDepth=2	pyTypeLinkHash=PY_TYPE_f511a7eca38906948dce8170bb4e5495	methodOwnerHash=PY_METHOD_d7a26baec95db1ac47ae906b256b56b6	parentContainerHash=PY_BLOCK_569b17b7bb7f15955bc33b0c08d6414b	tryStatementHash=	resourceCount=	caughtExceptionTypes=	ownerTypeName=Registry	ownerQualifiedName=core.base.Registry	ownerMethodName=__init__	pyScopeLinkHash=PY_SCOPE_10177bdba229984292fcabb82b00df95	pyModuleLinkHash=PY_MODULE_0af7a9df251376bafe876afe4a32f46e	conditionExpressionLinkHash=	conditionText=	exceptTargetName=	hasElseClause=false	isModuleLevel=false	isTypeCheckingGuard=false	serviceVersionLinkHash=SERVICE_VERSION_00000000000000000000000000000000	pyBlockUniqueHash=PY_BLOCK_4182ee62e6f472ca625f9733f06bbe6b
kind=FUNCTION_BODY	order=9	startLine=63	endLine=75	startColumn=4	endColumn=37	nestingDepth=1	pyTypeLinkHash=	methodOwnerHash=PY_METHOD_780d9ad188930a9879ddcb349fd305ef	parentContainerHash=PY_BLOCK_0709a2c6b885213f2f681281ec6a2531	tryStatementHash=	resourceCount=	caughtExceptionTypes=	ownerTypeName=	ownerQualifiedName=scoping_edge_cases	ownerMethodName=outer_with_nested_class	pyScopeLinkHash=PY_SCOPE_ebc46cd5266a0d3b5863328a04d74674	pyModuleLinkHash=PY_MODULE_7c5670e72548f0c21d5e8710e5a91903	conditionExpressionLinkHash=	conditionText=	exceptTargetName=	hasElseClause=false	isModuleLevel=false	isTypeCheckingGuard=false	serviceVersionLinkHash=SERVICE_VERSION_00000000000000000000000000000000	pyBlockUniqueHash=PY_BLOCK_0660c87592b9ee5cc787445ff325cfe6
kind=FUNCTION_BODY	order=9	startLine=88	endLine=88	startColumn=4	endColumn=29	nestingDepth=1	pyTypeLinkHash=	methodOwnerHash=PY_METHOD_dc007ceaf105fb30832887e9758aa5f6	parentContainerHash=PY_BLOCK_903f6e21fa17ccdf2532a2d6e389c932	tryStatementHash=	resourceCount=	caughtExceptionTypes=	ownerTypeName=	ownerQualifiedName=remaining_syntax_forms	ownerMethodName=with_typed_default	pyScopeLinkHash=PY_SCOPE_49b5c1ee14a5f95d86699798fd901d3b	pyModuleLinkHash=PY_MODULE_99797da9f6b8580a03c8a2f7bf6898ea	conditionExpressionLinkHash=	conditionText=	exceptTargetName=	hasElseClause=false	isModuleLevel=false	isTypeCheckingGuard=false	serviceVersionLinkHash=SERVICE_VERSION_00000000000000000000000000000000	pyBlockUniqueHash=PY_BLOCK_17085f2b767b13c67ac72dd89ceb2246
kind=IF	order=3	startLine=17	endLine=17	startColumn=12	endColumn=20	nestingDepth=3	pyTypeLinkHash=	methodOwnerHash=PY_METHOD_d4b52d2b10c5e9f0a53000438c219a54	parentContainerHash=PY_BLOCK_1c29032e7672e827328c7f8727f04851	tryStatementHash=	resourceCount=	caughtExceptionTypes=	ownerTypeName=	ownerQualifiedName=remaining_syntax_forms	ownerMethodName=demo	pyScopeLinkHash=PY_SCOPE_ae7be4922d0aedcd09a1419a77c8f8d2	pyModuleLinkHash=PY_MODULE_99797da9f6b8580a03c8a2f7bf6898ea	conditionExpressionLinkHash=PY_EXPRESSION_c38d7cea9e5ea354588f0fac7b5fc7de	conditionText=item is None	exceptTargetName=	hasElseClause=false	isModuleLevel=false	isTypeCheckingGuard=false	serviceVersionLinkHash=SERVICE_VERSION_00000000000000000000000000000000	pyBlockUniqueHash=PY_BLOCK_cf2a844a4eb3cfb75adcfeb9c994bbcb
kind=IF	order=4	startLine=20	endLine=20	startColumn=12	endColumn=17	nestingDepth=3	pyTypeLinkHash=	methodOwnerHash=PY_METHOD_d4b52d2b10c5e9f0a53000438c219a54	parentContainerHash=PY_BLOCK_1c29032e7672e827328c7f8727f04851	tryStatementHash=	resourceCount=	caughtExceptionTypes=	ownerTypeName=	ownerQualifiedName=remaining_syntax_forms	ownerMethodName=demo	pyScopeLinkHash=PY_SCOPE_ae7be4922d0aedcd09a1419a77c8f8d2	pyModuleLinkHash=PY_MODULE_99797da9f6b8580a03c8a2f7bf6898ea	conditionExpressionLinkHash=PY_EXPRESSION_45a043eb9186a9ef044313740a83ad6e	conditionText=item < 0	exceptTargetName=	hasElseClause=false	isModuleLevel=false	isTypeCheckingGuard=false	serviceVersionLinkHash=SERVICE_VERSION_00000000000000000000000000000000	pyBlockUniqueHash=PY_BLOCK_c60e4f03779146c9327c1a8bfa883c32
kind=IF	order=5	startLine=58	endLine=58	startColumn=8	endColumn=26	nestingDepth=2	pyTypeLinkHash=	methodOwnerHash=PY_METHOD_d4b52d2b10c5e9f0a53000438c219a54	parentContainerHash=PY_BLOCK_b1114cc3cb2f1b55513d169030783a43	tryStatementHash=	resourceCount=	caughtExceptionTypes=	ownerTypeName=	ownerQualifiedName=remaining_syntax_forms	ownerMethodName=demo	pyScopeLinkHash=PY_SCOPE_ae7be4922d0aedcd09a1419a77c8f8d2	pyModuleLinkHash=PY_MODULE_99797da9f6b8580a03c8a2f7bf6898ea	conditionExpressionLinkHash=PY_EXPRESSION_ad5d243f81da335f89e70ab148c63a66	conditionText=total > 100	exceptTargetName=	hasElseClause=true	isModuleLevel=false	isTypeCheckingGuard=false	serviceVersionLinkHash=SERVICE_VERSION_00000000000000000000000000000000	pyBlockUniqueHash=PY_BLOCK_e3e48786322d492bf9a17eb5bf6fe2a2
kind=MATCH	order=16	startLine=58	endLine=67	startColumn=17	endColumn=23	nestingDepth=2	pyTypeLinkHash=	methodOwnerHash=PY_METHOD_ce1d946238cd87a9eab119c2beafc3af	parentContainerHash=PY_BLOCK_752ab319ae90b2157526f2c72cf225e9	tryStatementHash=	resourceCount=	caughtExceptionTypes=	ownerTypeName=	ownerQualifiedName=match_nested_patterns_and_guards	ownerMethodName=classify_point3	pyScopeLinkHash=PY_SCOPE_39265ae4ef54abf936bc1449b2b45e70	pyModuleLinkHash=PY_MODULE_fcb43aba22913355ac115ae9c4556240	conditionExpressionLinkHash=PY_EXPRESSION_f5549818b75b0d7b8a50ceb51147ca96	conditionText=triple	exceptTargetName=	hasElseClause=false	isModuleLevel=false	isTypeCheckingGuard=false	serviceVersionLinkHash=SERVICE_VERSION_00000000000000000000000000000000	pyBlockUniqueHash=PY_BLOCK_10d2d9f6a23c229fa8c3ef94c08d2a04
kind=MATCH	order=22	startLine=67	endLine=74	startColumn=15	endColumn=24	nestingDepth=2	pyTypeLinkHash=	methodOwnerHash=PY_METHOD_4349c77fd509ffa0604ef313deaa232c	parentContainerHash=PY_BLOCK_a4da154ad3ade77671a1b07a87c3baa5	tryStatementHash=	resourceCount=	caughtExceptionTypes=	ownerTypeName=	ownerQualifiedName=match_class_and_sequence_patterns	ownerMethodName=match_tuple_subject	pyScopeLinkHash=PY_SCOPE_2d724666a85d27de28e0fe6193c0f119	pyModuleLinkHash=PY_MODULE_e8c22c801b9d7d33638ace57665fdd49	conditionExpressionLinkHash=PY_EXPRESSION_5bf3daf7480bddd0ec4307c76391c822	conditionText=a	exceptTargetName=	hasElseClause=false	isModuleLevel=false	isTypeCheckingGuard=false	serviceVersionLinkHash=SERVICE_VERSION_00000000000000000000000000000000	pyBlockUniqueHash=PY_BLOCK_24133991b9182902af8f577ee7c5fd00
kind=MATCH	order=27	startLine=78	endLine=84	startColumn=16	endColumn=23	nestingDepth=2	pyTypeLinkHash=	methodOwnerHash=PY_METHOD_99c5845ea52a76a6c6dd129c1918a4e8	parentContainerHash=PY_BLOCK_b83d2162645f650e05cb76936bbdf48d	tryStatementHash=	resourceCount=	caughtExceptionTypes=	ownerTypeName=	ownerQualifiedName=match_class_and_sequence_patterns	ownerMethodName=match_with_walrus_guard	pyScopeLinkHash=PY_SCOPE_c782a1b59eac3802011d5894654f2496	pyModuleLinkHash=PY_MODULE_e8c22c801b9d7d33638ace57665fdd49	conditionExpressionLinkHash=PY_EXPRESSION_e113e23ef02e112c2e68076e52144c0f	conditionText=items	exceptTargetName=	hasElseClause=false	isModuleLevel=false	isTypeCheckingGuard=false	serviceVersionLinkHash=SERVICE_VERSION_00000000000000000000000000000000	pyBlockUniqueHash=PY_BLOCK_6db6b27bc9a81bcb223a557b880c29e1
kind=MATCH	order=4	startLine=15	endLine=63	startColumn=16	endColumn=28	nestingDepth=2	pyTypeLinkHash=	methodOwnerHash=PY_METHOD_f1cabc90b966fb3a98cd89e50251d1d1	parentContainerHash=PY_BLOCK_7ca2829f8d9f0355b6d7244f45e4554f	tryStatementHash=	resourceCount=	caughtExceptionTypes=	ownerTypeName=	ownerQualifiedName=match_class_and_sequence_patterns	ownerMethodName=describe	pyScopeLinkHash=PY_SCOPE_6bda6e1434a5cb0909c09a57165f2051	pyModuleLinkHash=PY_MODULE_e8c22c801b9d7d33638ace57665fdd49	conditionExpressionLinkHash=PY_EXPRESSION_905b26f5c82ee0778d03d0d9789786c2	conditionText=point	exceptTargetName=	hasElseClause=false	isModuleLevel=false	isTypeCheckingGuard=false	serviceVersionLinkHash=SERVICE_VERSION_00000000000000000000000000000000	pyBlockUniqueHash=PY_BLOCK_683f231196120ee406169f852c2d5b76
kind=MATCH	order=4	startLine=22	endLine=54	startColumn=14	endColumn=30	nestingDepth=2	pyTypeLinkHash=	methodOwnerHash=PY_METHOD_e593d898ef9de8564a70657bebe50172	parentContainerHash=PY_BLOCK_55dd46d28f04cb3fd414d55526cbd4a1	tryStatementHash=	resourceCount=	caughtExceptionTypes=	ownerTypeName=	ownerQualifiedName=match_nested_patterns_and_guards	ownerMethodName=handle	pyScopeLinkHash=PY_SCOPE_f0946aa6eb41246aea5d160595182496	pyModuleLinkHash=PY_MODULE_fcb43aba22913355ac115ae9c4556240	conditionExpressionLinkHash=PY_EXPRESSION_e7c3a44ceba9f9971a517611fc6a11bc	conditionText=msg	exceptTargetName=	hasElseClause=false	isModuleLevel=false	isTypeCheckingGuard=false	serviceVersionLinkHash=SERVICE_VERSION_00000000000000000000000000000000	pyBlockUniqueHash=PY_BLOCK_5fe005c27a946f74522076c1a3d8b531
kind=MODULE_BODY	order=0	startLine=1	endLine=1	startColumn=0	endColumn=0	nestingDepth=0	pyTypeLinkHash=	methodOwnerHash=PY_METHOD_9a763ce637ab935e75c804a97901ad37	parentContainerHash=PY_MODULE_8386ba5bdccd760c86dd379c658e591d	tryStatementHash=	resourceCount=	caughtExceptionTypes=	ownerTypeName=	ownerQualifiedName=services	ownerMethodName=<module>	pyScopeLinkHash=PY_SCOPE_02fb63a37b9a5f0f3d081a53b6380ef2	pyModuleLinkHash=PY_MODULE_8386ba5bdccd760c86dd379c658e591d	conditionExpressionLinkHash=	conditionText=	exceptTargetName=	hasElseClause=false	isModuleLevel=true	isTypeCheckingGuard=false	serviceVersionLinkHash=SERVICE_VERSION_00000000000000000000000000000000	pyBlockUniqueHash=PY_BLOCK_ecd41b112c5a05b0c70b987f9e40d108
kind=MODULE_BODY	order=0	startLine=1	endLine=104	startColumn=0	endColumn=0	nestingDepth=0	pyTypeLinkHash=	methodOwnerHash=PY_METHOD_a86c44fd87550eb3aef8b5ebfaaeec46	parentContainerHash=PY_MODULE_7c5670e72548f0c21d5e8710e5a91903	tryStatementHash=	resourceCount=	caughtExceptionTypes=	ownerTypeName=	ownerQualifiedName=scoping_edge_cases	ownerMethodName=<module>	pyScopeLinkHash=PY_SCOPE_917e3bc2847d8c5988f299c83dc95b45	pyModuleLinkHash=PY_MODULE_7c5670e72548f0c21d5e8710e5a91903	conditionExpressionLinkHash=	conditionText=	exceptTargetName=	hasElseClause=false	isModuleLevel=true	isTypeCheckingGuard=false	serviceVersionLinkHash=SERVICE_VERSION_00000000000000000000000000000000	pyBlockUniqueHash=PY_BLOCK_0709a2c6b885213f2f681281ec6a2531
kind=MODULE_BODY	order=0	startLine=1	endLine=19	startColumn=0	endColumn=0	nestingDepth=0	pyTypeLinkHash=	methodOwnerHash=PY_METHOD_9285560c8f45e1e0c9ea4712a036d1ee	parentContainerHash=PY_MODULE_0a821397f31f9644e27278ab1de4362b	tryStatementHash=	resourceCount=	caughtExceptionTypes=	ownerTypeName=	ownerQualifiedName=services.inheritance	ownerMethodName=<module>	pyScopeLinkHash=PY_SCOPE_c55ee4742ffe4870a08e4ccebad2d638	pyModuleLinkHash=PY_MODULE_0a821397f31f9644e27278ab1de4362b	conditionExpressionLinkHash=	conditionText=	exceptTargetName=	hasElseClause=false	isModuleLevel=true	isTypeCheckingGuard=false	serviceVersionLinkHash=SERVICE_VERSION_00000000000000000000000000000000	pyBlockUniqueHash=PY_BLOCK_6935a78709d69f314893315231b22d27
kind=MODULE_BODY	order=0	startLine=1	endLine=2	startColumn=0	endColumn=0	nestingDepth=0	pyTypeLinkHash=	methodOwnerHash=PY_METHOD_01c3bebb1bff6ad918695ffe85de0537	parentContainerHash=PY_MODULE_3a88c0862536aa27d156c4b427966eba	tryStatementHash=	resourceCount=	caughtExceptionTypes=	ownerTypeName=	ownerQualifiedName=core	ownerMethodName=<module>	pyScopeLinkHash=PY_SCOPE_ae25a33e4888eb35b1549aba53772994	pyModuleLinkHash=PY_MODULE_3a88c0862536aa27d156c4b427966eba	conditionExpressionLinkHash=	conditionText=	exceptTargetName=	hasElseClause=false	isModuleLevel=true	isTypeCheckingGuard=false	serviceVersionLinkHash=SERVICE_VERSION_00000000000000000000000000000000	pyBlockUniqueHash=PY_BLOCK_a57cb57f91da4e1963c66cc60b0a8fd6
kind=MODULE_BODY	order=0	startLine=1	endLine=30	startColumn=0	endColumn=0	nestingDepth=0	pyTypeLinkHash=	methodOwnerHash=PY_METHOD_143372a81993ac1a50468a0a3b899e6a	parentContainerHash=PY_MODULE_7908beb43f8c739558eabfcf93ebca84	tryStatementHash=	resourceCount=	caughtExceptionTypes=	ownerTypeName=	ownerQualifiedName=core.factory	ownerMethodName=<module>	pyScopeLinkHash=PY_SCOPE_cb8cf1b1a132675a833e9bf463d4236f	pyModuleLinkHash=PY_MODULE_7908beb43f8c739558eabfcf93ebca84	conditionExpressionLinkHash=	conditionText=	exceptTargetName=	hasElseClause=false	isModuleLevel=true	isTypeCheckingGuard=false	serviceVersionLinkHash=SERVICE_VERSION_00000000000000000000000000000000	pyBlockUniqueHash=PY_BLOCK_82ab615f2f0993f410942ba56937a0a5
kind=MODULE_BODY	order=0	startLine=1	endLine=45	startColumn=0	endColumn=0	nestingDepth=0	pyTypeLinkHash=	methodOwnerHash=PY_METHOD_386e258a8f1c3adf61f362eca468c230	parentContainerHash=PY_MODULE_0af7a9df251376bafe876afe4a32f46e	tryStatementHash=	resourceCount=	caughtExceptionTypes=	ownerTypeName=	ownerQualifiedName=core.base	ownerMethodName=<module>	pyScopeLinkHash=PY_SCOPE_c5b4f84e28a5fab7887804bcf766901a	pyModuleLinkHash=PY_MODULE_0af7a9df251376bafe876afe4a32f46e	conditionExpressionLinkHash=	conditionText=	exceptTargetName=	hasElseClause=false	isModuleLevel=true	isTypeCheckingGuard=false	serviceVersionLinkHash=SERVICE_VERSION_00000000000000000000000000000000	pyBlockUniqueHash=PY_BLOCK_295870efd1471adf8bf0748f614f0cc1
kind=MODULE_BODY	order=0	startLine=1	endLine=63	startColumn=0	endColumn=0	nestingDepth=0	pyTypeLinkHash=	methodOwnerHash=PY_METHOD_57b34b04c8f99b558638ddf8a40a1baa	parentContainerHash=PY_MODULE_75dd800d24b53dd3ca1d826ca1525876	tryStatementHash=	resourceCount=	caughtExceptionTypes=	ownerTypeName=	ownerQualifiedName=name_mangling_edge_cases	ownerMethodName=<module>	pyScopeLinkHash=PY_SCOPE_821aeba8a746c6ac062dcb1a4e10b28b	pyModuleLinkHash=PY_MODULE_75dd800d24b53dd3ca1d826ca1525876	conditionExpressionLinkHash=	conditionText=	exceptTargetName=	hasElseClause=false	isModuleLevel=true	isTypeCheckingGuard=false	serviceVersionLinkHash=SERVICE_VERSION_00000000000000000000000000000000	pyBlockUniqueHash=PY_BLOCK_2dc7728bed2af526be6f42e4c3cc031e
kind=MODULE_BODY	order=0	startLine=1	endLine=68	startColumn=0	endColumn=0	nestingDepth=0	pyTypeLinkHash=	methodOwnerHash=PY_METHOD_c7fadbc953cbe6b4c4dbbd8e698d809a	parentContainerHash=PY_MODULE_fcb43aba22913355ac115ae9c4556240	tryStatementHash=	resourceCount=	caughtExceptionTypes=	ownerTypeName=	ownerQualifiedName=match_nested_patterns_and_guards	ownerMethodName=<module>	pyScopeLinkHash=PY_SCOPE_36fa0c472e8ad6fb04f3ec89e977d9e3	pyModuleLinkHash=PY_MODULE_fcb43aba22913355ac115ae9c4556240	conditionExpressionLinkHash=	conditionText=	exceptTargetName=	hasElseClause=false	isModuleLevel=true	isTypeCheckingGuard=false	serviceVersionLinkHash=SERVICE_VERSION_00000000000000000000000000000000	pyBlockUniqueHash=PY_BLOCK_727a692f0aeef37a2edf4a42609ae19b
kind=MODULE_BODY	order=0	startLine=1	endLine=85	startColumn=0	endColumn=0	nestingDepth=0	pyTypeLinkHash=	methodOwnerHash=PY_METHOD_a53c29102bad9dc5c290eb31b8dff4a1	parentContainerHash=PY_MODULE_e8c22c801b9d7d33638ace57665fdd49	tryStatementHash=	resourceCount=	caughtExceptionTypes=	ownerTypeName=	ownerQualifiedName=match_class_and_sequence_patterns	ownerMethodName=<module>	pyScopeLinkHash=PY_SCOPE_ed788e092bf33febbac1f4acd5766112	pyModuleLinkHash=PY_MODULE_e8c22c801b9d7d33638ace57665fdd49	conditionExpressionLinkHash=	conditionText=	exceptTargetName=	hasElseClause=false	isModuleLevel=true	isTypeCheckingGuard=false	serviceVersionLinkHash=SERVICE_VERSION_00000000000000000000000000000000	pyBlockUniqueHash=PY_BLOCK_0a61685fc5c0679c3f3d51d81b817170
kind=MODULE_BODY	order=0	startLine=1	endLine=89	startColumn=0	endColumn=0	nestingDepth=0	pyTypeLinkHash=	methodOwnerHash=PY_METHOD_6fa4ea82d6c14c10951458a04c0851cd	parentContainerHash=PY_MODULE_99797da9f6b8580a03c8a2f7bf6898ea	tryStatementHash=	resourceCount=	caughtExceptionTypes=	ownerTypeName=	ownerQualifiedName=remaining_syntax_forms	ownerMethodName=<module>	pyScopeLinkHash=PY_SCOPE_72da2fafab9ca96d9c1e8f5754d35ea5	pyModuleLinkHash=PY_MODULE_99797da9f6b8580a03c8a2f7bf6898ea	conditionExpressionLinkHash=	conditionText=	exceptTargetName=	hasElseClause=false	isModuleLevel=true	isTypeCheckingGuard=false	serviceVersionLinkHash=SERVICE_VERSION_00000000000000000000000000000000	pyBlockUniqueHash=PY_BLOCK_903f6e21fa17ccdf2532a2d6e389c932
kind=TRY	order=5	startLine=49	endLine=49	startColumn=12	endColumn=24	nestingDepth=3	pyTypeLinkHash=PY_TYPE_cb9da9964bc3c43761a4e1269506effe	methodOwnerHash=PY_METHOD_c0d08eb80ac0506fff63cb9be9f81d18	parentContainerHash=PY_BLOCK_72227c355f5a6a7ffe4b0348431a146e	tryStatementHash=	resourceCount=	caughtExceptionTypes=	ownerTypeName=ClassScopeIsInvisibleToMethods	ownerQualifiedName=scoping_edge_cases.ClassScopeIsInvisibleToMethods	ownerMethodName=read_label_wrong	pyScopeLinkHash=PY_SCOPE_21dd86600fc580014a7dbb60290ab8cb	pyModuleLinkHash=PY_MODULE_7c5670e72548f0c21d5e8710e5a91903	conditionExpressionLinkHash=	conditionText=	exceptTargetName=	hasElseClause=false	isModuleLevel=false	isTypeCheckingGuard=false	serviceVersionLinkHash=SERVICE_VERSION_00000000000000000000000000000000	pyBlockUniqueHash=PY_BLOCK_eaa417932b8ab62c7525fe23ed8fd8f0
