callKind=CHAINED_CALL	calleeName=count	calleeDottedPath=count	receiverText="self.node.add(Node(""x""))"	receiverKind=CALL_RESULT	pyExpressionLinkHash=PY_EXPRESSION_f551dbb4ba500b0e2f1a8731ef90a48d	receiverExpressionLinkHash=PY_EXPRESSION_28890228559e055bd5a1734ee1cb8def	pyScopeLinkHash=PY_SCOPE_f49ea9ce69e203b7be52181e11021231	pyMethodLinkHash=PY_METHOD_27d5da0711465a08ad45d955009e276f	pyTypeLinkHash=PY_TYPE_e05aff09427e5b3fb8b3b7c28b5be2d6	pyModuleLinkHash=PY_MODULE_7908beb43f8c739558eabfcf93ebca84	positionalArgCount=0	keywordArgCount=0	hasStarArgs=false	hasDoubleStarArgs=false	keywordNames=	argFlowIsPrecise=true	resolvedCalleeKind=METHOD	resolvedCalleeHash=PY_METHOD_b079534daf86e20dfc668b7623db12f7	isModuleLevelCall=false	isConditional=false	startLine=29	startColumn=15	endLine=29	serviceVersionLinkHash=SERVICE_VERSION_00000000000000000000000000000000	pyCallSiteUniqueHash=PY_CALL_SITE_71de696054e9a3fbf5764223785e4088
callKind=CLS_CALL	calleeName=of	calleeDottedPath=cls.of	receiverText=cls	receiverKind=CLS	pyExpressionLinkHash=PY_EXPRESSION_ffa27145c0235a7f821290cb89c35e14	receiverExpressionLinkHash=PY_EXPRESSION_a9941983783224228812e0a188531e88	pyScopeLinkHash=PY_SCOPE_aa1f22a1dd1ddceefc14774c9db4e424	pyMethodLinkHash=PY_METHOD_c96fbb88bae96279b6619eae53653aac	pyTypeLinkHash=PY_TYPE_bf6354f36ebb9ff7d338d07707f4d6c9	pyModuleLinkHash=PY_MODULE_7908beb43f8c739558eabfcf93ebca84	positionalArgCount=1	keywordArgCount=0	hasStarArgs=false	hasDoubleStarArgs=false	keywordNames=	argFlowIsPrecise=true	resolvedCalleeKind=METHOD	resolvedCalleeHash=PY_METHOD_3c9f625656d895e41e4fc89cd99c0b71	isModuleLevelCall=false	isConditional=false	startLine=15	startColumn=15	endLine=15	serviceVersionLinkHash=SERVICE_VERSION_00000000000000000000000000000000	pyCallSiteUniqueHash=PY_CALL_SITE_e9ba0a75f4b9f6edf34b649b0cdfbf80
callKind=METHOD_CALL	calleeName=add	calleeDottedPath=self.node.add	receiverText=self.node	receiverKind=ATTRIBUTE	pyExpressionLinkHash=PY_EXPRESSION_28890228559e055bd5a1734ee1cb8def	receiverExpressionLinkHash=PY_EXPRESSION_30c3ed089b0e9f97acc44f10b5b3fe56	pyScopeLinkHash=PY_SCOPE_f49ea9ce69e203b7be52181e11021231	pyMethodLinkHash=PY_METHOD_27d5da0711465a08ad45d955009e276f	pyTypeLinkHash=PY_TYPE_e05aff09427e5b3fb8b3b7c28b5be2d6	pyModuleLinkHash=PY_MODULE_7908beb43f8c739558eabfcf93ebca84	positionalArgCount=1	keywordArgCount=0	hasStarArgs=false	hasDoubleStarArgs=false	keywordNames=	argFlowIsPrecise=true	resolvedCalleeKind=METHOD	resolvedCalleeHash=PY_METHOD_f164f80f3667fd932688af5eccefd737	isModuleLevelCall=false	isConditional=false	startLine=29	startColumn=15	endLine=29	serviceVersionLinkHash=SERVICE_VERSION_00000000000000000000000000000000	pyCallSiteUniqueHash=PY_CALL_SITE_377f2196c39f7a3e67811978fd0e8280
callKind=METHOD_CALL	calleeName=append	calleeDottedPath=self.children.append	receiverText=self.children	receiverKind=ATTRIBUTE	pyExpressionLinkHash=PY_EXPRESSION_ed1883152a7e56393c205cea21ee9429	receiverExpressionLinkHash=PY_EXPRESSION_30031f65033fe4c6d89a54ebcef47181	pyScopeLinkHash=PY_SCOPE_bdb137cbf96fc976b8717def43b86960	pyMethodLinkHash=PY_METHOD_f164f80f3667fd932688af5eccefd737	pyTypeLinkHash=PY_TYPE_114cb72d42012abcb4ffcbce3bc6a345	pyModuleLinkHash=PY_MODULE_0af7a9df251376bafe876afe4a32f46e	positionalArgCount=1	keywordArgCount=0	hasStarArgs=false	hasDoubleStarArgs=false	keywordNames=	argFlowIsPrecise=true	resolvedCalleeKind=BUILTIN	resolvedCalleeHash=	isModuleLevelCall=false	isConditional=false	startLine=13	startColumn=8	endLine=13	serviceVersionLinkHash=SERVICE_VERSION_00000000000000000000000000000000	pyCallSiteUniqueHash=PY_CALL_SITE_c0149c805a20b15eca3921b307eeff67
callKind=METHOD_CALL	calleeName=append	calleeDottedPath=self.nodes.append	receiverText=self.nodes	receiverKind=ATTRIBUTE	pyExpressionLinkHash=PY_EXPRESSION_55d6515040f410f7cb1d1df360ce831f	receiverExpressionLinkHash=PY_EXPRESSION_9df9bcfc5edf0d5e04ff298263ae8b1a	pyScopeLinkHash=PY_SCOPE_0c44a2b7e20d142b579af2149c4e9990	pyMethodLinkHash=PY_METHOD_17d9701a5ba071a3f6d3025f7d492a97	pyTypeLinkHash=PY_TYPE_f511a7eca38906948dce8170bb4e5495	pyModuleLinkHash=PY_MODULE_0af7a9df251376bafe876afe4a32f46e	positionalArgCount=1	keywordArgCount=0	hasStarArgs=false	hasDoubleStarArgs=false	keywordNames=	argFlowIsPrecise=true	resolvedCalleeKind=BUILTIN	resolvedCalleeHash=	isModuleLevelCall=false	isConditional=false	startLine=31	startColumn=8	endLine=31	serviceVersionLinkHash=SERVICE_VERSION_00000000000000000000000000000000	pyCallSiteUniqueHash=PY_CALL_SITE_f9be908531a57d9990c1ec9ca3753c12
callKind=METHOD_CALL	calleeName=label	calleeDottedPath=self.node.label	receiverText=self.node	receiverKind=ATTRIBUTE	pyExpressionLinkHash=PY_EXPRESSION_685754d2aae61946dd665f81a7e22eb7	receiverExpressionLinkHash=PY_EXPRESSION_e2855c5f78520c839bf42a4cfaf1eb42	pyScopeLinkHash=PY_SCOPE_ed918824c46eef19bca849c988f8a0b4	pyMethodLinkHash=PY_METHOD_3abbfd702bc0c1418f0e06115ddcf36f	pyTypeLinkHash=PY_TYPE_bf6354f36ebb9ff7d338d07707f4d6c9	pyModuleLinkHash=PY_MODULE_7908beb43f8c739558eabfcf93ebca84	positionalArgCount=0	keywordArgCount=0	hasStarArgs=false	hasDoubleStarArgs=false	keywordNames=	argFlowIsPrecise=true	resolvedCalleeKind=METHOD	resolvedCalleeHash=PY_METHOD_10ddf5216712cc855e812fd9c30503a4	isModuleLevelCall=false	isConditional=false	startLine=23	startColumn=15	endLine=23	serviceVersionLinkHash=SERVICE_VERSION_00000000000000000000000000000000	pyCallSiteUniqueHash=PY_CALL_SITE_acbad7f26f2c8cc04c23742c5607a630
callKind=SELF_CALL	calleeName=count	calleeDottedPath=self.count	receiverText=self	receiverKind=SELF	pyExpressionLinkHash=PY_EXPRESSION_40b349d37d349761046b942e0360a654	receiverExpressionLinkHash=PY_EXPRESSION_0a544936048432e1531f75dbe6633897	pyScopeLinkHash=PY_SCOPE_145356bf8de76dfa9d14375879b0e3f3	pyMethodLinkHash=PY_METHOD_9015295cb8f51d05065df73b4c8b31a9	pyTypeLinkHash=PY_TYPE_87b5de4c1461e6b37e42d0b104fd407c	pyModuleLinkHash=PY_MODULE_0a821397f31f9644e27278ab1de4362b	positionalArgCount=0	keywordArgCount=0	hasStarArgs=false	hasDoubleStarArgs=false	keywordNames=	argFlowIsPrecise=true	resolvedCalleeKind=METHOD	resolvedCalleeHash=PY_METHOD_b079534daf86e20dfc668b7623db12f7	isModuleLevelCall=false	isConditional=false	startLine=13	startColumn=15	endLine=13	serviceVersionLinkHash=SERVICE_VERSION_00000000000000000000000000000000	pyCallSiteUniqueHash=PY_CALL_SITE_57f63d630c00a4e9da5efa56934364ae
callKind=SELF_CALL	calleeName=label	calleeDottedPath=self.label	receiverText=self	receiverKind=SELF	pyExpressionLinkHash=PY_EXPRESSION_ed62417819443631ba5cc9bc27ee7622	receiverExpressionLinkHash=PY_EXPRESSION_57dac13ddf215b7801f8dbf7012c01ca	pyScopeLinkHash=PY_SCOPE_167708e0209d08621943b914fa9c53c8	pyMethodLinkHash=PY_METHOD_77dea3cdc5d60e4df33e29e6b60a5e7d	pyTypeLinkHash=PY_TYPE_87b5de4c1461e6b37e42d0b104fd407c	pyModuleLinkHash=PY_MODULE_0a821397f31f9644e27278ab1de4362b	positionalArgCount=0	keywordArgCount=0	hasStarArgs=false	hasDoubleStarArgs=false	keywordNames=	argFlowIsPrecise=true	resolvedCalleeKind=METHOD	resolvedCalleeHash=PY_METHOD_2412f97bdd65167cced87fb9580da5f4	isModuleLevelCall=false	isConditional=false	startLine=10	startColumn=15	endLine=10	serviceVersionLinkHash=SERVICE_VERSION_00000000000000000000000000000000	pyCallSiteUniqueHash=PY_CALL_SITE_09cdcbd22f411ffa8debcf26032a52da
callKind=SIMPLE_CALL	calleeName=Counter	calleeDottedPath=Counter	receiverText=	receiverKind=NONE	pyExpressionLinkHash=PY_EXPRESSION_43addabab720d1c12a5f7341d4e94c4c	receiverExpressionLinkHash=	pyScopeLinkHash=PY_SCOPE_ebc46cd5266a0d3b5863328a04d74674	pyMethodLinkHash=PY_METHOD_780d9ad188930a9879ddcb349fd305ef	pyTypeLinkHash=	pyModuleLinkHash=PY_MODULE_7c5670e72548f0c21d5e8710e5a91903	positionalArgCount=0	keywordArgCount=0	hasStarArgs=false	hasDoubleStarArgs=false	keywordNames=	argFlowIsPrecise=true	resolvedCalleeKind=TYPE	resolvedCalleeHash=PY_TYPE_7277f9addb7736299c6b401ea59f1a08	isModuleLevelCall=false	isConditional=false	startLine=75	startColumn=11	endLine=75	serviceVersionLinkHash=SERVICE_VERSION_00000000000000000000000000000000	pyCallSiteUniqueHash=PY_CALL_SITE_db579b947ddfe918883f565702ecfeed
callKind=SIMPLE_CALL	calleeName=Node	calleeDottedPath=Node	receiverText=	receiverKind=NONE	pyExpressionLinkHash=PY_EXPRESSION_03472ba234bf796982746234497d379b	receiverExpressionLinkHash=	pyScopeLinkHash=PY_SCOPE_691ff95afb67e8e3343e45eecc694c84	pyMethodLinkHash=PY_METHOD_6610cba4c5d72cf434906f924e02959e	pyTypeLinkHash=	pyModuleLinkHash=PY_MODULE_0af7a9df251376bafe876afe4a32f46e	positionalArgCount=1	keywordArgCount=0	hasStarArgs=false	hasDoubleStarArgs=false	keywordNames=	argFlowIsPrecise=true	resolvedCalleeKind=TYPE	resolvedCalleeHash=PY_TYPE_114cb72d42012abcb4ffcbce3bc6a345	isModuleLevelCall=false	isConditional=false	startLine=40	startColumn=11	endLine=40	serviceVersionLinkHash=SERVICE_VERSION_00000000000000000000000000000000	pyCallSiteUniqueHash=PY_CALL_SITE_45b8e6f7bad7fe8d17a4066ce9950297
callKind=SIMPLE_CALL	calleeName=Node	calleeDottedPath=Node	receiverText=	receiverKind=NONE	pyExpressionLinkHash=PY_EXPRESSION_6a99f0187616563f7e25d1bae31dc2e2	receiverExpressionLinkHash=	pyScopeLinkHash=PY_SCOPE_4053abc51341fbc04696d3ae9522b901	pyMethodLinkHash=PY_METHOD_bd7c847866b0674467ec65fee212e98d	pyTypeLinkHash=PY_TYPE_bf6354f36ebb9ff7d338d07707f4d6c9	pyModuleLinkHash=PY_MODULE_7908beb43f8c739558eabfcf93ebca84	positionalArgCount=1	keywordArgCount=0	hasStarArgs=false	hasDoubleStarArgs=false	keywordNames=	argFlowIsPrecise=true	resolvedCalleeKind=TYPE	resolvedCalleeHash=PY_TYPE_114cb72d42012abcb4ffcbce3bc6a345	isModuleLevelCall=false	isConditional=false	startLine=19	startColumn=20	endLine=19	serviceVersionLinkHash=SERVICE_VERSION_00000000000000000000000000000000	pyCallSiteUniqueHash=PY_CALL_SITE_ad763ac471ea417850578e2b2c0d2a45
callKind=SIMPLE_CALL	calleeName=Node	calleeDottedPath=Node	receiverText=	receiverKind=NONE	pyExpressionLinkHash=PY_EXPRESSION_ef29524a7270e55ff50ff5d2660d28fc	receiverExpressionLinkHash=	pyScopeLinkHash=PY_SCOPE_f49ea9ce69e203b7be52181e11021231	pyMethodLinkHash=PY_METHOD_27d5da0711465a08ad45d955009e276f	pyTypeLinkHash=PY_TYPE_e05aff09427e5b3fb8b3b7c28b5be2d6	pyModuleLinkHash=PY_MODULE_7908beb43f8c739558eabfcf93ebca84	positionalArgCount=1	keywordArgCount=0	hasStarArgs=false	hasDoubleStarArgs=false	keywordNames=	argFlowIsPrecise=true	resolvedCalleeKind=TYPE	resolvedCalleeHash=PY_TYPE_114cb72d42012abcb4ffcbce3bc6a345	isModuleLevelCall=false	isConditional=false	startLine=29	startColumn=29	endLine=29	serviceVersionLinkHash=SERVICE_VERSION_00000000000000000000000000000000	pyCallSiteUniqueHash=PY_CALL_SITE_3f2e5fc68c81f115f42bbe28c4a11542
callKind=SIMPLE_CALL	calleeName=Registry	calleeDottedPath=Registry	receiverText=	receiverKind=NONE	pyExpressionLinkHash=PY_EXPRESSION_3e5233e4786d6a30d334a918d86f6a39	receiverExpressionLinkHash=	pyScopeLinkHash=PY_SCOPE_ebb9c2f4dbc779c6b7e189cd463ee343	pyMethodLinkHash=PY_METHOD_a25b5844084a070cb4e84441b29b9f0a	pyTypeLinkHash=	pyModuleLinkHash=PY_MODULE_0af7a9df251376bafe876afe4a32f46e	positionalArgCount=0	keywordArgCount=0	hasStarArgs=false	hasDoubleStarArgs=false	keywordNames=	argFlowIsPrecise=true	resolvedCalleeKind=TYPE	resolvedCalleeHash=PY_TYPE_f511a7eca38906948dce8170bb4e5495	isModuleLevelCall=false	isConditional=false	startLine=44	startColumn=11	endLine=44	serviceVersionLinkHash=SERVICE_VERSION_00000000000000000000000000000000	pyCallSiteUniqueHash=PY_CALL_SITE_8c558247db84a91592c530c4998a8529
callKind=SIMPLE_CALL	calleeName=cls	calleeDottedPath=cls	receiverText=	receiverKind=NONE	pyExpressionLinkHash=PY_EXPRESSION_7eaad3dd2dda9b834c033da2ba24379f	receiverExpressionLinkHash=	pyScopeLinkHash=PY_SCOPE_c8c13825cb62f07fcf0e5e6fdcdaa510	pyMethodLinkHash=PY_METHOD_3c9f625656d895e41e4fc89cd99c0b71	pyTypeLinkHash=PY_TYPE_bf6354f36ebb9ff7d338d07707f4d6c9	pyModuleLinkHash=PY_MODULE_7908beb43f8c739558eabfcf93ebca84	positionalArgCount=1	keywordArgCount=0	hasStarArgs=false	hasDoubleStarArgs=false	keywordNames=	argFlowIsPrecise=true	resolvedCalleeKind=TYPE	resolvedCalleeHash=PY_TYPE_bf6354f36ebb9ff7d338d07707f4d6c9	isModuleLevelCall=false	isConditional=false	startLine=11	startColumn=15	endLine=11	serviceVersionLinkHash=SERVICE_VERSION_00000000000000000000000000000000	pyCallSiteUniqueHash=PY_CALL_SITE_da089d0ce6af8fc63baa05f02271ee6c
callKind=SIMPLE_CALL	calleeName=getattr	calleeDottedPath=getattr	receiverText=	receiverKind=NONE	pyExpressionLinkHash=PY_EXPRESSION_1671e5649e73d365054bd8cf80460e4c	receiverExpressionLinkHash=	pyScopeLinkHash=PY_SCOPE_ab1946e613d846e3a2ce2064bec9749d	pyMethodLinkHash=PY_METHOD_99ac7ae6fbba7c42e02de4fc9b944c60	pyTypeLinkHash=PY_TYPE_123066224b71bd554d5fb2221924b3d1	pyModuleLinkHash=PY_MODULE_75dd800d24b53dd3ca1d826ca1525876	positionalArgCount=3	keywordArgCount=0	hasStarArgs=false	hasDoubleStarArgs=false	keywordNames=	argFlowIsPrecise=true	resolvedCalleeKind=BUILTIN	resolvedCalleeHash=	isModuleLevelCall=false	isConditional=false	startLine=62	startColumn=15	endLine=62	serviceVersionLinkHash=SERVICE_VERSION_00000000000000000000000000000000	pyCallSiteUniqueHash=PY_CALL_SITE_ec3e18400849ad6ac0070d2fdab28093
callKind=SIMPLE_CALL	calleeName=isinstance	calleeDottedPath=isinstance	receiverText=	receiverKind=NONE	pyExpressionLinkHash=PY_EXPRESSION_e6e3dad489ad292881bba231666b56c8	receiverExpressionLinkHash=	pyScopeLinkHash=PY_SCOPE_ae7be4922d0aedcd09a1419a77c8f8d2	pyMethodLinkHash=PY_METHOD_d4b52d2b10c5e9f0a53000438c219a54	pyTypeLinkHash=	pyModuleLinkHash=PY_MODULE_99797da9f6b8580a03c8a2f7bf6898ea	positionalArgCount=2	keywordArgCount=0	hasStarArgs=false	hasDoubleStarArgs=false	keywordNames=	argFlowIsPrecise=true	resolvedCalleeKind=BUILTIN	resolvedCalleeHash=	isModuleLevelCall=false	isConditional=false	startLine=25	startColumn=11	endLine=25	serviceVersionLinkHash=SERVICE_VERSION_00000000000000000000000000000000	pyCallSiteUniqueHash=PY_CALL_SITE_5d01110c61a8050b51e7054f45d916f9
callKind=SIMPLE_CALL	calleeName=len	calleeDottedPath=len	receiverText=	receiverKind=NONE	pyExpressionLinkHash=PY_EXPRESSION_55773ce57686118a4a9acb7a07c5361d	receiverExpressionLinkHash=	pyScopeLinkHash=PY_SCOPE_779d6a189bfa1fd01aa960aa0dd0d1e7	pyMethodLinkHash=PY_METHOD_b079534daf86e20dfc668b7623db12f7	pyTypeLinkHash=PY_TYPE_114cb72d42012abcb4ffcbce3bc6a345	pyModuleLinkHash=PY_MODULE_0af7a9df251376bafe876afe4a32f46e	positionalArgCount=1	keywordArgCount=0	hasStarArgs=false	hasDoubleStarArgs=false	keywordNames=	argFlowIsPrecise=true	resolvedCalleeKind=BUILTIN	resolvedCalleeHash=	isModuleLevelCall=false	isConditional=false	startLine=17	startColumn=15	endLine=17	serviceVersionLinkHash=SERVICE_VERSION_00000000000000000000000000000000	pyCallSiteUniqueHash=PY_CALL_SITE_8c245b5f45e09f2d1db2c78acd51d3ac
callKind=SIMPLE_CALL	calleeName=len	calleeDottedPath=len	receiverText=	receiverKind=NONE	pyExpressionLinkHash=PY_EXPRESSION_5d8e14e5ec68f1d2e41854c0c9205f2e	receiverExpressionLinkHash=	pyScopeLinkHash=PY_SCOPE_c782a1b59eac3802011d5894654f2496	pyMethodLinkHash=PY_METHOD_99c5845ea52a76a6c6dd129c1918a4e8	pyTypeLinkHash=	pyModuleLinkHash=PY_MODULE_e8c22c801b9d7d33638ace57665fdd49	positionalArgCount=1	keywordArgCount=0	hasStarArgs=false	hasDoubleStarArgs=false	keywordNames=	argFlowIsPrecise=true	resolvedCalleeKind=BUILTIN	resolvedCalleeHash=	isModuleLevelCall=false	isConditional=true	startLine=79	startColumn=36	endLine=79	serviceVersionLinkHash=SERVICE_VERSION_00000000000000000000000000000000	pyCallSiteUniqueHash=PY_CALL_SITE_cbcc0516f11a4eda02c009bdecc23744
callKind=SIMPLE_CALL	calleeName=len	calleeDottedPath=len	receiverText=	receiverKind=NONE	pyExpressionLinkHash=PY_EXPRESSION_a055bf2b06f819db47ef73657fb373c6	receiverExpressionLinkHash=	pyScopeLinkHash=PY_SCOPE_f0946aa6eb41246aea5d160595182496	pyMethodLinkHash=PY_METHOD_e593d898ef9de8564a70657bebe50172	pyTypeLinkHash=	pyModuleLinkHash=PY_MODULE_fcb43aba22913355ac115ae9c4556240	positionalArgCount=1	keywordArgCount=0	hasStarArgs=false	hasDoubleStarArgs=false	keywordNames=	argFlowIsPrecise=true	resolvedCalleeKind=BUILTIN	resolvedCalleeHash=	isModuleLevelCall=false	isConditional=true	startLine=46	startColumn=27	endLine=46	serviceVersionLinkHash=SERVICE_VERSION_00000000000000000000000000000000	pyCallSiteUniqueHash=PY_CALL_SITE_53e014283a15f5d714e81091f1c1e70a
callKind=SIMPLE_CALL	calleeName=nested	calleeDottedPath=nested	receiverText=	receiverKind=NONE	pyExpressionLinkHash=PY_EXPRESSION_b732326d7ba2032423d11bc895a34e33	receiverExpressionLinkHash=	pyScopeLinkHash=PY_SCOPE_1d09e13be1947c1de946f859b015d1b5	pyMethodLinkHash=PY_METHOD_695f19fbafb1b5d022f11a24fe0b6432	pyTypeLinkHash=PY_TYPE_fd26c3cd94bd9663ee01dd2cfe94159d	pyModuleLinkHash=PY_MODULE_75dd800d24b53dd3ca1d826ca1525876	positionalArgCount=0	keywordArgCount=0	hasStarArgs=false	hasDoubleStarArgs=false	keywordNames=	argFlowIsPrecise=true	resolvedCalleeKind=MODULE_FUNCTION	resolvedCalleeHash=PY_METHOD_1a6aec94b4300e5700d5f15806230149	isModuleLevelCall=false	isConditional=false	startLine=53	startColumn=70	endLine=53	serviceVersionLinkHash=SERVICE_VERSION_00000000000000000000000000000000	pyCallSiteUniqueHash=PY_CALL_SITE_694f77be696fc5f5a6e1df110447dedb
callKind=SIMPLE_CALL	calleeName=range	calleeDottedPath=range	receiverText=	receiverKind=NONE	pyExpressionLinkHash=PY_EXPRESSION_b5ff30ed483096ad87ec38fcbeaeefb2	receiverExpressionLinkHash=	pyScopeLinkHash=PY_SCOPE_8fee8e657598bb02a681c0cde98185d7	pyMethodLinkHash=PY_METHOD_0111e5ac08669932693b6fc18ff50845	pyTypeLinkHash=PY_TYPE_b4aa287abde8dbb60cac1736e458094f	pyModuleLinkHash=PY_MODULE_7c5670e72548f0c21d5e8710e5a91903	positionalArgCount=1	keywordArgCount=0	hasStarArgs=false	hasDoubleStarArgs=false	keywordNames=	argFlowIsPrecise=true	resolvedCalleeKind=BUILTIN	resolvedCalleeHash=	isModuleLevelCall=false	isConditional=false	startLine=37	startColumn=41	endLine=37	serviceVersionLinkHash=SERVICE_VERSION_00000000000000000000000000000000	pyCallSiteUniqueHash=PY_CALL_SITE_b350b14acfda9697abf0d4c79990f8a6
callKind=SIMPLE_CALL	calleeName=super	calleeDottedPath=super	receiverText=	receiverKind=NONE	pyExpressionLinkHash=PY_EXPRESSION_0bbe1c906c149cc1f9e94ba0fea1e81a	receiverExpressionLinkHash=	pyScopeLinkHash=PY_SCOPE_705c6abb9413f80b52565503e65168d7	pyMethodLinkHash=PY_METHOD_2412f97bdd65167cced87fb9580da5f4	pyTypeLinkHash=PY_TYPE_87b5de4c1461e6b37e42d0b104fd407c	pyModuleLinkHash=PY_MODULE_0a821397f31f9644e27278ab1de4362b	positionalArgCount=0	keywordArgCount=0	hasStarArgs=false	hasDoubleStarArgs=false	keywordNames=	argFlowIsPrecise=true	resolvedCalleeKind=BUILTIN	resolvedCalleeHash=	isModuleLevelCall=false	isConditional=false	startLine=7	startColumn=15	endLine=7	serviceVersionLinkHash=SERVICE_VERSION_00000000000000000000000000000000	pyCallSiteUniqueHash=PY_CALL_SITE_f64b10905a747ee617a0a38e7da04f74
callKind=SIMPLE_CALL	calleeName=super	calleeDottedPath=super	receiverText=	receiverKind=NONE	pyExpressionLinkHash=PY_EXPRESSION_3d3b4c704a0646a56e196942e989aeaf	receiverExpressionLinkHash=	pyScopeLinkHash=PY_SCOPE_d03d7f1954f360a46532403693495c84	pyMethodLinkHash=PY_METHOD_96468236d011db4f3ad3adb72fc69739	pyTypeLinkHash=PY_TYPE_50545579e02058f8c7ab2e28c6b40e6a	pyModuleLinkHash=PY_MODULE_0af7a9df251376bafe876afe4a32f46e	positionalArgCount=0	keywordArgCount=0	hasStarArgs=false	hasDoubleStarArgs=false	keywordNames=	argFlowIsPrecise=true	resolvedCalleeKind=BUILTIN	resolvedCalleeHash=	isModuleLevelCall=false	isConditional=false	startLine=23	startColumn=15	endLine=23	serviceVersionLinkHash=SERVICE_VERSION_00000000000000000000000000000000	pyCallSiteUniqueHash=PY_CALL_SITE_bdb7fabe2a7e348369c7d8bc53f0f614
callKind=SIMPLE_CALL	calleeName=super	calleeDottedPath=super	receiverText=	receiverKind=NONE	pyExpressionLinkHash=PY_EXPRESSION_f37df8092ece5a5025dc6e240af0c7e2	receiverExpressionLinkHash=	pyScopeLinkHash=PY_SCOPE_6ba616c071573e6a1060dbe409b18985	pyMethodLinkHash=PY_METHOD_246f767be5cf6e34e38bb312bd42813b	pyTypeLinkHash=PY_TYPE_834321b821663a60dfa7d7e9704dc276	pyModuleLinkHash=PY_MODULE_0a821397f31f9644e27278ab1de4362b	positionalArgCount=0	keywordArgCount=0	hasStarArgs=false	hasDoubleStarArgs=false	keywordNames=	argFlowIsPrecise=true	resolvedCalleeKind=BUILTIN	resolvedCalleeHash=	isModuleLevelCall=false	isConditional=false	startLine=18	startColumn=15	endLine=18	serviceVersionLinkHash=SERVICE_VERSION_00000000000000000000000000000000	pyCallSiteUniqueHash=PY_CALL_SITE_0d9c6b52ab4712c17812d12e65ffa479
callKind=SUPER_CALL	calleeName=label	calleeDottedPath=label	receiverText=super()	receiverKind=SUPER	pyExpressionLinkHash=PY_EXPRESSION_3e99fd1bbd40dbff592762a16e250827	receiverExpressionLinkHash=PY_EXPRESSION_0bbe1c906c149cc1f9e94ba0fea1e81a	pyScopeLinkHash=PY_SCOPE_705c6abb9413f80b52565503e65168d7	pyMethodLinkHash=PY_METHOD_2412f97bdd65167cced87fb9580da5f4	pyTypeLinkHash=PY_TYPE_87b5de4c1461e6b37e42d0b104fd407c	pyModuleLinkHash=PY_MODULE_0a821397f31f9644e27278ab1de4362b	positionalArgCount=0	keywordArgCount=0	hasStarArgs=false	hasDoubleStarArgs=false	keywordNames=	argFlowIsPrecise=true	resolvedCalleeKind=METHOD	resolvedCalleeHash=PY_METHOD_10ddf5216712cc855e812fd9c30503a4	isModuleLevelCall=false	isConditional=false	startLine=7	startColumn=15	endLine=7	serviceVersionLinkHash=SERVICE_VERSION_00000000000000000000000000000000	pyCallSiteUniqueHash=PY_CALL_SITE_a7ab3deea06e0587240a1c8782168f86
callKind=SUPER_CALL	calleeName=label	calleeDottedPath=label	receiverText=super()	receiverKind=SUPER	pyExpressionLinkHash=PY_EXPRESSION_7960225f76c9deef6bc697c0348b0504	receiverExpressionLinkHash=PY_EXPRESSION_3d3b4c704a0646a56e196942e989aeaf	pyScopeLinkHash=PY_SCOPE_d03d7f1954f360a46532403693495c84	pyMethodLinkHash=PY_METHOD_96468236d011db4f3ad3adb72fc69739	pyTypeLinkHash=PY_TYPE_50545579e02058f8c7ab2e28c6b40e6a	pyModuleLinkHash=PY_MODULE_0af7a9df251376bafe876afe4a32f46e	positionalArgCount=0	keywordArgCount=0	hasStarArgs=false	hasDoubleStarArgs=false	keywordNames=	argFlowIsPrecise=true	resolvedCalleeKind=METHOD	resolvedCalleeHash=PY_METHOD_10ddf5216712cc855e812fd9c30503a4	isModuleLevelCall=false	isConditional=false	startLine=23	startColumn=15	endLine=23	serviceVersionLinkHash=SERVICE_VERSION_00000000000000000000000000000000	pyCallSiteUniqueHash=PY_CALL_SITE_11b1fc4aaa7b8246c0a1235d36886625
callKind=SUPER_CALL	calleeName=label	calleeDottedPath=label	receiverText=super()	receiverKind=SUPER	pyExpressionLinkHash=PY_EXPRESSION_da8de669bdcec9a56b2ec16da37ac03b	receiverExpressionLinkHash=PY_EXPRESSION_f37df8092ece5a5025dc6e240af0c7e2	pyScopeLinkHash=PY_SCOPE_6ba616c071573e6a1060dbe409b18985	pyMethodLinkHash=PY_METHOD_246f767be5cf6e34e38bb312bd42813b	pyTypeLinkHash=PY_TYPE_834321b821663a60dfa7d7e9704dc276	pyModuleLinkHash=PY_MODULE_0a821397f31f9644e27278ab1de4362b	positionalArgCount=0	keywordArgCount=0	hasStarArgs=false	hasDoubleStarArgs=false	keywordNames=	argFlowIsPrecise=true	resolvedCalleeKind=METHOD	resolvedCalleeHash=PY_METHOD_96468236d011db4f3ad3adb72fc69739	isModuleLevelCall=false	isConditional=false	startLine=18	startColumn=15	endLine=18	serviceVersionLinkHash=SERVICE_VERSION_00000000000000000000000000000000	pyCallSiteUniqueHash=PY_CALL_SITE_5248983df032b441431f0dbcd98590dd
