decoratorName=classmethod	kind=BARE	context=METHOD_DECLARATION	ownerHash=PY_METHOD_3c9f625656d895e41e4fc89cd99c0b71	pyTypeLinkHash=	pyMethodLinkHash=PY_METHOD_3c9f625656d895e41e4fc89cd99c0b71	position=0	applicationOrder=0	startLine=8	endLine=8	dottedPath=	fullText=@classmethod	argumentCount=	pyExpressionLinkHash=PY_EXPRESSION_45277877c130f6c7298c4003c17324d3	resolvedTargetHash=	isKnownBuiltin=true	builtinKind=CLASSMETHOD	replacesTarget=false	pyModuleLinkHash=PY_MODULE_7908beb43f8c739558eabfcf93ebca84	serviceVersionLinkHash=SERVICE_VERSION_00000000000000000000000000000000	pyDecoratorUniqueHash=PY_DECORATOR_ab629cc04c003d31bbefd756ddd7846e
decoratorName=classmethod	kind=BARE	context=METHOD_DECLARATION	ownerHash=PY_METHOD_c96fbb88bae96279b6619eae53653aac	pyTypeLinkHash=	pyMethodLinkHash=PY_METHOD_c96fbb88bae96279b6619eae53653aac	position=0	applicationOrder=0	startLine=13	endLine=13	dottedPath=	fullText=@classmethod	argumentCount=	pyExpressionLinkHash=PY_EXPRESSION_000b35d613a44048de520987c88de525	resolvedTargetHash=	isKnownBuiltin=true	builtinKind=CLASSMETHOD	replacesTarget=false	pyModuleLinkHash=PY_MODULE_7908beb43f8c739558eabfcf93ebca84	serviceVersionLinkHash=SERVICE_VERSION_00000000000000000000000000000000	pyDecoratorUniqueHash=PY_DECORATOR_0a70d22b77b21178a435e6ee112762ee
decoratorName=dataclass	kind=BARE	context=TYPE_DECLARATION	ownerHash=PY_TYPE_0d090a4533bb97a6729a4b05d91e8042	pyTypeLinkHash=PY_TYPE_0d090a4533bb97a6729a4b05d91e8042	pyMethodLinkHash=	position=0	applicationOrder=0	startLine=15	endLine=15	dottedPath=	fullText=@dataclass	argumentCount=	pyExpressionLinkHash=PY_EXPRESSION_d7542d80b43f4c2e88181eee5da72a7f	resolvedTargetHash=	isKnownBuiltin=true	builtinKind=DATACLASS	replacesTarget=false	pyModuleLinkHash=PY_MODULE_fcb43aba22913355ac115ae9c4556240	serviceVersionLinkHash=SERVICE_VERSION_00000000000000000000000000000000	pyDecoratorUniqueHash=PY_DECORATOR_0778891880b973fcfadbe800af92a5e6
decoratorName=dataclass	kind=BARE	context=TYPE_DECLARATION	ownerHash=PY_TYPE_2ce58f5e8c9675c1e0fd5c50ffba85b9	pyTypeLinkHash=PY_TYPE_2ce58f5e8c9675c1e0fd5c50ffba85b9	pyMethodLinkHash=	position=0	applicationOrder=0	startLine=9	endLine=9	dottedPath=	fullText=@dataclass	argumentCount=	pyExpressionLinkHash=PY_EXPRESSION_bef315637d0d85c6e981c2f1f42e2c19	resolvedTargetHash=	isKnownBuiltin=true	builtinKind=DATACLASS	replacesTarget=false	pyModuleLinkHash=PY_MODULE_fcb43aba22913355ac115ae9c4556240	serviceVersionLinkHash=SERVICE_VERSION_00000000000000000000000000000000	pyDecoratorUniqueHash=PY_DECORATOR_1a11d2b0a64d6aede821209ab8eb21c6
