importKind=FROM_MEMBER	importedPath=core.base.Leaf	packageOrTypeName=core.base	simpleName=Leaf	lineNumber=2	isStatic=false	isWildcard=false	isModuleImport=false	relativeLevel=0	originalName=Leaf	aliasName=	resolvedModuleLinkHash=PY_MODULE_0af7a9df251376bafe876afe4a32f46e	resolvedTargetKind=TYPE	resolvedTargetHash=PY_TYPE_50545579e02058f8c7ab2e28c6b40e6a	isExternalTarget=false	distributionName=	isTypeCheckingOnly=false	isConditional=false	pyScopeLinkHash=PY_SCOPE_c55ee4742ffe4870a08e4ccebad2d638	pyModuleLinkHash=PY_MODULE_0a821397f31f9644e27278ab1de4362b	bindingLinkHash=PY_BINDING_610dceeb556480fa684525ded81f7632	serviceVersionLinkHash=SERVICE_VERSION_00000000000000000000000000000000	pyImportUniqueHash=PY_IMPORT_17be8bc7d92a50b52ee5cf65cde76291
importKind=FROM_MEMBER	importedPath=core.base.Node	packageOrTypeName=core.base	simpleName=Node	lineNumber=2	isStatic=false	isWildcard=false	isModuleImport=false	relativeLevel=0	originalName=Node	aliasName=	resolvedModuleLinkHash=PY_MODULE_0af7a9df251376bafe876afe4a32f46e	resolvedTargetKind=TYPE	resolvedTargetHash=PY_TYPE_114cb72d42012abcb4ffcbce3bc6a345	isExternalTarget=false	distributionName=	isTypeCheckingOnly=false	isConditional=false	pyScopeLinkHash=PY_SCOPE_c55ee4742ffe4870a08e4ccebad2d638	pyModuleLinkHash=PY_MODULE_0a821397f31f9644e27278ab1de4362b	bindingLinkHash=PY_BINDING_a025ef9fa18f969fb6b329adb0bf74dc	serviceVersionLinkHash=SERVICE_VERSION_00000000000000000000000000000000	pyImportUniqueHash=PY_IMPORT_dc1e293d2c29fd9cf75cd0e8c1695dd4
importKind=FROM_MEMBER	importedPath=core.base.Node	packageOrTypeName=core.base	simpleName=Node	lineNumber=2	isStatic=false	isWildcard=false	isModuleImport=false	relativeLevel=0	originalName=Node	aliasName=	resolvedModuleLinkHash=PY_MODULE_0af7a9df251376bafe876afe4a32f46e	resolvedTargetKind=TYPE	resolvedTargetHash=PY_TYPE_114cb72d42012abcb4ffcbce3bc6a345	isExternalTarget=false	distributionName=	isTypeCheckingOnly=false	isConditional=false	pyScopeLinkHash=PY_SCOPE_cb8cf1b1a132675a833e9bf463d4236f	pyModuleLinkHash=PY_MODULE_7908beb43f8c739558eabfcf93ebca84	bindingLinkHash=PY_BINDING_6d055b9aae8c20d623f2a543fcf95501	serviceVersionLinkHash=SERVICE_VERSION_00000000000000000000000000000000	pyImportUniqueHash=PY_IMPORT_ed6f99c4023ff7b765fcaa49ae326df1
importKind=FROM_MEMBER	importedPath=dataclasses.dataclass	packageOrTypeName=dataclasses	simpleName=dataclass	lineNumber=6	isStatic=false	isWildcard=false	isModuleImport=false	relativeLevel=0	originalName=dataclass	aliasName=	resolvedModuleLinkHash=	resolvedTargetKind=UNRESOLVED	resolvedTargetHash=	isExternalTarget=true	distributionName=	isTypeCheckingOnly=false	isConditional=false	pyScopeLinkHash=PY_SCOPE_36fa0c472e8ad6fb04f3ec89e977d9e3	pyModuleLinkHash=PY_MODULE_fcb43aba22913355ac115ae9c4556240	bindingLinkHash=PY_BINDING_7392e183ddecf5cd1672039a3580220a	serviceVersionLinkHash=SERVICE_VERSION_00000000000000000000000000000000	pyImportUniqueHash=PY_IMPORT_c05a008b8f408b1cc4e838dd2f10081d
