paramName=a	position=0	pyMethodLinkHash=PY_METHOD_4349c77fd509ffa0604ef313deaa232c	parameterBaseType=	parameterTypeName=	potentialQualifiedName=	isAmbiguous=false	isFinal=false	isVarArgs=false	isReceiverParameter=false	startLine=66	endLine=66	paramKind=POSITIONAL_OR_KEYWORD	hasDefault=false	defaultValueText=	defaultValueKind=NONE	isMutableDefault=false	annotationIsString=false	bindingLinkHash=PY_BINDING_d990968d25473e9189c50bb2e4b4e24b	pyExpressionLinkHash=	serviceVersionLinkHash=SERVICE_VERSION_00000000000000000000000000000000	pyMethodParameterUniqueHash=PY_METHOD_PARAMETER_5131a1275c4309bd7bda215900d68760
paramName=b	position=1	pyMethodLinkHash=PY_METHOD_4349c77fd509ffa0604ef313deaa232c	parameterBaseType=	parameterTypeName=	potentialQualifiedName=	isAmbiguous=false	isFinal=false	isVarArgs=false	isReceiverParameter=false	startLine=66	endLine=66	paramKind=POSITIONAL_OR_KEYWORD	hasDefault=false	defaultValueText=	defaultValueKind=NONE	isMutableDefault=false	annotationIsString=false	bindingLinkHash=PY_BINDING_a15e6acad015de36f381c1d4b7ecba96	pyExpressionLinkHash=	serviceVersionLinkHash=SERVICE_VERSION_00000000000000000000000000000000	pyMethodParameterUniqueHash=PY_METHOD_PARAMETER_47bac889c2a19285e69121e55d075368
paramName=child	position=1	pyMethodLinkHash=PY_METHOD_f164f80f3667fd932688af5eccefd737	parameterBaseType=	parameterTypeName=	potentialQualifiedName=	isAmbiguous=false	isFinal=false	isVarArgs=false	isReceiverParameter=false	startLine=12	endLine=12	paramKind=POSITIONAL_OR_KEYWORD	hasDefault=false	defaultValueText=	defaultValueKind=NONE	isMutableDefault=false	annotationIsString=false	bindingLinkHash=PY_BINDING_4831bd3d986bccfc97f55d314a9da8a6	pyExpressionLinkHash=	serviceVersionLinkHash=SERVICE_VERSION_00000000000000000000000000000000	pyMethodParameterUniqueHash=PY_METHOD_PARAMETER_52f232e2df2be60691c12888c56deadf
paramName=cls	position=0	pyMethodLinkHash=PY_METHOD_3c9f625656d895e41e4fc89cd99c0b71	parameterBaseType=	parameterTypeName=	potentialQualifiedName=	isAmbiguous=false	isFinal=false	isVarArgs=false	isReceiverParameter=true	startLine=9	endLine=9	paramKind=POSITIONAL_OR_KEYWORD	hasDefault=false	defaultValueText=	defaultValueKind=NONE	isMutableDefault=false	annotationIsString=false	bindingLinkHash=PY_BINDING_ce40c724f3e936ba9ed9604f630db74b	pyExpressionLinkHash=	serviceVersionLinkHash=SERVICE_VERSION_00000000000000000000000000000000	pyMethodParameterUniqueHash=PY_METHOD_PARAMETER_bd1cd488f08f96c41680e3c17f529f08
paramName=cls	position=0	pyMethodLinkHash=PY_METHOD_c96fbb88bae96279b6619eae53653aac	parameterBaseType=	parameterTypeName=	potentialQualifiedName=	isAmbiguous=false	isFinal=false	isVarArgs=false	isReceiverParameter=true	startLine=14	endLine=14	paramKind=POSITIONAL_OR_KEYWORD	hasDefault=false	defaultValueText=	defaultValueKind=NONE	isMutableDefault=false	annotationIsString=false	bindingLinkHash=PY_BINDING_609ad10b20b9dd8aeb1b68f64cf064a0	pyExpressionLinkHash=	serviceVersionLinkHash=SERVICE_VERSION_00000000000000000000000000000000	pyMethodParameterUniqueHash=PY_METHOD_PARAMETER_24f7e561c2e055a03ec7a26a0669e5e9
paramName=count	position=0	pyMethodLinkHash=PY_METHOD_dc007ceaf105fb30832887e9758aa5f6	parameterBaseType=int	parameterTypeName=int	potentialQualifiedName=	isAmbiguous=false	isFinal=false	isVarArgs=false	isReceiverParameter=false	startLine=85	endLine=85	paramKind=POSITIONAL_OR_KEYWORD	hasDefault=true	defaultValueText=0	defaultValueKind=NUMBER	isMutableDefault=false	annotationIsString=false	bindingLinkHash=PY_BINDING_6682de8ad3eaade976b5b898f19dff4d	pyExpressionLinkHash=PY_EXPRESSION_dff837dc13a7e1f0866ce637026ffb26	serviceVersionLinkHash=SERVICE_VERSION_00000000000000000000000000000000	pyMethodParameterUniqueHash=PY_METHOD_PARAMETER_b441f95674b2e35372ea9d1ee31dbada
paramName=items	position=0	pyMethodLinkHash=PY_METHOD_99c5845ea52a76a6c6dd129c1918a4e8	parameterBaseType=	parameterTypeName=	potentialQualifiedName=	isAmbiguous=false	isFinal=false	isVarArgs=false	isReceiverParameter=false	startLine=77	endLine=77	paramKind=POSITIONAL_OR_KEYWORD	hasDefault=false	defaultValueText=	defaultValueKind=NONE	isMutableDefault=false	annotationIsString=false	bindingLinkHash=PY_BINDING_c8e4aa45e1057ba542ea2ca7d8d9c540	pyExpressionLinkHash=	serviceVersionLinkHash=SERVICE_VERSION_00000000000000000000000000000000	pyMethodParameterUniqueHash=PY_METHOD_PARAMETER_4809471c59ee3c9788afe8abffc4fc9d
paramName=items	position=0	pyMethodLinkHash=PY_METHOD_d4b52d2b10c5e9f0a53000438c219a54	parameterBaseType=	parameterTypeName=	potentialQualifiedName=	isAmbiguous=false	isFinal=false	isVarArgs=false	isReceiverParameter=false	startLine=12	endLine=12	paramKind=POSITIONAL_OR_KEYWORD	hasDefault=false	defaultValueText=	defaultValueKind=NONE	isMutableDefault=false	annotationIsString=false	bindingLinkHash=PY_BINDING_c231153a9363b6eaf80ffb635efab37e	pyExpressionLinkHash=	serviceVersionLinkHash=SERVICE_VERSION_00000000000000000000000000000000	pyMethodParameterUniqueHash=PY_METHOD_PARAMETER_50813de6cfb75d2b52f5ba5250420c1c
paramName=module_x	position=0	pyMethodLinkHash=PY_METHOD_ba24fa02e080ead8508d00e9d70afd9a	parameterBaseType=	parameterTypeName=	potentialQualifiedName=	isAmbiguous=false	isFinal=false	isVarArgs=false	isReceiverParameter=false	startLine=13	endLine=13	paramKind=POSITIONAL_OR_KEYWORD	hasDefault=true	defaultValueText=module_x	defaultValueKind=NAME	isMutableDefault=false	annotationIsString=false	bindingLinkHash=PY_BINDING_66b95f090d3ff397564f425046c67888	pyExpressionLinkHash=PY_EXPRESSION_51f98df6b2d4de24f665d656d3eef364	serviceVersionLinkHash=SERVICE_VERSION_00000000000000000000000000000000	pyMethodParameterUniqueHash=PY_METHOD_PARAMETER_2ef3743ee6fcf0d5ae63b797428d420a
paramName=msg	position=0	pyMethodLinkHash=PY_METHOD_e593d898ef9de8564a70657bebe50172	parameterBaseType=	parameterTypeName=	potentialQualifiedName=	isAmbiguous=false	isFinal=false	isVarArgs=false	isReceiverParameter=false	startLine=21	endLine=21	paramKind=POSITIONAL_OR_KEYWORD	hasDefault=false	defaultValueText=	defaultValueKind=NONE	isMutableDefault=false	annotationIsString=false	bindingLinkHash=PY_BINDING_755ff22c5148503a626d9b344bfe284b	pyExpressionLinkHash=	serviceVersionLinkHash=SERVICE_VERSION_00000000000000000000000000000000	pyMethodParameterUniqueHash=PY_METHOD_PARAMETER_42b7337cc309b52bdf1484c71dafe347
paramName=name	position=0	pyMethodLinkHash=PY_METHOD_6610cba4c5d72cf434906f924e02959e	parameterBaseType=	parameterTypeName=	potentialQualifiedName=	isAmbiguous=false	isFinal=false	isVarArgs=false	isReceiverParameter=false	startLine=38	endLine=38	paramKind=POSITIONAL_OR_KEYWORD	hasDefault=false	defaultValueText=	defaultValueKind=NONE	isMutableDefault=false	annotationIsString=false	bindingLinkHash=PY_BINDING_5543a2cf5cb1550b8cc7197d6972b616	pyExpressionLinkHash=	serviceVersionLinkHash=SERVICE_VERSION_00000000000000000000000000000000	pyMethodParameterUniqueHash=PY_METHOD_PARAMETER_f217534a5d86400e44b1260d0c5d2c37
paramName=name	position=1	pyMethodLinkHash=PY_METHOD_1800af667e7076b626bd654b5e3dbebd	parameterBaseType=	parameterTypeName=	potentialQualifiedName=	isAmbiguous=false	isFinal=false	isVarArgs=false	isReceiverParameter=false	startLine=5	endLine=5	paramKind=POSITIONAL_OR_KEYWORD	hasDefault=false	defaultValueText=	defaultValueKind=NONE	isMutableDefault=false	annotationIsString=false	bindingLinkHash=PY_BINDING_cf41059af4c668f928626cc9b168f187	pyExpressionLinkHash=	serviceVersionLinkHash=SERVICE_VERSION_00000000000000000000000000000000	pyMethodParameterUniqueHash=PY_METHOD_PARAMETER_cec4c5ae8fa73ea155b1c27c382de641
paramName=name	position=1	pyMethodLinkHash=PY_METHOD_3c9f625656d895e41e4fc89cd99c0b71	parameterBaseType=	parameterTypeName=	potentialQualifiedName=	isAmbiguous=false	isFinal=false	isVarArgs=false	isReceiverParameter=false	startLine=9	endLine=9	paramKind=POSITIONAL_OR_KEYWORD	hasDefault=false	defaultValueText=	defaultValueKind=NONE	isMutableDefault=false	annotationIsString=false	bindingLinkHash=PY_BINDING_da72123255f68e9dbc32a5cba784a36c	pyExpressionLinkHash=	serviceVersionLinkHash=SERVICE_VERSION_00000000000000000000000000000000	pyMethodParameterUniqueHash=PY_METHOD_PARAMETER_d4664518af0d465c4f4ac6f6c8dc16ac
paramName=name	position=1	pyMethodLinkHash=PY_METHOD_bd7c847866b0674467ec65fee212e98d	parameterBaseType=	parameterTypeName=	potentialQualifiedName=	isAmbiguous=false	isFinal=false	isVarArgs=false	isReceiverParameter=false	startLine=17	endLine=17	paramKind=POSITIONAL_OR_KEYWORD	hasDefault=false	defaultValueText=	defaultValueKind=NONE	isMutableDefault=false	annotationIsString=false	bindingLinkHash=PY_BINDING_7b9918202c58d44b5ac84b22d3ca4400	pyExpressionLinkHash=	serviceVersionLinkHash=SERVICE_VERSION_00000000000000000000000000000000	pyMethodParameterUniqueHash=PY_METHOD_PARAMETER_e357a898c664abe46902613eacd303a8
paramName=name	position=1	pyMethodLinkHash=PY_METHOD_dc007ceaf105fb30832887e9758aa5f6	parameterBaseType=str	parameterTypeName=str	potentialQualifiedName=	isAmbiguous=false	isFinal=false	isVarArgs=false	isReceiverParameter=false	startLine=85	endLine=85	paramKind=POSITIONAL_OR_KEYWORD	hasDefault=true	defaultValueText="""anon"""	defaultValueKind=STRING	isMutableDefault=false	annotationIsString=false	bindingLinkHash=PY_BINDING_34b178cde5750686a13272d7b773b453	pyExpressionLinkHash=PY_EXPRESSION_f6d59ee27c8c0ba0bd4bf25aa1d2dab0	serviceVersionLinkHash=SERVICE_VERSION_00000000000000000000000000000000	pyMethodParameterUniqueHash=PY_METHOD_PARAMETER_d11d234714f400fd22285de66bd7f642
paramName=node	position=1	pyMethodLinkHash=PY_METHOD_17d9701a5ba071a3f6d3025f7d492a97	parameterBaseType=	parameterTypeName=	potentialQualifiedName=	isAmbiguous=false	isFinal=false	isVarArgs=false	isReceiverParameter=false	startLine=30	endLine=30	paramKind=POSITIONAL_OR_KEYWORD	hasDefault=false	defaultValueText=	defaultValueKind=NONE	isMutableDefault=false	annotationIsString=false	bindingLinkHash=PY_BINDING_bf1f61649f15c30ef3b590ba37889034	pyExpressionLinkHash=	serviceVersionLinkHash=SERVICE_VERSION_00000000000000000000000000000000	pyMethodParameterUniqueHash=PY_METHOD_PARAMETER_f35152ea1207ad255d6fdf42bec67ad2
paramName=point	position=0	pyMethodLinkHash=PY_METHOD_f1cabc90b966fb3a98cd89e50251d1d1	parameterBaseType=	parameterTypeName=	potentialQualifiedName=	isAmbiguous=false	isFinal=false	isVarArgs=false	isReceiverParameter=false	startLine=14	endLine=14	paramKind=POSITIONAL_OR_KEYWORD	hasDefault=false	defaultValueText=	defaultValueKind=NONE	isMutableDefault=false	annotationIsString=false	bindingLinkHash=PY_BINDING_7cd03e27e30ff5b236be1a6ab38e6cea	pyExpressionLinkHash=	serviceVersionLinkHash=SERVICE_VERSION_00000000000000000000000000000000	pyMethodParameterUniqueHash=PY_METHOD_PARAMETER_f840e0239ab6bfb70bb857b43f7e05ed
paramName=ratio	position=2	pyMethodLinkHash=PY_METHOD_dc007ceaf105fb30832887e9758aa5f6	parameterBaseType=float	parameterTypeName=float	potentialQualifiedName=	isAmbiguous=false	isFinal=false	isVarArgs=false	isReceiverParameter=false	startLine=85	endLine=85	paramKind=POSITIONAL_OR_KEYWORD	hasDefault=true	defaultValueText=1.0	defaultValueKind=NUMBER	isMutableDefault=false	annotationIsString=false	bindingLinkHash=PY_BINDING_8883037c6a7da8e5fbe59e86029dd794	pyExpressionLinkHash=PY_EXPRESSION_e9a8a5c9e1bbfc01da43a53440a6c522	serviceVersionLinkHash=SERVICE_VERSION_00000000000000000000000000000000	pyMethodParameterUniqueHash=PY_METHOD_PARAMETER_e1f00cf3a76f45aa458578fa4733d3d7
paramName=seed	position=0	pyMethodLinkHash=PY_METHOD_ef5eb768f9096175f6ba0b71ede1f9de	parameterBaseType=	parameterTypeName=	potentialQualifiedName=	isAmbiguous=false	isFinal=false	isVarArgs=false	isReceiverParameter=false	startLine=99	endLine=99	paramKind=POSITIONAL_OR_KEYWORD	hasDefault=true	defaultValueText=(computed := 21 * 2)	defaultValueKind=UNKNOWN	isMutableDefault=false	annotationIsString=false	bindingLinkHash=PY_BINDING_53145c67ad67e4397075072e66fb6e2c	pyExpressionLinkHash=PY_EXPRESSION_bfd59cd2c352d41ca00220700ade0a92	serviceVersionLinkHash=SERVICE_VERSION_00000000000000000000000000000000	pyMethodParameterUniqueHash=PY_METHOD_PARAMETER_055ffbb2481d7cb31cfad65e5a584a83
paramName=self	position=0	pyMethodLinkHash=PY_METHOD_10ddf5216712cc855e812fd9c30503a4	parameterBaseType=	parameterTypeName=	potentialQualifiedName=	isAmbiguous=false	isFinal=false	isVarArgs=false	isReceiverParameter=true	startLine=9	endLine=9	paramKind=POSITIONAL_OR_KEYWORD	hasDefault=false	defaultValueText=	defaultValueKind=NONE	isMutableDefault=false	annotationIsString=false	bindingLinkHash=PY_BINDING_7da8cb855ebc788a7246db9a4f7f3a2e	pyExpressionLinkHash=	serviceVersionLinkHash=SERVICE_VERSION_00000000000000000000000000000000	pyMethodParameterUniqueHash=PY_METHOD_PARAMETER_56674d753a8aea6fc552bd1b369a8ee1
paramName=self	position=0	pyMethodLinkHash=PY_METHOD_17d9701a5ba071a3f6d3025f7d492a97	parameterBaseType=	parameterTypeName=	potentialQualifiedName=	isAmbiguous=false	isFinal=false	isVarArgs=false	isReceiverParameter=true	startLine=30	endLine=30	paramKind=POSITIONAL_OR_KEYWORD	hasDefault=false	defaultValueText=	defaultValueKind=NONE	isMutableDefault=false	annotationIsString=false	bindingLinkHash=PY_BINDING_3c19509e281b124b7b179bc64207a0b2	pyExpressionLinkHash=	serviceVersionLinkHash=SERVICE_VERSION_00000000000000000000000000000000	pyMethodParameterUniqueHash=PY_METHOD_PARAMETER_5fa72eadbff96fd09c5e9bd57429f5c5
paramName=self	position=0	pyMethodLinkHash=PY_METHOD_1800af667e7076b626bd654b5e3dbebd	parameterBaseType=	parameterTypeName=	potentialQualifiedName=	isAmbiguous=false	isFinal=false	isVarArgs=false	isReceiverParameter=true	startLine=5	endLine=5	paramKind=POSITIONAL_OR_KEYWORD	hasDefault=false	defaultValueText=	defaultValueKind=NONE	isMutableDefault=false	annotationIsString=false	bindingLinkHash=PY_BINDING_5225635cc22dc4f427bb9f728768a776	pyExpressionLinkHash=	serviceVersionLinkHash=SERVICE_VERSION_00000000000000000000000000000000	pyMethodParameterUniqueHash=PY_METHOD_PARAMETER_6aea3d72702555a14c4e5e7a7f6572a9
paramName=self	position=0	pyMethodLinkHash=PY_METHOD_2412f97bdd65167cced87fb9580da5f4	parameterBaseType=	parameterTypeName=	potentialQualifiedName=	isAmbiguous=false	isFinal=false	isVarArgs=false	isReceiverParameter=true	startLine=6	endLine=6	paramKind=POSITIONAL_OR_KEYWORD	hasDefault=false	defaultValueText=	defaultValueKind=NONE	isMutableDefault=false	annotationIsString=false	bindingLinkHash=PY_BINDING_716bd315a2db20d790a57595fee721f9	pyExpressionLinkHash=	serviceVersionLinkHash=SERVICE_VERSION_00000000000000000000000000000000	pyMethodParameterUniqueHash=PY_METHOD_PARAMETER_faf0f025dbd12da36e617619c2b14621
paramName=self	position=0	pyMethodLinkHash=PY_METHOD_246f767be5cf6e34e38bb312bd42813b	parameterBaseType=	parameterTypeName=	potentialQualifiedName=	isAmbiguous=false	isFinal=false	isVarArgs=false	isReceiverParameter=true	startLine=17	endLine=17	paramKind=POSITIONAL_OR_KEYWORD	hasDefault=false	defaultValueText=	defaultValueKind=NONE	isMutableDefault=false	annotationIsString=false	bindingLinkHash=PY_BINDING_ac02659f49adedbf3f1114e1b3e75fd1	pyExpressionLinkHash=	serviceVersionLinkHash=SERVICE_VERSION_00000000000000000000000000000000	pyMethodParameterUniqueHash=PY_METHOD_PARAMETER_bc791bf457d002c15d1fa4ac77e73681
paramName=self	position=0	pyMethodLinkHash=PY_METHOD_27d5da0711465a08ad45d955009e276f	parameterBaseType=	parameterTypeName=	potentialQualifiedName=	isAmbiguous=false	isFinal=false	isVarArgs=false	isReceiverParameter=true	startLine=27	endLine=27	paramKind=POSITIONAL_OR_KEYWORD	hasDefault=false	defaultValueText=	defaultValueKind=NONE	isMutableDefault=false	annotationIsString=false	bindingLinkHash=PY_BINDING_0936732291f4b2db81ff7debb375a171	pyExpressionLinkHash=	serviceVersionLinkHash=SERVICE_VERSION_00000000000000000000000000000000	pyMethodParameterUniqueHash=PY_METHOD_PARAMETER_cc5c550fe2ffd6fe10993fedfa9eb4b6
paramName=self	position=0	pyMethodLinkHash=PY_METHOD_3abbfd702bc0c1418f0e06115ddcf36f	parameterBaseType=	parameterTypeName=	potentialQualifiedName=	isAmbiguous=false	isFinal=false	isVarArgs=false	isReceiverParameter=true	startLine=21	endLine=21	paramKind=POSITIONAL_OR_KEYWORD	hasDefault=false	defaultValueText=	defaultValueKind=NONE	isMutableDefault=false	annotationIsString=false	bindingLinkHash=PY_BINDING_68171252044bdcec469ca679dbcce8da	pyExpressionLinkHash=	serviceVersionLinkHash=SERVICE_VERSION_00000000000000000000000000000000	pyMethodParameterUniqueHash=PY_METHOD_PARAMETER_23a338dfba66493e5978f5701c8f64be
paramName=self	position=0	pyMethodLinkHash=PY_METHOD_3d7d144d1966b10690580a67d98bc0aa	parameterBaseType=	parameterTypeName=	potentialQualifiedName=	isAmbiguous=false	isFinal=false	isVarArgs=false	isReceiverParameter=true	startLine=29	endLine=29	paramKind=POSITIONAL_OR_KEYWORD	hasDefault=false	defaultValueText=	defaultValueKind=NONE	isMutableDefault=false	annotationIsString=false	bindingLinkHash=PY_BINDING_6ff674753e234ed96af27b349495bdb4	pyExpressionLinkHash=	serviceVersionLinkHash=SERVICE_VERSION_00000000000000000000000000000000	pyMethodParameterUniqueHash=PY_METHOD_PARAMETER_285bdc213d7a10543fe0fea934aa9629
paramName=self	position=0	pyMethodLinkHash=PY_METHOD_695f19fbafb1b5d022f11a24fe0b6432	parameterBaseType=	parameterTypeName=	potentialQualifiedName=	isAmbiguous=false	isFinal=false	isVarArgs=false	isReceiverParameter=true	startLine=48	endLine=48	paramKind=POSITIONAL_OR_KEYWORD	hasDefault=false	defaultValueText=	defaultValueKind=NONE	isMutableDefault=false	annotationIsString=false	bindingLinkHash=PY_BINDING_9ea2c5168c5846a3e8e8e26207e6ee1a	pyExpressionLinkHash=	serviceVersionLinkHash=SERVICE_VERSION_00000000000000000000000000000000	pyMethodParameterUniqueHash=PY_METHOD_PARAMETER_61beeb9e75883d2e23fd51c0f929d2e6
paramName=self	position=0	pyMethodLinkHash=PY_METHOD_77dea3cdc5d60e4df33e29e6b60a5e7d	parameterBaseType=	parameterTypeName=	potentialQualifiedName=	isAmbiguous=false	isFinal=false	isVarArgs=false	isReceiverParameter=true	startLine=9	endLine=9	paramKind=POSITIONAL_OR_KEYWORD	hasDefault=false	defaultValueText=	defaultValueKind=NONE	isMutableDefault=false	annotationIsString=false	bindingLinkHash=PY_BINDING_a4e905a6f6d3ee7ecf37d055037f1846	pyExpressionLinkHash=	serviceVersionLinkHash=SERVICE_VERSION_00000000000000000000000000000000	pyMethodParameterUniqueHash=PY_METHOD_PARAMETER_08261e0713d924fd2b9849072c15ee60
paramName=self	position=0	pyMethodLinkHash=PY_METHOD_8bca5358b79207a986a29b360c562a6d	parameterBaseType=	parameterTypeName=	potentialQualifiedName=	isAmbiguous=false	isFinal=false	isVarArgs=false	isReceiverParameter=true	startLine=70	endLine=70	paramKind=POSITIONAL_OR_KEYWORD	hasDefault=false	defaultValueText=	defaultValueKind=NONE	isMutableDefault=false	annotationIsString=false	bindingLinkHash=PY_BINDING_5b97f97f9c038df020e1e2a4ea9399c1	pyExpressionLinkHash=	serviceVersionLinkHash=SERVICE_VERSION_00000000000000000000000000000000	pyMethodParameterUniqueHash=PY_METHOD_PARAMETER_05b1ac4bb3597b0ce512c17ada8cd2b3
paramName=self	position=0	pyMethodLinkHash=PY_METHOD_8f6edbe8fbcbaf7c758445b95f8405b6	parameterBaseType=	parameterTypeName=	potentialQualifiedName=	isAmbiguous=false	isFinal=false	isVarArgs=false	isReceiverParameter=true	startLine=44	endLine=44	paramKind=POSITIONAL_OR_KEYWORD	hasDefault=false	defaultValueText=	defaultValueKind=NONE	isMutableDefault=false	annotationIsString=false	bindingLinkHash=PY_BINDING_ffdfb6f3d194454a8c1fb8f4f684252e	pyExpressionLinkHash=	serviceVersionLinkHash=SERVICE_VERSION_00000000000000000000000000000000	pyMethodParameterUniqueHash=PY_METHOD_PARAMETER_8c939b5ee5766144b4d1e65739e2a0bd
paramName=self	position=0	pyMethodLinkHash=PY_METHOD_9015295cb8f51d05065df73b4c8b31a9	parameterBaseType=	parameterTypeName=	potentialQualifiedName=	isAmbiguous=false	isFinal=false	isVarArgs=false	isReceiverParameter=true	startLine=12	endLine=12	paramKind=POSITIONAL_OR_KEYWORD	hasDefault=false	defaultValueText=	defaultValueKind=NONE	isMutableDefault=false	annotationIsString=false	bindingLinkHash=PY_BINDING_6ffa692fe59ec00404d0b12c8dcde3cf	pyExpressionLinkHash=	serviceVersionLinkHash=SERVICE_VERSION_00000000000000000000000000000000	pyMethodParameterUniqueHash=PY_METHOD_PARAMETER_2a239a3cf8101c69a6a092db9b11cce2
paramName=self	position=0	pyMethodLinkHash=PY_METHOD_96468236d011db4f3ad3adb72fc69739	parameterBaseType=	parameterTypeName=	potentialQualifiedName=	isAmbiguous=false	isFinal=false	isVarArgs=false	isReceiverParameter=true	startLine=21	endLine=21	paramKind=POSITIONAL_OR_KEYWORD	hasDefault=false	defaultValueText=	defaultValueKind=NONE	isMutableDefault=false	annotationIsString=false	bindingLinkHash=PY_BINDING_b85b88b9a7a789bb3237a202cce019c3	pyExpressionLinkHash=	serviceVersionLinkHash=SERVICE_VERSION_00000000000000000000000000000000	pyMethodParameterUniqueHash=PY_METHOD_PARAMETER_1be08a879062b199ed82d45934e881af
paramName=self	position=0	pyMethodLinkHash=PY_METHOD_99ac7ae6fbba7c42e02de4fc9b944c60	parameterBaseType=	parameterTypeName=	potentialQualifiedName=	isAmbiguous=false	isFinal=false	isVarArgs=false	isReceiverParameter=true	startLine=57	endLine=57	paramKind=POSITIONAL_OR_KEYWORD	hasDefault=false	defaultValueText=	defaultValueKind=NONE	isMutableDefault=false	annotationIsString=false	bindingLinkHash=PY_BINDING_e58884a49cda05dd05f098e48455196b	pyExpressionLinkHash=	serviceVersionLinkHash=SERVICE_VERSION_00000000000000000000000000000000	pyMethodParameterUniqueHash=PY_METHOD_PARAMETER_e7aafa45cf21741f3d207d1e5d3d4f42
paramName=self	position=0	pyMethodLinkHash=PY_METHOD_9a04b3f6daa7fe400f6b7464235317b2	parameterBaseType=	parameterTypeName=	potentialQualifiedName=	isAmbiguous=false	isFinal=false	isVarArgs=false	isReceiverParameter=true	startLine=53	endLine=53	paramKind=POSITIONAL_OR_KEYWORD	hasDefault=false	defaultValueText=	defaultValueKind=NONE	isMutableDefault=false	annotationIsString=false	bindingLinkHash=PY_BINDING_b5b453574067194c59e08435f84e9957	pyExpressionLinkHash=	serviceVersionLinkHash=SERVICE_VERSION_00000000000000000000000000000000	pyMethodParameterUniqueHash=PY_METHOD_PARAMETER_4975938708a028e68f92933012719320
paramName=self	position=0	pyMethodLinkHash=PY_METHOD_b079534daf86e20dfc668b7623db12f7	parameterBaseType=	parameterTypeName=	potentialQualifiedName=	isAmbiguous=false	isFinal=false	isVarArgs=false	isReceiverParameter=true	startLine=16	endLine=16	paramKind=POSITIONAL_OR_KEYWORD	hasDefault=false	defaultValueText=	defaultValueKind=NONE	isMutableDefault=false	annotationIsString=false	bindingLinkHash=PY_BINDING_2006f092a27a83c2de09bdf51b279ef9	pyExpressionLinkHash=	serviceVersionLinkHash=SERVICE_VERSION_00000000000000000000000000000000	pyMethodParameterUniqueHash=PY_METHOD_PARAMETER_3389c2c0ee5eb2a4e76be05887f5aa29
paramName=self	position=0	pyMethodLinkHash=PY_METHOD_bd7c847866b0674467ec65fee212e98d	parameterBaseType=	parameterTypeName=	potentialQualifiedName=	isAmbiguous=false	isFinal=false	isVarArgs=false	isReceiverParameter=true	startLine=17	endLine=17	paramKind=POSITIONAL_OR_KEYWORD	hasDefault=false	defaultValueText=	defaultValueKind=NONE	isMutableDefault=false	annotationIsString=false	bindingLinkHash=PY_BINDING_4f413442b1f27ede43774c3e489b1fb2	pyExpressionLinkHash=	serviceVersionLinkHash=SERVICE_VERSION_00000000000000000000000000000000	pyMethodParameterUniqueHash=PY_METHOD_PARAMETER_2e7b974affb4380e95df31cee79d20b9
paramName=self	position=0	pyMethodLinkHash=PY_METHOD_c0d08eb80ac0506fff63cb9be9f81d18	parameterBaseType=	parameterTypeName=	potentialQualifiedName=	isAmbiguous=false	isFinal=false	isVarArgs=false	isReceiverParameter=true	startLine=43	endLine=43	paramKind=POSITIONAL_OR_KEYWORD	hasDefault=false	defaultValueText=	defaultValueKind=NONE	isMutableDefault=false	annotationIsString=false	bindingLinkHash=PY_BINDING_e0d920f2172d21395929b2276b174d0b	pyExpressionLinkHash=	serviceVersionLinkHash=SERVICE_VERSION_00000000000000000000000000000000	pyMethodParameterUniqueHash=PY_METHOD_PARAMETER_61d1ffd9c443a270f9a64c26d1625e1f
paramName=self	position=0	pyMethodLinkHash=PY_METHOD_d7a26baec95db1ac47ae906b256b56b6	parameterBaseType=	parameterTypeName=	potentialQualifiedName=	isAmbiguous=false	isFinal=false	isVarArgs=false	isReceiverParameter=true	startLine=27	endLine=27	paramKind=POSITIONAL_OR_KEYWORD	hasDefault=false	defaultValueText=	defaultValueKind=NONE	isMutableDefault=false	annotationIsString=false	bindingLinkHash=PY_BINDING_02ea90ebebde2f459f2529357752a1d8	pyExpressionLinkHash=	serviceVersionLinkHash=SERVICE_VERSION_00000000000000000000000000000000	pyMethodParameterUniqueHash=PY_METHOD_PARAMETER_45af7cc739fcba67866ac15ac2bb2f5e
paramName=self	position=0	pyMethodLinkHash=PY_METHOD_dd89d4df485031a611acfbb907b0b389	parameterBaseType=	parameterTypeName=	potentialQualifiedName=	isAmbiguous=false	isFinal=false	isVarArgs=false	isReceiverParameter=true	startLine=34	endLine=34	paramKind=POSITIONAL_OR_KEYWORD	hasDefault=false	defaultValueText=	defaultValueKind=NONE	isMutableDefault=false	annotationIsString=false	bindingLinkHash=PY_BINDING_983d4fef32a515fa1be0c7f40b2fc9f3	pyExpressionLinkHash=	serviceVersionLinkHash=SERVICE_VERSION_00000000000000000000000000000000	pyMethodParameterUniqueHash=PY_METHOD_PARAMETER_59c957a276e2e39ee43698dfaf95f16c
paramName=self	position=0	pyMethodLinkHash=PY_METHOD_ed898c7ba31b1d5a88a7ed47da6a477b	parameterBaseType=	parameterTypeName=	potentialQualifiedName=	isAmbiguous=false	isFinal=false	isVarArgs=false	isReceiverParameter=true	startLine=9	endLine=9	paramKind=POSITIONAL_OR_KEYWORD	hasDefault=false	defaultValueText=	defaultValueKind=NONE	isMutableDefault=false	annotationIsString=false	bindingLinkHash=PY_BINDING_6a44f9718617292989beb0fa215a93e4	pyExpressionLinkHash=	serviceVersionLinkHash=SERVICE_VERSION_00000000000000000000000000000000	pyMethodParameterUniqueHash=PY_METHOD_PARAMETER_42eb0b73d05d8c9bca555d651ac5a9b6
paramName=self	position=0	pyMethodLinkHash=PY_METHOD_f164f80f3667fd932688af5eccefd737	parameterBaseType=	parameterTypeName=	potentialQualifiedName=	isAmbiguous=false	isFinal=false	isVarArgs=false	isReceiverParameter=true	startLine=12	endLine=12	paramKind=POSITIONAL_OR_KEYWORD	hasDefault=false	defaultValueText=	defaultValueKind=NONE	isMutableDefault=false	annotationIsString=false	bindingLinkHash=PY_BINDING_64cc6dd77a139fd11b5b97e78c3f7951	pyExpressionLinkHash=	serviceVersionLinkHash=SERVICE_VERSION_00000000000000000000000000000000	pyMethodParameterUniqueHash=PY_METHOD_PARAMETER_eba9f09c620722527eb31c6b3341ec80
paramName=self	position=0	pyMethodLinkHash=PY_METHOD_f3dde39c5431ddcb76977913b6103dbc	parameterBaseType=	parameterTypeName=	potentialQualifiedName=	isAmbiguous=false	isFinal=false	isVarArgs=false	isReceiverParameter=true	startLine=34	endLine=34	paramKind=POSITIONAL_OR_KEYWORD	hasDefault=false	defaultValueText=	defaultValueKind=NONE	isMutableDefault=false	annotationIsString=false	bindingLinkHash=PY_BINDING_899f60789082d3556e1b67af09c8a2e5	pyExpressionLinkHash=	serviceVersionLinkHash=SERVICE_VERSION_00000000000000000000000000000000	pyMethodParameterUniqueHash=PY_METHOD_PARAMETER_9193cbb5dcb8051a909872b327a7da2c
paramName=self	position=0	pyMethodLinkHash=PY_METHOD_fb2ff73729b3cd73f23ddd4fcd3da86d	parameterBaseType=	parameterTypeName=	potentialQualifiedName=	isAmbiguous=false	isFinal=false	isVarArgs=false	isReceiverParameter=true	startLine=37	endLine=37	paramKind=POSITIONAL_OR_KEYWORD	hasDefault=false	defaultValueText=	defaultValueKind=NONE	isMutableDefault=false	annotationIsString=false	bindingLinkHash=PY_BINDING_b5da0620e9aaff8de323ce6ea3bd4cdc	pyExpressionLinkHash=	serviceVersionLinkHash=SERVICE_VERSION_00000000000000000000000000000000	pyMethodParameterUniqueHash=PY_METHOD_PARAMETER_071a0f1f500c332fdb0ed3578c4b671c
paramName=triple	position=0	pyMethodLinkHash=PY_METHOD_ce1d946238cd87a9eab119c2beafc3af	parameterBaseType=	parameterTypeName=	potentialQualifiedName=	isAmbiguous=false	isFinal=false	isVarArgs=false	isReceiverParameter=false	startLine=57	endLine=57	paramKind=POSITIONAL_OR_KEYWORD	hasDefault=false	defaultValueText=	defaultValueKind=NONE	isMutableDefault=false	annotationIsString=false	bindingLinkHash=PY_BINDING_8f1b8de02a70c256d1ac03513396a11f	pyExpressionLinkHash=	serviceVersionLinkHash=SERVICE_VERSION_00000000000000000000000000000000	pyMethodParameterUniqueHash=PY_METHOD_PARAMETER_a5703578712a41ab8ffa14c09e812d3d
paramName=value	position=2	pyMethodLinkHash=PY_METHOD_d4b52d2b10c5e9f0a53000438c219a54	parameterBaseType=	parameterTypeName=	potentialQualifiedName=	isAmbiguous=false	isFinal=false	isVarArgs=false	isReceiverParameter=false	startLine=12	endLine=12	paramKind=POSITIONAL_OR_KEYWORD	hasDefault=false	defaultValueText=	defaultValueKind=NONE	isMutableDefault=false	annotationIsString=false	bindingLinkHash=PY_BINDING_0cdad00799d078976f035713c93e3882	pyExpressionLinkHash=	serviceVersionLinkHash=SERVICE_VERSION_00000000000000000000000000000000	pyMethodParameterUniqueHash=PY_METHOD_PARAMETER_859c61b608ff4528336f5df578af6a04
paramName=width	position=1	pyMethodLinkHash=PY_METHOD_d4b52d2b10c5e9f0a53000438c219a54	parameterBaseType=	parameterTypeName=	potentialQualifiedName=	isAmbiguous=false	isFinal=false	isVarArgs=false	isReceiverParameter=false	startLine=12	endLine=12	paramKind=POSITIONAL_OR_KEYWORD	hasDefault=false	defaultValueText=	defaultValueKind=NONE	isMutableDefault=false	annotationIsString=false	bindingLinkHash=PY_BINDING_3aedc557cafab829a1a94eaa0ed9f865	pyExpressionLinkHash=	serviceVersionLinkHash=SERVICE_VERSION_00000000000000000000000000000000	pyMethodParameterUniqueHash=PY_METHOD_PARAMETER_a54575062ef797897293a4e7850dc108
paramName=x	position=1	pyMethodLinkHash=PY_METHOD_ed898c7ba31b1d5a88a7ed47da6a477b	parameterBaseType=	parameterTypeName=	potentialQualifiedName=	isAmbiguous=false	isFinal=false	isVarArgs=false	isReceiverParameter=false	startLine=9	endLine=9	paramKind=POSITIONAL_OR_KEYWORD	hasDefault=false	defaultValueText=	defaultValueKind=NONE	isMutableDefault=false	annotationIsString=false	bindingLinkHash=PY_BINDING_f606726555e96e9ba76307f7aef2bfd1	pyExpressionLinkHash=	serviceVersionLinkHash=SERVICE_VERSION_00000000000000000000000000000000	pyMethodParameterUniqueHash=PY_METHOD_PARAMETER_2f8b310b983dee717efd2ea3a451eee9
paramName=y	position=2	pyMethodLinkHash=PY_METHOD_ed898c7ba31b1d5a88a7ed47da6a477b	parameterBaseType=	parameterTypeName=	potentialQualifiedName=	isAmbiguous=false	isFinal=false	isVarArgs=false	isReceiverParameter=false	startLine=9	endLine=9	paramKind=POSITIONAL_OR_KEYWORD	hasDefault=false	defaultValueText=	defaultValueKind=NONE	isMutableDefault=false	annotationIsString=false	bindingLinkHash=PY_BINDING_f5d718169a4ec0ee301468424dd36fd1	pyExpressionLinkHash=	serviceVersionLinkHash=SERVICE_VERSION_00000000000000000000000000000000	pyMethodParameterUniqueHash=PY_METHOD_PARAMETER_4cd54e0706848aba2e616d3513e0c934
