scopeKind=CLASS	name=Builder	qualifiedName=core.factory.Builder	nestingDepth=1	parentScopeLinkHash=PY_SCOPE_cb8cf1b1a132675a833e9bf463d4236f	pyModuleLinkHash=PY_MODULE_7908beb43f8c739558eabfcf93ebca84	ownerKind=TYPE	ownerHash=PY_TYPE_bf6354f36ebb9ff7d338d07707f4d6c9	isNested=false	isOptimized=false	hasChildren=true	symtableId=1	usesWildcardImport=false	isGenerator=false	isCoroutine=false	declaresGlobal=false	declaresNonlocal=false	startLine=5	startColumn=0	endLine=23	endColumn=32	scopeOrdinal=0	serviceVersionLinkHash=SERVICE_VERSION_00000000000000000000000000000000	pyScopeUniqueHash=PY_SCOPE_2b6216f8d5e2094a8485583090d9d8ff
scopeKind=CLASS	name=ClassScopeIsInvisibleToComprehensions	qualifiedName=scoping_edge_cases.ClassScopeIsInvisibleToComprehensions	nestingDepth=1	parentScopeLinkHash=PY_SCOPE_917e3bc2847d8c5988f299c83dc95b45	pyModuleLinkHash=PY_MODULE_7c5670e72548f0c21d5e8710e5a91903	ownerKind=TYPE	ownerHash=PY_TYPE_b4aa287abde8dbb60cac1736e458094f	isNested=false	isOptimized=false	hasChildren=true	symtableId=2	usesWildcardImport=false	isGenerator=false	isCoroutine=false	declaresGlobal=false	declaresNonlocal=false	startLine=20	startColumn=0	endLine=37	endColumn=50	scopeOrdinal=1	serviceVersionLinkHash=SERVICE_VERSION_00000000000000000000000000000000	pyScopeUniqueHash=PY_SCOPE_8fee8e657598bb02a681c0cde98185d7
scopeKind=CLASS	name=ClassScopeIsInvisibleToMethods	qualifiedName=scoping_edge_cases.ClassScopeIsInvisibleToMethods	nestingDepth=1	parentScopeLinkHash=PY_SCOPE_917e3bc2847d8c5988f299c83dc95b45	pyModuleLinkHash=PY_MODULE_7c5670e72548f0c21d5e8710e5a91903	ownerKind=TYPE	ownerHash=PY_TYPE_cb9da9964bc3c43761a4e1269506effe	isNested=false	isOptimized=false	hasChildren=true	symtableId=5	usesWildcardImport=false	isGenerator=false	isCoroutine=false	declaresGlobal=false	declaresNonlocal=false	startLine=40	startColumn=0	endLine=55	endColumn=25	scopeOrdinal=2	serviceVersionLinkHash=SERVICE_VERSION_00000000000000000000000000000000	pyScopeUniqueHash=PY_SCOPE_94ce60653e15775777c7c5494482ae1c
scopeKind=CLASS	name=Command	qualifiedName=match_nested_patterns_and_guards.Command	nestingDepth=1	parentScopeLinkHash=PY_SCOPE_36fa0c472e8ad6fb04f3ec89e977d9e3	pyModuleLinkHash=PY_MODULE_fcb43aba22913355ac115ae9c4556240	ownerKind=TYPE	ownerHash=PY_TYPE_0d090a4533bb97a6729a4b05d91e8042	isNested=false	isOptimized=false	hasChildren=false	symtableId=2	usesWildcardImport=false	isGenerator=false	isCoroutine=false	declaresGlobal=false	declaresNonlocal=false	startLine=16	startColumn=0	endLine=18	endColumn=15	scopeOrdinal=1	serviceVersionLinkHash=SERVICE_VERSION_00000000000000000000000000000000	pyScopeUniqueHash=PY_SCOPE_a39fac0f02d09bd29aeb1df9eec23605
scopeKind=CLASS	name=Counter	qualifiedName=scoping_edge_cases.outer_with_nested_class.<locals>.Counter	nestingDepth=2	parentScopeLinkHash=PY_SCOPE_ebc46cd5266a0d3b5863328a04d74674	pyModuleLinkHash=PY_MODULE_7c5670e72548f0c21d5e8710e5a91903	ownerKind=TYPE	ownerHash=PY_TYPE_7277f9addb7736299c6b401ea59f1a08	isNested=true	isOptimized=false	hasChildren=true	symtableId=10	usesWildcardImport=false	isGenerator=false	isCoroutine=false	declaresGlobal=false	declaresNonlocal=false	startLine=65	startColumn=4	endLine=73	endColumn=24	scopeOrdinal=0	serviceVersionLinkHash=SERVICE_VERSION_00000000000000000000000000000000	pyScopeUniqueHash=PY_SCOPE_7d844229e5d5989478ffff3e7465b7f2
scopeKind=CLASS	name=DeepLeaf	qualifiedName=services.inheritance.DeepLeaf	nestingDepth=1	parentScopeLinkHash=PY_SCOPE_c55ee4742ffe4870a08e4ccebad2d638	pyModuleLinkHash=PY_MODULE_0a821397f31f9644e27278ab1de4362b	ownerKind=TYPE	ownerHash=PY_TYPE_834321b821663a60dfa7d7e9704dc276	isNested=false	isOptimized=false	hasChildren=true	symtableId=5	usesWildcardImport=false	isGenerator=false	isCoroutine=false	declaresGlobal=false	declaresNonlocal=false	startLine=16	startColumn=0	endLine=18	endColumn=71	scopeOrdinal=1	serviceVersionLinkHash=SERVICE_VERSION_00000000000000000000000000000000	pyScopeUniqueHash=PY_SCOPE_cf4a3e5599078d61143525624a451043
scopeKind=CLASS	name=Event	qualifiedName=match_nested_patterns_and_guards.Event	nestingDepth=1	parentScopeLinkHash=PY_SCOPE_36fa0c472e8ad6fb04f3ec89e977d9e3	pyModuleLinkHash=PY_MODULE_fcb43aba22913355ac115ae9c4556240	ownerKind=TYPE	ownerHash=PY_TYPE_2ce58f5e8c9675c1e0fd5c50ffba85b9	isNested=false	isOptimized=false	hasChildren=false	symtableId=1	usesWildcardImport=false	isGenerator=false	isCoroutine=false	declaresGlobal=false	declaresNonlocal=false	startLine=10	startColumn=0	endLine=12	endColumn=17	scopeOrdinal=0	serviceVersionLinkHash=SERVICE_VERSION_00000000000000000000000000000000	pyScopeUniqueHash=PY_SCOPE_6befd2419f4b4dc5a632146657e19934
scopeKind=CLASS	name=Inner	qualifiedName=name_mangling_edge_cases.Outer.Inner	nestingDepth=2	parentScopeLinkHash=PY_SCOPE_1f5611f6bc0f2a70108e63a8156e8dc9	pyModuleLinkHash=PY_MODULE_75dd800d24b53dd3ca1d826ca1525876	ownerKind=TYPE	ownerHash=PY_TYPE_e0b00a82da98016f61db58a6de64ca3a	isNested=false	isOptimized=false	hasChildren=true	symtableId=2	usesWildcardImport=false	isGenerator=false	isCoroutine=false	declaresGlobal=false	declaresNonlocal=false	startLine=26	startColumn=4	endLine=32	endColumn=55	scopeOrdinal=0	serviceVersionLinkHash=SERVICE_VERSION_00000000000000000000000000000000	pyScopeUniqueHash=PY_SCOPE_3bdaae217944a7f8edc08994b388fb91
scopeKind=CLASS	name=Leaf	qualifiedName=core.base.Leaf	nestingDepth=1	parentScopeLinkHash=PY_SCOPE_c5b4f84e28a5fab7887804bcf766901a	pyModuleLinkHash=PY_MODULE_0af7a9df251376bafe876afe4a32f46e	ownerKind=TYPE	ownerHash=PY_TYPE_50545579e02058f8c7ab2e28c6b40e6a	isNested=false	isOptimized=false	hasChildren=true	symtableId=6	usesWildcardImport=false	isGenerator=false	isCoroutine=false	declaresGlobal=false	declaresNonlocal=false	startLine=20	startColumn=0	endLine=23	endColumn=30	scopeOrdinal=1	serviceVersionLinkHash=SERVICE_VERSION_00000000000000000000000000000000	pyScopeUniqueHash=PY_SCOPE_0f390926f150c4928fbc89deca85592b
scopeKind=CLASS	name=NestedClassInsideFunction	qualifiedName=scoping_edge_cases.NestedClassInsideFunction	nestingDepth=1	parentScopeLinkHash=PY_SCOPE_917e3bc2847d8c5988f299c83dc95b45	pyModuleLinkHash=PY_MODULE_7c5670e72548f0c21d5e8710e5a91903	ownerKind=TYPE	ownerHash=PY_TYPE_dc6f20f1a203e0dd5ac8da053636aa64	isNested=false	isOptimized=false	hasChildren=false	symtableId=8	usesWildcardImport=false	isGenerator=false	isCoroutine=false	declaresGlobal=false	declaresNonlocal=false	startLine=58	startColumn=0	endLine=59	endColumn=8	scopeOrdinal=3	serviceVersionLinkHash=SERVICE_VERSION_00000000000000000000000000000000	pyScopeUniqueHash=PY_SCOPE_e97047355ca087957aa98aef05a67e9c
scopeKind=CLASS	name=Node	qualifiedName=core.base.Node	nestingDepth=1	parentScopeLinkHash=PY_SCOPE_c5b4f84e28a5fab7887804bcf766901a	pyModuleLinkHash=PY_MODULE_0af7a9df251376bafe876afe4a32f46e	ownerKind=TYPE	ownerHash=PY_TYPE_114cb72d42012abcb4ffcbce3bc6a345	isNested=false	isOptimized=false	hasChildren=true	symtableId=1	usesWildcardImport=false	isGenerator=false	isCoroutine=false	declaresGlobal=false	declaresNonlocal=false	startLine=4	startColumn=0	endLine=17	endColumn=33	scopeOrdinal=0	serviceVersionLinkHash=SERVICE_VERSION_00000000000000000000000000000000	pyScopeUniqueHash=PY_SCOPE_5640d4d8ce7d21516c1b418eaf0ee86c
scopeKind=CLASS	name=Outer	qualifiedName=name_mangling_edge_cases.Outer	nestingDepth=1	parentScopeLinkHash=PY_SCOPE_821aeba8a746c6ac062dcb1a4e10b28b	pyModuleLinkHash=PY_MODULE_75dd800d24b53dd3ca1d826ca1525876	ownerKind=TYPE	ownerHash=PY_TYPE_fd26c3cd94bd9663ee01dd2cfe94159d	isNested=false	isOptimized=false	hasChildren=true	symtableId=1	usesWildcardImport=false	isGenerator=false	isCoroutine=false	declaresGlobal=false	declaresNonlocal=false	startLine=23	startColumn=0	endLine=53	endColumn=81	scopeOrdinal=0	serviceVersionLinkHash=SERVICE_VERSION_00000000000000000000000000000000	pyScopeUniqueHash=PY_SCOPE_1f5611f6bc0f2a70108e63a8156e8dc9
scopeKind=CLASS	name=Point	qualifiedName=match_class_and_sequence_patterns.Point	nestingDepth=1	parentScopeLinkHash=PY_SCOPE_ed788e092bf33febbac1f4acd5766112	pyModuleLinkHash=PY_MODULE_e8c22c801b9d7d33638ace57665fdd49	ownerKind=TYPE	ownerHash=PY_TYPE_6f4e90e4697b76a388566c9bd84e0d4d	isNested=false	isOptimized=false	hasChildren=true	symtableId=1	usesWildcardImport=false	isGenerator=false	isCoroutine=false	declaresGlobal=false	declaresNonlocal=false	startLine=8	startColumn=0	endLine=11	endColumn=18	scopeOrdinal=0	serviceVersionLinkHash=SERVICE_VERSION_00000000000000000000000000000000	pyScopeUniqueHash=PY_SCOPE_ceae26f1a1a6fdd6fb457be16a523c88
scopeKind=CLASS	name=Registry	qualifiedName=core.base.Registry	nestingDepth=1	parentScopeLinkHash=PY_SCOPE_c5b4f84e28a5fab7887804bcf766901a	pyModuleLinkHash=PY_MODULE_0af7a9df251376bafe876afe4a32f46e	ownerKind=TYPE	ownerHash=PY_TYPE_f511a7eca38906948dce8170bb4e5495	isNested=false	isOptimized=false	hasChildren=true	symtableId=8	usesWildcardImport=false	isGenerator=false	isCoroutine=false	declaresGlobal=false	declaresNonlocal=false	startLine=26	startColumn=0	endLine=35	endColumn=28	scopeOrdinal=2	serviceVersionLinkHash=SERVICE_VERSION_00000000000000000000000000000000	pyScopeUniqueHash=PY_SCOPE_5d313471f2530aadbedb4609a0df3d1f
scopeKind=CLASS	name=SavingsAccount	qualifiedName=name_mangling_edge_cases.SavingsAccount	nestingDepth=1	parentScopeLinkHash=PY_SCOPE_821aeba8a746c6ac062dcb1a4e10b28b	pyModuleLinkHash=PY_MODULE_75dd800d24b53dd3ca1d826ca1525876	ownerKind=TYPE	ownerHash=PY_TYPE_123066224b71bd554d5fb2221924b3d1	isNested=false	isOptimized=false	hasChildren=true	symtableId=10	usesWildcardImport=false	isGenerator=false	isCoroutine=false	declaresGlobal=false	declaresNonlocal=false	startLine=56	startColumn=0	endLine=62	endColumn=64	scopeOrdinal=1	serviceVersionLinkHash=SERVICE_VERSION_00000000000000000000000000000000	pyScopeUniqueHash=PY_SCOPE_7b87d54093077b1346070ae56075c290
scopeKind=CLASS	name=Tagged	qualifiedName=services.inheritance.Tagged	nestingDepth=1	parentScopeLinkHash=PY_SCOPE_c55ee4742ffe4870a08e4ccebad2d638	pyModuleLinkHash=PY_MODULE_0a821397f31f9644e27278ab1de4362b	ownerKind=TYPE	ownerHash=PY_TYPE_87b5de4c1461e6b37e42d0b104fd407c	isNested=false	isOptimized=false	hasChildren=true	symtableId=1	usesWildcardImport=false	isGenerator=false	isCoroutine=false	declaresGlobal=false	declaresNonlocal=false	startLine=5	startColumn=0	endLine=13	endColumn=66	scopeOrdinal=0	serviceVersionLinkHash=SERVICE_VERSION_00000000000000000000000000000000	pyScopeUniqueHash=PY_SCOPE_0208583a82f3ed45ecc4771129f45018
scopeKind=CLASS	name=TypedBuilder	qualifiedName=core.factory.TypedBuilder	nestingDepth=1	parentScopeLinkHash=PY_SCOPE_cb8cf1b1a132675a833e9bf463d4236f	pyModuleLinkHash=PY_MODULE_7908beb43f8c739558eabfcf93ebca84	ownerKind=TYPE	ownerHash=PY_TYPE_e05aff09427e5b3fb8b3b7c28b5be2d6	isNested=false	isOptimized=false	hasChildren=true	symtableId=6	usesWildcardImport=false	isGenerator=false	isCoroutine=false	declaresGlobal=false	declaresNonlocal=false	startLine=26	startColumn=0	endLine=29	endColumn=47	scopeOrdinal=1	serviceVersionLinkHash=SERVICE_VERSION_00000000000000000000000000000000	pyScopeUniqueHash=PY_SCOPE_d76a54ec93f0d0b97b08d3f2a1df3111
scopeKind=COMPREHENSION_LIST	name=listcomp	qualifiedName=name_mangling_edge_cases.Outer.mangling_recurses_into_nested_scopes.<locals>.listcomp	nestingDepth=3	parentScopeLinkHash=PY_SCOPE_1d09e13be1947c1de946f859b015d1b5	pyModuleLinkHash=PY_MODULE_75dd800d24b53dd3ca1d826ca1525876	ownerKind=COMPREHENSION	ownerHash=PY_METHOD_695f19fbafb1b5d022f11a24fe0b6432	isNested=true	isOptimized=true	hasChildren=false	symtableId=9	usesWildcardImport=false	isGenerator=false	isCoroutine=false	declaresGlobal=false	declaresNonlocal=false	startLine=53	startColumn=15	endLine=53	endColumn=81	scopeOrdinal=1	serviceVersionLinkHash=SERVICE_VERSION_00000000000000000000000000000000	pyScopeUniqueHash=PY_SCOPE_0d57ff5a667dc0ef42e2e0f3e6e56a29
scopeKind=COMPREHENSION_LIST	name=listcomp	qualifiedName=scoping_edge_cases.ClassScopeIsInvisibleToComprehensions.listcomp	nestingDepth=2	parentScopeLinkHash=PY_SCOPE_8fee8e657598bb02a681c0cde98185d7	pyModuleLinkHash=PY_MODULE_7c5670e72548f0c21d5e8710e5a91903	ownerKind=COMPREHENSION	ownerHash=PY_METHOD_0111e5ac08669932693b6fc18ff50845	isNested=false	isOptimized=true	hasChildren=false	symtableId=3	usesWildcardImport=false	isGenerator=false	isCoroutine=false	declaresGlobal=false	declaresNonlocal=false	startLine=28	startColumn=14	endLine=28	endColumn=41	scopeOrdinal=0	serviceVersionLinkHash=SERVICE_VERSION_00000000000000000000000000000000	pyScopeUniqueHash=PY_SCOPE_a90ebbcb8e60c2e7146471e93dd98463
scopeKind=COMPREHENSION_LIST	name=listcomp	qualifiedName=scoping_edge_cases.ClassScopeIsInvisibleToComprehensions.listcomp	nestingDepth=2	parentScopeLinkHash=PY_SCOPE_8fee8e657598bb02a681c0cde98185d7	pyModuleLinkHash=PY_MODULE_7c5670e72548f0c21d5e8710e5a91903	ownerKind=COMPREHENSION	ownerHash=PY_METHOD_0111e5ac08669932693b6fc18ff50845	isNested=false	isOptimized=true	hasChildren=false	symtableId=4	usesWildcardImport=false	isGenerator=false	isCoroutine=false	declaresGlobal=false	declaresNonlocal=false	startLine=37	startColumn=13	endLine=37	endColumn=50	scopeOrdinal=1	serviceVersionLinkHash=SERVICE_VERSION_00000000000000000000000000000000	pyScopeUniqueHash=PY_SCOPE_e5c18c4ea75f94ba17c59be90b6a6b84
scopeKind=FUNCTION	name=__init__	qualifiedName=core.base.Node.__init__	nestingDepth=2	parentScopeLinkHash=PY_SCOPE_5640d4d8ce7d21516c1b418eaf0ee86c	pyModuleLinkHash=PY_MODULE_0af7a9df251376bafe876afe4a32f46e	ownerKind=METHOD	ownerHash=PY_METHOD_1800af667e7076b626bd654b5e3dbebd	isNested=false	isOptimized=true	hasChildren=false	symtableId=2	usesWildcardImport=false	isGenerator=false	isCoroutine=false	declaresGlobal=false	declaresNonlocal=false	startLine=5	startColumn=4	endLine=7	endColumn=26	scopeOrdinal=0	serviceVersionLinkHash=SERVICE_VERSION_00000000000000000000000000000000	pyScopeUniqueHash=PY_SCOPE_d637e5246801a7f4bde627145bdb915c
scopeKind=FUNCTION	name=__init__	qualifiedName=core.base.Registry.__init__	nestingDepth=2	parentScopeLinkHash=PY_SCOPE_5d313471f2530aadbedb4609a0df3d1f	pyModuleLinkHash=PY_MODULE_0af7a9df251376bafe876afe4a32f46e	ownerKind=METHOD	ownerHash=PY_METHOD_d7a26baec95db1ac47ae906b256b56b6	isNested=false	isOptimized=true	hasChildren=false	symtableId=9	usesWildcardImport=false	isGenerator=false	isCoroutine=false	declaresGlobal=false	declaresNonlocal=false	startLine=27	startColumn=4	endLine=28	endColumn=23	scopeOrdinal=0	serviceVersionLinkHash=SERVICE_VERSION_00000000000000000000000000000000	pyScopeUniqueHash=PY_SCOPE_10177bdba229984292fcabb82b00df95
scopeKind=FUNCTION	name=__init__	qualifiedName=core.factory.Builder.__init__	nestingDepth=2	parentScopeLinkHash=PY_SCOPE_2b6216f8d5e2094a8485583090d9d8ff	pyModuleLinkHash=PY_MODULE_7908beb43f8c739558eabfcf93ebca84	ownerKind=METHOD	ownerHash=PY_METHOD_bd7c847866b0674467ec65fee212e98d	isNested=false	isOptimized=true	hasChildren=false	symtableId=4	usesWildcardImport=false	isGenerator=false	isCoroutine=false	declaresGlobal=false	declaresNonlocal=false	startLine=17	startColumn=4	endLine=19	endColumn=30	scopeOrdinal=2	serviceVersionLinkHash=SERVICE_VERSION_00000000000000000000000000000000	pyScopeUniqueHash=PY_SCOPE_4053abc51341fbc04696d3ae9522b901
scopeKind=FUNCTION	name=__init__	qualifiedName=match_class_and_sequence_patterns.Point.__init__	nestingDepth=2	parentScopeLinkHash=PY_SCOPE_ceae26f1a1a6fdd6fb457be16a523c88	pyModuleLinkHash=PY_MODULE_e8c22c801b9d7d33638ace57665fdd49	ownerKind=METHOD	ownerHash=PY_METHOD_ed898c7ba31b1d5a88a7ed47da6a477b	isNested=false	isOptimized=true	hasChildren=false	symtableId=2	usesWildcardImport=false	isGenerator=false	isCoroutine=false	declaresGlobal=false	declaresNonlocal=false	startLine=9	startColumn=4	endLine=11	endColumn=18	scopeOrdinal=0	serviceVersionLinkHash=SERVICE_VERSION_00000000000000000000000000000000	pyScopeUniqueHash=PY_SCOPE_ace1711dc092e15bca92d7341bd7879a
scopeKind=FUNCTION	name=add	qualifiedName=core.base.Node.add	nestingDepth=2	parentScopeLinkHash=PY_SCOPE_5640d4d8ce7d21516c1b418eaf0ee86c	pyModuleLinkHash=PY_MODULE_0af7a9df251376bafe876afe4a32f46e	ownerKind=METHOD	ownerHash=PY_METHOD_f164f80f3667fd932688af5eccefd737	isNested=false	isOptimized=true	hasChildren=false	symtableId=4	usesWildcardImport=false	isGenerator=false	isCoroutine=false	declaresGlobal=false	declaresNonlocal=false	startLine=12	startColumn=4	endLine=14	endColumn=19	scopeOrdinal=2	serviceVersionLinkHash=SERVICE_VERSION_00000000000000000000000000000000	pyScopeUniqueHash=PY_SCOPE_bdb137cbf96fc976b8717def43b86960
scopeKind=FUNCTION	name=bare_identifier_forms	qualifiedName=name_mangling_edge_cases.Outer.bare_identifier_forms	nestingDepth=2	parentScopeLinkHash=PY_SCOPE_1f5611f6bc0f2a70108e63a8156e8dc9	pyModuleLinkHash=PY_MODULE_75dd800d24b53dd3ca1d826ca1525876	ownerKind=METHOD	ownerHash=PY_METHOD_fb2ff73729b3cd73f23ddd4fcd3da86d	isNested=false	isOptimized=true	hasChildren=false	symtableId=5	usesWildcardImport=false	isGenerator=false	isCoroutine=false	declaresGlobal=false	declaresNonlocal=false	startLine=37	startColumn=4	endLine=42	endColumn=48	scopeOrdinal=2	serviceVersionLinkHash=SERVICE_VERSION_00000000000000000000000000000000	pyScopeUniqueHash=PY_SCOPE_b56cd405864ebf4ac68ad214653e274b
scopeKind=FUNCTION	name=build	qualifiedName=core.factory.Builder.build	nestingDepth=2	parentScopeLinkHash=PY_SCOPE_2b6216f8d5e2094a8485583090d9d8ff	pyModuleLinkHash=PY_MODULE_7908beb43f8c739558eabfcf93ebca84	ownerKind=METHOD	ownerHash=PY_METHOD_3abbfd702bc0c1418f0e06115ddcf36f	isNested=false	isOptimized=true	hasChildren=false	symtableId=5	usesWildcardImport=false	isGenerator=false	isCoroutine=false	declaresGlobal=false	declaresNonlocal=false	startLine=21	startColumn=4	endLine=23	endColumn=32	scopeOrdinal=3	serviceVersionLinkHash=SERVICE_VERSION_00000000000000000000000000000000	pyScopeUniqueHash=PY_SCOPE_ed918824c46eef19bca849c988f8a0b4
scopeKind=FUNCTION	name=build	qualifiedName=core.factory.TypedBuilder.build	nestingDepth=2	parentScopeLinkHash=PY_SCOPE_d76a54ec93f0d0b97b08d3f2a1df3111	pyModuleLinkHash=PY_MODULE_7908beb43f8c739558eabfcf93ebca84	ownerKind=METHOD	ownerHash=PY_METHOD_27d5da0711465a08ad45d955009e276f	isNested=false	isOptimized=true	hasChildren=false	symtableId=7	usesWildcardImport=false	isGenerator=false	isCoroutine=false	declaresGlobal=false	declaresNonlocal=false	startLine=27	startColumn=4	endLine=29	endColumn=47	scopeOrdinal=0	serviceVersionLinkHash=SERVICE_VERSION_00000000000000000000000000000000	pyScopeUniqueHash=PY_SCOPE_f49ea9ce69e203b7be52181e11021231
scopeKind=FUNCTION	name=classify_point3	qualifiedName=match_nested_patterns_and_guards.classify_point3	nestingDepth=1	parentScopeLinkHash=PY_SCOPE_36fa0c472e8ad6fb04f3ec89e977d9e3	pyModuleLinkHash=PY_MODULE_fcb43aba22913355ac115ae9c4556240	ownerKind=METHOD	ownerHash=PY_METHOD_ce1d946238cd87a9eab119c2beafc3af	isNested=false	isOptimized=true	hasChildren=false	symtableId=4	usesWildcardImport=false	isGenerator=false	isCoroutine=false	declaresGlobal=false	declaresNonlocal=false	startLine=57	startColumn=0	endLine=67	endColumn=23	scopeOrdinal=3	serviceVersionLinkHash=SERVICE_VERSION_00000000000000000000000000000000	pyScopeUniqueHash=PY_SCOPE_39265ae4ef54abf936bc1449b2b45e70
scopeKind=FUNCTION	name=count	qualifiedName=core.base.Node.count	nestingDepth=2	parentScopeLinkHash=PY_SCOPE_5640d4d8ce7d21516c1b418eaf0ee86c	pyModuleLinkHash=PY_MODULE_0af7a9df251376bafe876afe4a32f46e	ownerKind=METHOD	ownerHash=PY_METHOD_b079534daf86e20dfc668b7623db12f7	isNested=false	isOptimized=true	hasChildren=false	symtableId=5	usesWildcardImport=false	isGenerator=false	isCoroutine=false	declaresGlobal=false	declaresNonlocal=false	startLine=16	startColumn=4	endLine=17	endColumn=33	scopeOrdinal=3	serviceVersionLinkHash=SERVICE_VERSION_00000000000000000000000000000000	pyScopeUniqueHash=PY_SCOPE_779d6a189bfa1fd01aa960aa0dd0d1e7
scopeKind=FUNCTION	name=default_uses_walrus_at_def_time	qualifiedName=scoping_edge_cases.default_uses_walrus_at_def_time	nestingDepth=1	parentScopeLinkHash=PY_SCOPE_917e3bc2847d8c5988f299c83dc95b45	pyModuleLinkHash=PY_MODULE_7c5670e72548f0c21d5e8710e5a91903	ownerKind=METHOD	ownerHash=PY_METHOD_ef5eb768f9096175f6ba0b71ede1f9de	isNested=false	isOptimized=true	hasChildren=false	symtableId=15	usesWildcardImport=false	isGenerator=false	isCoroutine=false	declaresGlobal=false	declaresNonlocal=false	startLine=99	startColumn=0	endLine=103	endColumn=25	scopeOrdinal=6	serviceVersionLinkHash=SERVICE_VERSION_00000000000000000000000000000000	pyScopeUniqueHash=PY_SCOPE_18c9871f418fea2e83e0eb16202908b7
scopeKind=FUNCTION	name=del_nonlocal_and_global	qualifiedName=scoping_edge_cases.del_nonlocal_and_global	nestingDepth=1	parentScopeLinkHash=PY_SCOPE_917e3bc2847d8c5988f299c83dc95b45	pyModuleLinkHash=PY_MODULE_7c5670e72548f0c21d5e8710e5a91903	ownerKind=METHOD	ownerHash=PY_METHOD_ed28bc1c52df37820ea1d0a05de119a9	isNested=false	isOptimized=true	hasChildren=true	symtableId=13	usesWildcardImport=false	isGenerator=false	isCoroutine=false	declaresGlobal=true	declaresNonlocal=false	startLine=78	startColumn=0	endLine=96	endColumn=16	scopeOrdinal=5	serviceVersionLinkHash=SERVICE_VERSION_00000000000000000000000000000000	pyScopeUniqueHash=PY_SCOPE_56826240994e7bdafb380ca0d28353d7
scopeKind=FUNCTION	name=demo	qualifiedName=remaining_syntax_forms.demo	nestingDepth=1	parentScopeLinkHash=PY_SCOPE_72da2fafab9ca96d9c1e8f5754d35ea5	pyModuleLinkHash=PY_MODULE_99797da9f6b8580a03c8a2f7bf6898ea	ownerKind=METHOD	ownerHash=PY_METHOD_d4b52d2b10c5e9f0a53000438c219a54	isNested=false	isOptimized=true	hasChildren=false	symtableId=1	usesWildcardImport=false	isGenerator=false	isCoroutine=false	declaresGlobal=false	declaresNonlocal=false	startLine=12	startColumn=0	endLine=82	endColumn=5	scopeOrdinal=0	serviceVersionLinkHash=SERVICE_VERSION_00000000000000000000000000000000	pyScopeUniqueHash=PY_SCOPE_ae7be4922d0aedcd09a1419a77c8f8d2
scopeKind=FUNCTION	name=describe	qualifiedName=match_class_and_sequence_patterns.describe	nestingDepth=1	parentScopeLinkHash=PY_SCOPE_ed788e092bf33febbac1f4acd5766112	pyModuleLinkHash=PY_MODULE_e8c22c801b9d7d33638ace57665fdd49	ownerKind=METHOD	ownerHash=PY_METHOD_f1cabc90b966fb3a98cd89e50251d1d1	isNested=false	isOptimized=true	hasChildren=false	symtableId=3	usesWildcardImport=false	isGenerator=false	isCoroutine=false	declaresGlobal=false	declaresNonlocal=false	startLine=14	startColumn=0	endLine=63	endColumn=28	scopeOrdinal=1	serviceVersionLinkHash=SERVICE_VERSION_00000000000000000000000000000000	pyScopeUniqueHash=PY_SCOPE_6bda6e1434a5cb0909c09a57165f2051
scopeKind=FUNCTION	name=describe	qualifiedName=services.inheritance.Tagged.describe	nestingDepth=2	parentScopeLinkHash=PY_SCOPE_0208583a82f3ed45ecc4771129f45018	pyModuleLinkHash=PY_MODULE_0a821397f31f9644e27278ab1de4362b	ownerKind=METHOD	ownerHash=PY_METHOD_77dea3cdc5d60e4df33e29e6b60a5e7d	isNested=false	isOptimized=true	hasChildren=false	symtableId=3	usesWildcardImport=false	isGenerator=false	isCoroutine=false	declaresGlobal=false	declaresNonlocal=false	startLine=9	startColumn=4	endLine=10	endColumn=75	scopeOrdinal=1	serviceVersionLinkHash=SERVICE_VERSION_00000000000000000000000000000000	pyScopeUniqueHash=PY_SCOPE_167708e0209d08621943b914fa9c53c8
scopeKind=FUNCTION	name=dunder_method_reference_not_mangled	qualifiedName=name_mangling_edge_cases.Outer.dunder_method_reference_not_mangled	nestingDepth=2	parentScopeLinkHash=PY_SCOPE_1f5611f6bc0f2a70108e63a8156e8dc9	pyModuleLinkHash=PY_MODULE_75dd800d24b53dd3ca1d826ca1525876	ownerKind=METHOD	ownerHash=PY_METHOD_8f6edbe8fbcbaf7c758445b95f8405b6	isNested=false	isOptimized=true	hasChildren=false	symtableId=6	usesWildcardImport=false	isGenerator=false	isCoroutine=false	declaresGlobal=false	declaresNonlocal=false	startLine=44	startColumn=4	endLine=46	endColumn=28	scopeOrdinal=3	serviceVersionLinkHash=SERVICE_VERSION_00000000000000000000000000000000	pyScopeUniqueHash=PY_SCOPE_57e0d1e910ed9bd3d8e71752341c4669
scopeKind=FUNCTION	name=first	qualifiedName=core.base.Registry.first	nestingDepth=2	parentScopeLinkHash=PY_SCOPE_5d313471f2530aadbedb4609a0df3d1f	pyModuleLinkHash=PY_MODULE_0af7a9df251376bafe876afe4a32f46e	ownerKind=METHOD	ownerHash=PY_METHOD_f3dde39c5431ddcb76977913b6103dbc	isNested=false	isOptimized=true	hasChildren=false	symtableId=11	usesWildcardImport=false	isGenerator=false	isCoroutine=false	declaresGlobal=false	declaresNonlocal=false	startLine=34	startColumn=4	endLine=35	endColumn=28	scopeOrdinal=2	serviceVersionLinkHash=SERVICE_VERSION_00000000000000000000000000000000	pyScopeUniqueHash=PY_SCOPE_56dcc7c61ecc15a1131c4bab56f680eb
scopeKind=FUNCTION	name=handle	qualifiedName=match_nested_patterns_and_guards.handle	nestingDepth=1	parentScopeLinkHash=PY_SCOPE_36fa0c472e8ad6fb04f3ec89e977d9e3	pyModuleLinkHash=PY_MODULE_fcb43aba22913355ac115ae9c4556240	ownerKind=METHOD	ownerHash=PY_METHOD_e593d898ef9de8564a70657bebe50172	isNested=false	isOptimized=true	hasChildren=false	symtableId=3	usesWildcardImport=false	isGenerator=false	isCoroutine=false	declaresGlobal=false	declaresNonlocal=false	startLine=21	startColumn=0	endLine=54	endColumn=30	scopeOrdinal=2	serviceVersionLinkHash=SERVICE_VERSION_00000000000000000000000000000000	pyScopeUniqueHash=PY_SCOPE_f0946aa6eb41246aea5d160595182496
scopeKind=FUNCTION	name=increment	qualifiedName=scoping_edge_cases.outer_with_nested_class.<locals>.Counter.increment	nestingDepth=3	parentScopeLinkHash=PY_SCOPE_7d844229e5d5989478ffff3e7465b7f2	pyModuleLinkHash=PY_MODULE_7c5670e72548f0c21d5e8710e5a91903	ownerKind=METHOD	ownerHash=PY_METHOD_8bca5358b79207a986a29b360c562a6d	isNested=true	isOptimized=true	hasChildren=false	symtableId=11	usesWildcardImport=false	isGenerator=false	isCoroutine=false	declaresGlobal=false	declaresNonlocal=true	startLine=70	startColumn=8	endLine=73	endColumn=24	scopeOrdinal=0	serviceVersionLinkHash=SERVICE_VERSION_00000000000000000000000000000000	pyScopeUniqueHash=PY_SCOPE_6d960c45e49a16945cb60203e14330b1
scopeKind=FUNCTION	name=inner	qualifiedName=scoping_edge_cases.del_nonlocal_and_global.<locals>.inner	nestingDepth=2	parentScopeLinkHash=PY_SCOPE_56826240994e7bdafb380ca0d28353d7	pyModuleLinkHash=PY_MODULE_7c5670e72548f0c21d5e8710e5a91903	ownerKind=METHOD	ownerHash=PY_METHOD_a2a65e38438389241027cbdddc3e05c6	isNested=true	isOptimized=true	hasChildren=false	symtableId=14	usesWildcardImport=false	isGenerator=false	isCoroutine=false	declaresGlobal=false	declaresNonlocal=true	startLine=85	startColumn=4	endLine=93	endColumn=21	scopeOrdinal=0	serviceVersionLinkHash=SERVICE_VERSION_00000000000000000000000000000000	pyScopeUniqueHash=PY_SCOPE_f61abf9b72da591ffaafc844fa150ee4
scopeKind=FUNCTION	name=label	qualifiedName=core.base.Leaf.label	nestingDepth=2	parentScopeLinkHash=PY_SCOPE_0f390926f150c4928fbc89deca85592b	pyModuleLinkHash=PY_MODULE_0af7a9df251376bafe876afe4a32f46e	ownerKind=METHOD	ownerHash=PY_METHOD_96468236d011db4f3ad3adb72fc69739	isNested=false	isOptimized=true	hasChildren=false	symtableId=7	usesWildcardImport=false	isGenerator=false	isCoroutine=false	declaresGlobal=false	declaresNonlocal=false	startLine=21	startColumn=4	endLine=23	endColumn=30	scopeOrdinal=0	serviceVersionLinkHash=SERVICE_VERSION_00000000000000000000000000000000	pyScopeUniqueHash=PY_SCOPE_d03d7f1954f360a46532403693495c84
scopeKind=FUNCTION	name=label	qualifiedName=core.base.Node.label	nestingDepth=2	parentScopeLinkHash=PY_SCOPE_5640d4d8ce7d21516c1b418eaf0ee86c	pyModuleLinkHash=PY_MODULE_0af7a9df251376bafe876afe4a32f46e	ownerKind=METHOD	ownerHash=PY_METHOD_10ddf5216712cc855e812fd9c30503a4	isNested=false	isOptimized=true	hasChildren=false	symtableId=3	usesWildcardImport=false	isGenerator=false	isCoroutine=false	declaresGlobal=false	declaresNonlocal=false	startLine=9	startColumn=4	endLine=10	endColumn=24	scopeOrdinal=1	serviceVersionLinkHash=SERVICE_VERSION_00000000000000000000000000000000	pyScopeUniqueHash=PY_SCOPE_ca9840d621fb99e8d753546c5f9108b9
scopeKind=FUNCTION	name=label	qualifiedName=services.inheritance.DeepLeaf.label	nestingDepth=2	parentScopeLinkHash=PY_SCOPE_cf4a3e5599078d61143525624a451043	pyModuleLinkHash=PY_MODULE_0a821397f31f9644e27278ab1de4362b	ownerKind=METHOD	ownerHash=PY_METHOD_246f767be5cf6e34e38bb312bd42813b	isNested=false	isOptimized=true	hasChildren=false	symtableId=6	usesWildcardImport=false	isGenerator=false	isCoroutine=false	declaresGlobal=false	declaresNonlocal=false	startLine=17	startColumn=4	endLine=18	endColumn=71	scopeOrdinal=0	serviceVersionLinkHash=SERVICE_VERSION_00000000000000000000000000000000	pyScopeUniqueHash=PY_SCOPE_6ba616c071573e6a1060dbe409b18985
scopeKind=FUNCTION	name=label	qualifiedName=services.inheritance.Tagged.label	nestingDepth=2	parentScopeLinkHash=PY_SCOPE_0208583a82f3ed45ecc4771129f45018	pyModuleLinkHash=PY_MODULE_0a821397f31f9644e27278ab1de4362b	ownerKind=METHOD	ownerHash=PY_METHOD_2412f97bdd65167cced87fb9580da5f4	isNested=false	isOptimized=true	hasChildren=false	symtableId=2	usesWildcardImport=false	isGenerator=false	isCoroutine=false	declaresGlobal=false	declaresNonlocal=false	startLine=6	startColumn=4	endLine=7	endColumn=57	scopeOrdinal=0	serviceVersionLinkHash=SERVICE_VERSION_00000000000000000000000000000000	pyScopeUniqueHash=PY_SCOPE_705c6abb9413f80b52565503e65168d7
scopeKind=FUNCTION	name=make_default	qualifiedName=core.factory.Builder.make_default	nestingDepth=2	parentScopeLinkHash=PY_SCOPE_2b6216f8d5e2094a8485583090d9d8ff	pyModuleLinkHash=PY_MODULE_7908beb43f8c739558eabfcf93ebca84	ownerKind=METHOD	ownerHash=PY_METHOD_c96fbb88bae96279b6619eae53653aac	isNested=false	isOptimized=true	hasChildren=false	symtableId=3	usesWildcardImport=false	isGenerator=false	isCoroutine=false	declaresGlobal=false	declaresNonlocal=false	startLine=14	startColumn=4	endLine=15	endColumn=32	scopeOrdinal=1	serviceVersionLinkHash=SERVICE_VERSION_00000000000000000000000000000000	pyScopeUniqueHash=PY_SCOPE_aa1f22a1dd1ddceefc14774c9db4e424
scopeKind=FUNCTION	name=make_node	qualifiedName=core.base.make_node	nestingDepth=1	parentScopeLinkHash=PY_SCOPE_c5b4f84e28a5fab7887804bcf766901a	pyModuleLinkHash=PY_MODULE_0af7a9df251376bafe876afe4a32f46e	ownerKind=METHOD	ownerHash=PY_METHOD_6610cba4c5d72cf434906f924e02959e	isNested=false	isOptimized=true	hasChildren=false	symtableId=12	usesWildcardImport=false	isGenerator=false	isCoroutine=false	declaresGlobal=false	declaresNonlocal=false	startLine=38	startColumn=0	endLine=40	endColumn=21	scopeOrdinal=3	serviceVersionLinkHash=SERVICE_VERSION_00000000000000000000000000000000	pyScopeUniqueHash=PY_SCOPE_691ff95afb67e8e3343e45eecc694c84
scopeKind=FUNCTION	name=make_registry	qualifiedName=core.base.make_registry	nestingDepth=1	parentScopeLinkHash=PY_SCOPE_c5b4f84e28a5fab7887804bcf766901a	pyModuleLinkHash=PY_MODULE_0af7a9df251376bafe876afe4a32f46e	ownerKind=METHOD	ownerHash=PY_METHOD_a25b5844084a070cb4e84441b29b9f0a	isNested=false	isOptimized=true	hasChildren=false	symtableId=13	usesWildcardImport=false	isGenerator=false	isCoroutine=false	declaresGlobal=false	declaresNonlocal=false	startLine=43	startColumn=0	endLine=44	endColumn=21	scopeOrdinal=4	serviceVersionLinkHash=SERVICE_VERSION_00000000000000000000000000000000	pyScopeUniqueHash=PY_SCOPE_ebb9c2f4dbc779c6b7e189cd463ee343
scopeKind=FUNCTION	name=mangling_recurses_into_nested_scopes	qualifiedName=name_mangling_edge_cases.Outer.mangling_recurses_into_nested_scopes	nestingDepth=2	parentScopeLinkHash=PY_SCOPE_1f5611f6bc0f2a70108e63a8156e8dc9	pyModuleLinkHash=PY_MODULE_75dd800d24b53dd3ca1d826ca1525876	ownerKind=METHOD	ownerHash=PY_METHOD_695f19fbafb1b5d022f11a24fe0b6432	isNested=false	isOptimized=true	hasChildren=true	symtableId=7	usesWildcardImport=false	isGenerator=false	isCoroutine=false	declaresGlobal=false	declaresNonlocal=false	startLine=48	startColumn=4	endLine=53	endColumn=81	scopeOrdinal=4	serviceVersionLinkHash=SERVICE_VERSION_00000000000000000000000000000000	pyScopeUniqueHash=PY_SCOPE_1d09e13be1947c1de946f859b015d1b5
scopeKind=FUNCTION	name=match_tuple_subject	qualifiedName=match_class_and_sequence_patterns.match_tuple_subject	nestingDepth=1	parentScopeLinkHash=PY_SCOPE_ed788e092bf33febbac1f4acd5766112	pyModuleLinkHash=PY_MODULE_e8c22c801b9d7d33638ace57665fdd49	ownerKind=METHOD	ownerHash=PY_METHOD_4349c77fd509ffa0604ef313deaa232c	isNested=false	isOptimized=true	hasChildren=false	symtableId=4	usesWildcardImport=false	isGenerator=false	isCoroutine=false	declaresGlobal=false	declaresNonlocal=false	startLine=66	startColumn=0	endLine=74	endColumn=24	scopeOrdinal=2	serviceVersionLinkHash=SERVICE_VERSION_00000000000000000000000000000000	pyScopeUniqueHash=PY_SCOPE_2d724666a85d27de28e0fe6193c0f119
scopeKind=FUNCTION	name=match_with_walrus_guard	qualifiedName=match_class_and_sequence_patterns.match_with_walrus_guard	nestingDepth=1	parentScopeLinkHash=PY_SCOPE_ed788e092bf33febbac1f4acd5766112	pyModuleLinkHash=PY_MODULE_e8c22c801b9d7d33638ace57665fdd49	ownerKind=METHOD	ownerHash=PY_METHOD_99c5845ea52a76a6c6dd129c1918a4e8	isNested=false	isOptimized=true	hasChildren=false	symtableId=5	usesWildcardImport=false	isGenerator=false	isCoroutine=false	declaresGlobal=false	declaresNonlocal=false	startLine=77	startColumn=0	endLine=84	endColumn=23	scopeOrdinal=3	serviceVersionLinkHash=SERVICE_VERSION_00000000000000000000000000000000	pyScopeUniqueHash=PY_SCOPE_c782a1b59eac3802011d5894654f2496
scopeKind=FUNCTION	name=nested	qualifiedName=name_mangling_edge_cases.Outer.mangling_recurses_into_nested_scopes.<locals>.nested	nestingDepth=3	parentScopeLinkHash=PY_SCOPE_1d09e13be1947c1de946f859b015d1b5	pyModuleLinkHash=PY_MODULE_75dd800d24b53dd3ca1d826ca1525876	ownerKind=METHOD	ownerHash=PY_METHOD_1a6aec94b4300e5700d5f15806230149	isNested=true	isOptimized=true	hasChildren=false	symtableId=8	usesWildcardImport=false	isGenerator=false	isCoroutine=false	declaresGlobal=false	declaresNonlocal=false	startLine=49	startColumn=8	endLine=51	endColumn=25	scopeOrdinal=0	serviceVersionLinkHash=SERVICE_VERSION_00000000000000000000000000000000	pyScopeUniqueHash=PY_SCOPE_79c9fcc62d1b7ba7368f05d159ef193d
scopeKind=FUNCTION	name=of	qualifiedName=core.factory.Builder.of	nestingDepth=2	parentScopeLinkHash=PY_SCOPE_2b6216f8d5e2094a8485583090d9d8ff	pyModuleLinkHash=PY_MODULE_7908beb43f8c739558eabfcf93ebca84	ownerKind=METHOD	ownerHash=PY_METHOD_3c9f625656d895e41e4fc89cd99c0b71	isNested=false	isOptimized=true	hasChildren=false	symtableId=2	usesWildcardImport=false	isGenerator=false	isCoroutine=false	declaresGlobal=false	declaresNonlocal=false	startLine=9	startColumn=4	endLine=11	endColumn=24	scopeOrdinal=0	serviceVersionLinkHash=SERVICE_VERSION_00000000000000000000000000000000	pyScopeUniqueHash=PY_SCOPE_c8c13825cb62f07fcf0e5e6fdcdaa510
scopeKind=FUNCTION	name=outer_with_nested_class	qualifiedName=scoping_edge_cases.outer_with_nested_class	nestingDepth=1	parentScopeLinkHash=PY_SCOPE_917e3bc2847d8c5988f299c83dc95b45	pyModuleLinkHash=PY_MODULE_7c5670e72548f0c21d5e8710e5a91903	ownerKind=METHOD	ownerHash=PY_METHOD_780d9ad188930a9879ddcb349fd305ef	isNested=false	isOptimized=true	hasChildren=true	symtableId=9	usesWildcardImport=false	isGenerator=false	isCoroutine=false	declaresGlobal=false	declaresNonlocal=false	startLine=62	startColumn=0	endLine=75	endColumn=37	scopeOrdinal=4	serviceVersionLinkHash=SERVICE_VERSION_00000000000000000000000000000000	pyScopeUniqueHash=PY_SCOPE_ebc46cd5266a0d3b5863328a04d74674
scopeKind=FUNCTION	name=read_inherited_name_is_different_attribute	qualifiedName=name_mangling_edge_cases.SavingsAccount.read_inherited_name_is_different_attribute	nestingDepth=2	parentScopeLinkHash=PY_SCOPE_7b87d54093077b1346070ae56075c290	pyModuleLinkHash=PY_MODULE_75dd800d24b53dd3ca1d826ca1525876	ownerKind=METHOD	ownerHash=PY_METHOD_99ac7ae6fbba7c42e02de4fc9b944c60	isNested=false	isOptimized=true	hasChildren=false	symtableId=11	usesWildcardImport=false	isGenerator=false	isCoroutine=false	declaresGlobal=false	declaresNonlocal=false	startLine=57	startColumn=4	endLine=62	endColumn=64	scopeOrdinal=0	serviceVersionLinkHash=SERVICE_VERSION_00000000000000000000000000000000	pyScopeUniqueHash=PY_SCOPE_ab1946e613d846e3a2ce2064bec9749d
scopeKind=FUNCTION	name=read_label_right	qualifiedName=scoping_edge_cases.ClassScopeIsInvisibleToMethods.read_label_right	nestingDepth=2	parentScopeLinkHash=PY_SCOPE_94ce60653e15775777c7c5494482ae1c	pyModuleLinkHash=PY_MODULE_7c5670e72548f0c21d5e8710e5a91903	ownerKind=METHOD	ownerHash=PY_METHOD_9a04b3f6daa7fe400f6b7464235317b2	isNested=false	isOptimized=true	hasChildren=false	symtableId=7	usesWildcardImport=false	isGenerator=false	isCoroutine=false	declaresGlobal=false	declaresNonlocal=false	startLine=53	startColumn=4	endLine=55	endColumn=25	scopeOrdinal=1	serviceVersionLinkHash=SERVICE_VERSION_00000000000000000000000000000000	pyScopeUniqueHash=PY_SCOPE_3cb796e74dc60dc344e3366a4ddba03a
scopeKind=FUNCTION	name=read_label_wrong	qualifiedName=scoping_edge_cases.ClassScopeIsInvisibleToMethods.read_label_wrong	nestingDepth=2	parentScopeLinkHash=PY_SCOPE_94ce60653e15775777c7c5494482ae1c	pyModuleLinkHash=PY_MODULE_7c5670e72548f0c21d5e8710e5a91903	ownerKind=METHOD	ownerHash=PY_METHOD_c0d08eb80ac0506fff63cb9be9f81d18	isNested=false	isOptimized=true	hasChildren=false	symtableId=6	usesWildcardImport=false	isGenerator=false	isCoroutine=false	declaresGlobal=false	declaresNonlocal=false	startLine=43	startColumn=4	endLine=51	endColumn=35	scopeOrdinal=0	serviceVersionLinkHash=SERVICE_VERSION_00000000000000000000000000000000	pyScopeUniqueHash=PY_SCOPE_21dd86600fc580014a7dbb60290ab8cb
scopeKind=FUNCTION	name=read_own	qualifiedName=name_mangling_edge_cases.Outer.Inner.read_own	nestingDepth=3	parentScopeLinkHash=PY_SCOPE_3bdaae217944a7f8edc08994b388fb91	pyModuleLinkHash=PY_MODULE_75dd800d24b53dd3ca1d826ca1525876	ownerKind=METHOD	ownerHash=PY_METHOD_3d7d144d1966b10690580a67d98bc0aa	isNested=false	isOptimized=true	hasChildren=false	symtableId=3	usesWildcardImport=false	isGenerator=false	isCoroutine=false	declaresGlobal=false	declaresNonlocal=false	startLine=29	startColumn=8	endLine=32	endColumn=55	scopeOrdinal=0	serviceVersionLinkHash=SERVICE_VERSION_00000000000000000000000000000000	pyScopeUniqueHash=PY_SCOPE_a155fa7893be6e1c7c5dea61969c76be
scopeKind=FUNCTION	name=read_own	qualifiedName=name_mangling_edge_cases.Outer.read_own	nestingDepth=2	parentScopeLinkHash=PY_SCOPE_1f5611f6bc0f2a70108e63a8156e8dc9	pyModuleLinkHash=PY_MODULE_75dd800d24b53dd3ca1d826ca1525876	ownerKind=METHOD	ownerHash=PY_METHOD_dd89d4df485031a611acfbb907b0b389	isNested=false	isOptimized=true	hasChildren=false	symtableId=4	usesWildcardImport=false	isGenerator=false	isCoroutine=false	declaresGlobal=false	declaresNonlocal=false	startLine=34	startColumn=4	endLine=35	endColumn=28	scopeOrdinal=1	serviceVersionLinkHash=SERVICE_VERSION_00000000000000000000000000000000	pyScopeUniqueHash=PY_SCOPE_796b29af1b0f61db0594e9d881eba2ad
scopeKind=FUNCTION	name=shadowed_default	qualifiedName=scoping_edge_cases.shadowed_default	nestingDepth=1	parentScopeLinkHash=PY_SCOPE_917e3bc2847d8c5988f299c83dc95b45	pyModuleLinkHash=PY_MODULE_7c5670e72548f0c21d5e8710e5a91903	ownerKind=METHOD	ownerHash=PY_METHOD_ba24fa02e080ead8508d00e9d70afd9a	isNested=false	isOptimized=true	hasChildren=false	symtableId=1	usesWildcardImport=false	isGenerator=false	isCoroutine=false	declaresGlobal=false	declaresNonlocal=false	startLine=13	startColumn=0	endLine=17	endColumn=19	scopeOrdinal=0	serviceVersionLinkHash=SERVICE_VERSION_00000000000000000000000000000000	pyScopeUniqueHash=PY_SCOPE_922296dd25f74668419777309cd54b09
scopeKind=FUNCTION	name=store	qualifiedName=core.base.Registry.store	nestingDepth=2	parentScopeLinkHash=PY_SCOPE_5d313471f2530aadbedb4609a0df3d1f	pyModuleLinkHash=PY_MODULE_0af7a9df251376bafe876afe4a32f46e	ownerKind=METHOD	ownerHash=PY_METHOD_17d9701a5ba071a3f6d3025f7d492a97	isNested=false	isOptimized=true	hasChildren=false	symtableId=10	usesWildcardImport=false	isGenerator=false	isCoroutine=false	declaresGlobal=false	declaresNonlocal=false	startLine=30	startColumn=4	endLine=32	endColumn=19	scopeOrdinal=1	serviceVersionLinkHash=SERVICE_VERSION_00000000000000000000000000000000	pyScopeUniqueHash=PY_SCOPE_0c44a2b7e20d142b579af2149c4e9990
scopeKind=FUNCTION	name=total	qualifiedName=services.inheritance.Tagged.total	nestingDepth=2	parentScopeLinkHash=PY_SCOPE_0208583a82f3ed45ecc4771129f45018	pyModuleLinkHash=PY_MODULE_0a821397f31f9644e27278ab1de4362b	ownerKind=METHOD	ownerHash=PY_METHOD_9015295cb8f51d05065df73b4c8b31a9	isNested=false	isOptimized=true	hasChildren=false	symtableId=4	usesWildcardImport=false	isGenerator=false	isCoroutine=false	declaresGlobal=false	declaresNonlocal=false	startLine=12	startColumn=4	endLine=13	endColumn=66	scopeOrdinal=2	serviceVersionLinkHash=SERVICE_VERSION_00000000000000000000000000000000	pyScopeUniqueHash=PY_SCOPE_145356bf8de76dfa9d14375879b0e3f3
scopeKind=FUNCTION	name=with_typed_default	qualifiedName=remaining_syntax_forms.with_typed_default	nestingDepth=1	parentScopeLinkHash=PY_SCOPE_72da2fafab9ca96d9c1e8f5754d35ea5	pyModuleLinkHash=PY_MODULE_99797da9f6b8580a03c8a2f7bf6898ea	ownerKind=METHOD	ownerHash=PY_METHOD_dc007ceaf105fb30832887e9758aa5f6	isNested=false	isOptimized=true	hasChildren=false	symtableId=2	usesWildcardImport=false	isGenerator=false	isCoroutine=false	declaresGlobal=false	declaresNonlocal=false	startLine=85	startColumn=0	endLine=88	endColumn=29	scopeOrdinal=1	serviceVersionLinkHash=SERVICE_VERSION_00000000000000000000000000000000	pyScopeUniqueHash=PY_SCOPE_49b5c1ee14a5f95d86699798fd901d3b
scopeKind=LAMBDA	name=lambda	qualifiedName=scoping_edge_cases.outer_with_nested_class.<locals>.lambda	nestingDepth=2	parentScopeLinkHash=PY_SCOPE_ebc46cd5266a0d3b5863328a04d74674	pyModuleLinkHash=PY_MODULE_7c5670e72548f0c21d5e8710e5a91903	ownerKind=LAMBDA	ownerHash=PY_METHOD_6ebf5906dc1a40c5298055722ffd0c1b	isNested=true	isOptimized=true	hasChildren=false	symtableId=12	usesWildcardImport=false	isGenerator=false	isCoroutine=false	declaresGlobal=false	declaresNonlocal=false	startLine=75	startColumn=23	endLine=75	endColumn=36	scopeOrdinal=1	serviceVersionLinkHash=SERVICE_VERSION_00000000000000000000000000000000	pyScopeUniqueHash=PY_SCOPE_ece5bc24f8aeb3ecb3b58b0834e6071a
scopeKind=MODULE	name=top	qualifiedName=core	nestingDepth=0	parentScopeLinkHash=	pyModuleLinkHash=PY_MODULE_3a88c0862536aa27d156c4b427966eba	ownerKind=MODULE	ownerHash=PY_MODULE_3a88c0862536aa27d156c4b427966eba	isNested=false	isOptimized=false	hasChildren=false	symtableId=0	usesWildcardImport=false	isGenerator=false	isCoroutine=false	declaresGlobal=false	declaresNonlocal=false	startLine=0	startColumn=0	endLine=2	endColumn=0	scopeOrdinal=0	serviceVersionLinkHash=SERVICE_VERSION_00000000000000000000000000000000	pyScopeUniqueHash=PY_SCOPE_ae25a33e4888eb35b1549aba53772994
scopeKind=MODULE	name=top	qualifiedName=core.base	nestingDepth=0	parentScopeLinkHash=	pyModuleLinkHash=PY_MODULE_0af7a9df251376bafe876afe4a32f46e	ownerKind=MODULE	ownerHash=PY_MODULE_0af7a9df251376bafe876afe4a32f46e	isNested=false	isOptimized=false	hasChildren=true	symtableId=0	usesWildcardImport=false	isGenerator=false	isCoroutine=false	declaresGlobal=false	declaresNonlocal=false	startLine=0	startColumn=0	endLine=45	endColumn=0	scopeOrdinal=0	serviceVersionLinkHash=SERVICE_VERSION_00000000000000000000000000000000	pyScopeUniqueHash=PY_SCOPE_c5b4f84e28a5fab7887804bcf766901a
scopeKind=MODULE	name=top	qualifiedName=core.factory	nestingDepth=0	parentScopeLinkHash=	pyModuleLinkHash=PY_MODULE_7908beb43f8c739558eabfcf93ebca84	ownerKind=MODULE	ownerHash=PY_MODULE_7908beb43f8c739558eabfcf93ebca84	isNested=false	isOptimized=false	hasChildren=true	symtableId=0	usesWildcardImport=false	isGenerator=false	isCoroutine=false	declaresGlobal=false	declaresNonlocal=false	startLine=0	startColumn=0	endLine=30	endColumn=0	scopeOrdinal=0	serviceVersionLinkHash=SERVICE_VERSION_00000000000000000000000000000000	pyScopeUniqueHash=PY_SCOPE_cb8cf1b1a132675a833e9bf463d4236f
scopeKind=MODULE	name=top	qualifiedName=match_class_and_sequence_patterns	nestingDepth=0	parentScopeLinkHash=	pyModuleLinkHash=PY_MODULE_e8c22c801b9d7d33638ace57665fdd49	ownerKind=MODULE	ownerHash=PY_MODULE_e8c22c801b9d7d33638ace57665fdd49	isNested=false	isOptimized=false	hasChildren=true	symtableId=0	usesWildcardImport=false	isGenerator=false	isCoroutine=false	declaresGlobal=false	declaresNonlocal=false	startLine=0	startColumn=0	endLine=85	endColumn=0	scopeOrdinal=0	serviceVersionLinkHash=SERVICE_VERSION_00000000000000000000000000000000	pyScopeUniqueHash=PY_SCOPE_ed788e092bf33febbac1f4acd5766112
scopeKind=MODULE	name=top	qualifiedName=match_nested_patterns_and_guards	nestingDepth=0	parentScopeLinkHash=	pyModuleLinkHash=PY_MODULE_fcb43aba22913355ac115ae9c4556240	ownerKind=MODULE	ownerHash=PY_MODULE_fcb43aba22913355ac115ae9c4556240	isNested=false	isOptimized=false	hasChildren=true	symtableId=0	usesWildcardImport=false	isGenerator=false	isCoroutine=false	declaresGlobal=false	declaresNonlocal=false	startLine=0	startColumn=0	endLine=68	endColumn=0	scopeOrdinal=0	serviceVersionLinkHash=SERVICE_VERSION_00000000000000000000000000000000	pyScopeUniqueHash=PY_SCOPE_36fa0c472e8ad6fb04f3ec89e977d9e3
scopeKind=MODULE	name=top	qualifiedName=name_mangling_edge_cases	nestingDepth=0	parentScopeLinkHash=	pyModuleLinkHash=PY_MODULE_75dd800d24b53dd3ca1d826ca1525876	ownerKind=MODULE	ownerHash=PY_MODULE_75dd800d24b53dd3ca1d826ca1525876	isNested=false	isOptimized=false	hasChildren=true	symtableId=0	usesWildcardImport=false	isGenerator=false	isCoroutine=false	declaresGlobal=false	declaresNonlocal=false	startLine=0	startColumn=0	endLine=63	endColumn=0	scopeOrdinal=0	serviceVersionLinkHash=SERVICE_VERSION_00000000000000000000000000000000	pyScopeUniqueHash=PY_SCOPE_821aeba8a746c6ac062dcb1a4e10b28b
scopeKind=MODULE	name=top	qualifiedName=remaining_syntax_forms	nestingDepth=0	parentScopeLinkHash=	pyModuleLinkHash=PY_MODULE_99797da9f6b8580a03c8a2f7bf6898ea	ownerKind=MODULE	ownerHash=PY_MODULE_99797da9f6b8580a03c8a2f7bf6898ea	isNested=false	isOptimized=false	hasChildren=true	symtableId=0	usesWildcardImport=false	isGenerator=false	isCoroutine=false	declaresGlobal=false	declaresNonlocal=false	startLine=0	startColumn=0	endLine=89	endColumn=0	scopeOrdinal=0	serviceVersionLinkHash=SERVICE_VERSION_00000000000000000000000000000000	pyScopeUniqueHash=PY_SCOPE_72da2fafab9ca96d9c1e8f5754d35ea5
scopeKind=MODULE	name=top	qualifiedName=scoping_edge_cases	nestingDepth=0	parentScopeLinkHash=	pyModuleLinkHash=PY_MODULE_7c5670e72548f0c21d5e8710e5a91903	ownerKind=MODULE	ownerHash=PY_MODULE_7c5670e72548f0c21d5e8710e5a91903	isNested=false	isOptimized=false	hasChildren=true	symtableId=0	usesWildcardImport=false	isGenerator=false	isCoroutine=false	declaresGlobal=false	declaresNonlocal=false	startLine=0	startColumn=0	endLine=104	endColumn=0	scopeOrdinal=0	serviceVersionLinkHash=SERVICE_VERSION_00000000000000000000000000000000	pyScopeUniqueHash=PY_SCOPE_917e3bc2847d8c5988f299c83dc95b45
scopeKind=MODULE	name=top	qualifiedName=services	nestingDepth=0	parentScopeLinkHash=	pyModuleLinkHash=PY_MODULE_8386ba5bdccd760c86dd379c658e591d	ownerKind=MODULE	ownerHash=PY_MODULE_8386ba5bdccd760c86dd379c658e591d	isNested=false	isOptimized=false	hasChildren=false	symtableId=0	usesWildcardImport=false	isGenerator=false	isCoroutine=false	declaresGlobal=false	declaresNonlocal=false	startLine=0	startColumn=0	endLine=1	endColumn=0	scopeOrdinal=0	serviceVersionLinkHash=SERVICE_VERSION_00000000000000000000000000000000	pyScopeUniqueHash=PY_SCOPE_02fb63a37b9a5f0f3d081a53b6380ef2
scopeKind=MODULE	name=top	qualifiedName=services.inheritance	nestingDepth=0	parentScopeLinkHash=	pyModuleLinkHash=PY_MODULE_0a821397f31f9644e27278ab1de4362b	ownerKind=MODULE	ownerHash=PY_MODULE_0a821397f31f9644e27278ab1de4362b	isNested=false	isOptimized=false	hasChildren=true	symtableId=0	usesWildcardImport=false	isGenerator=false	isCoroutine=false	declaresGlobal=false	declaresNonlocal=false	startLine=0	startColumn=0	endLine=19	endColumn=0	scopeOrdinal=0	serviceVersionLinkHash=SERVICE_VERSION_00000000000000000000000000000000	pyScopeUniqueHash=PY_SCOPE_c55ee4742ffe4870a08e4ccebad2d638
