name=Builder	qualifiedName=core.factory.Builder	fileName=factory.py	typeCategory=CLASS_TYPE	typeAccess=PUBLIC_ACCESS	typeModifier=	typePlacement=TOP_LEVEL_PLACEMENT	startLine=5	endLine=23	isExternal=false	pyModuleLinkHash=PY_MODULE_7908beb43f8c739558eabfcf93ebca84	enclosingTypeLinkHash=	enclosingMethodLinkHash=	scopeLinkHash=PY_SCOPE_2b6216f8d5e2094a8485583090d9d8ff	classInitMethodLinkHash=PY_METHOD_bf54d5a087fa91377bd850b01c53613b	declaringBindingLinkHash=PY_BINDING_4160ce48c3fa000f45971afe7afb2519	metaclassName=	baseCount=0	hasDynamicBase=false	mroKind=IMPLICIT_OBJECT	docstring=	serviceVersionLinkHash=SERVICE_VERSION_00000000000000000000000000000000	pyTypeUniqueHash=PY_TYPE_bf6354f36ebb9ff7d338d07707f4d6c9
name=ClassScopeIsInvisibleToComprehensions	qualifiedName=scoping_edge_cases.ClassScopeIsInvisibleToComprehensions	fileName=scoping_edge_cases.py	typeCategory=CLASS_TYPE	typeAccess=PUBLIC_ACCESS	typeModifier=	typePlacement=TOP_LEVEL_PLACEMENT	startLine=20	endLine=37	isExternal=false	pyModuleLinkHash=PY_MODULE_7c5670e72548f0c21d5e8710e5a91903	enclosingTypeLinkHash=	enclosingMethodLinkHash=	scopeLinkHash=PY_SCOPE_8fee8e657598bb02a681c0cde98185d7	classInitMethodLinkHash=PY_METHOD_0111e5ac08669932693b6fc18ff50845	declaringBindingLinkHash=PY_BINDING_1cb4db8685d6615b28299e7f44ae6dc6	metaclassName=	baseCount=0	hasDynamicBase=false	mroKind=IMPLICIT_OBJECT	docstring=The single most common Python scoping surprise.	serviceVersionLinkHash=SERVICE_VERSION_00000000000000000000000000000000	pyTypeUniqueHash=PY_TYPE_b4aa287abde8dbb60cac1736e458094f
name=ClassScopeIsInvisibleToMethods	qualifiedName=scoping_edge_cases.ClassScopeIsInvisibleToMethods	fileName=scoping_edge_cases.py	typeCategory=CLASS_TYPE	typeAccess=PUBLIC_ACCESS	typeModifier=	typePlacement=TOP_LEVEL_PLACEMENT	startLine=40	endLine=55	isExternal=false	pyModuleLinkHash=PY_MODULE_7c5670e72548f0c21d5e8710e5a91903	enclosingTypeLinkHash=	enclosingMethodLinkHash=	scopeLinkHash=PY_SCOPE_94ce60653e15775777c7c5494482ae1c	classInitMethodLinkHash=PY_METHOD_e91d423ebc4a5c67fd8181c0967fca3d	declaringBindingLinkHash=PY_BINDING_a2d00e589edd61c91c26061b1d9fce46	metaclassName=	baseCount=0	hasDynamicBase=false	mroKind=IMPLICIT_OBJECT	docstring=	serviceVersionLinkHash=SERVICE_VERSION_00000000000000000000000000000000	pyTypeUniqueHash=PY_TYPE_cb9da9964bc3c43761a4e1269506effe
name=Command	qualifiedName=match_nested_patterns_and_guards.Command	fileName=match_nested_patterns_and_guards.py	typeCategory=DATACLASS_TYPE	typeAccess=PUBLIC_ACCESS	typeModifier=	typePlacement=TOP_LEVEL_PLACEMENT	startLine=16	endLine=18	isExternal=false	pyModuleLinkHash=PY_MODULE_fcb43aba22913355ac115ae9c4556240	enclosingTypeLinkHash=	enclosingMethodLinkHash=	scopeLinkHash=PY_SCOPE_a39fac0f02d09bd29aeb1df9eec23605	classInitMethodLinkHash=PY_METHOD_acc1119135cb0d0032ce0c653d4e2fd6	declaringBindingLinkHash=PY_BINDING_dda8fc7b649c04a71948cc5078d626bf	metaclassName=	baseCount=0	hasDynamicBase=false	mroKind=IMPLICIT_OBJECT	docstring=	serviceVersionLinkHash=SERVICE_VERSION_00000000000000000000000000000000	pyTypeUniqueHash=PY_TYPE_0d090a4533bb97a6729a4b05d91e8042
name=Counter	qualifiedName=scoping_edge_cases.outer_with_nested_class.<locals>.Counter	fileName=scoping_edge_cases.py	typeCategory=CLASS_TYPE	typeAccess=PUBLIC_ACCESS	typeModifier=	typePlacement=LOCAL_PLACEMENT	startLine=65	endLine=73	isExternal=false	pyModuleLinkHash=PY_MODULE_7c5670e72548f0c21d5e8710e5a91903	enclosingTypeLinkHash=	enclosingMethodLinkHash=PY_METHOD_780d9ad188930a9879ddcb349fd305ef	scopeLinkHash=PY_SCOPE_7d844229e5d5989478ffff3e7465b7f2	classInitMethodLinkHash=PY_METHOD_af3e5cc844e5cbb898c2d8e0426b20a4	declaringBindingLinkHash=PY_BINDING_910504ba3bc9291fd58b88099f210cd5	metaclassName=	baseCount=0	hasDynamicBase=false	mroKind=IMPLICIT_OBJECT	docstring=	serviceVersionLinkHash=SERVICE_VERSION_00000000000000000000000000000000	pyTypeUniqueHash=PY_TYPE_7277f9addb7736299c6b401ea59f1a08
name=DeepLeaf	qualifiedName=services.inheritance.DeepLeaf	fileName=inheritance.py	typeCategory=CLASS_TYPE	typeAccess=PUBLIC_ACCESS	typeModifier=	typePlacement=TOP_LEVEL_PLACEMENT	startLine=16	endLine=18	isExternal=false	pyModuleLinkHash=PY_MODULE_0a821397f31f9644e27278ab1de4362b	enclosingTypeLinkHash=	enclosingMethodLinkHash=	scopeLinkHash=PY_SCOPE_cf4a3e5599078d61143525624a451043	classInitMethodLinkHash=PY_METHOD_5e82f5efb80d09d2841ec711149e3c33	declaringBindingLinkHash=PY_BINDING_5de6671e959428a80b7f6e01729562ce	metaclassName=	baseCount=1	hasDynamicBase=false	mroKind=SINGLE_INHERITANCE	docstring=	serviceVersionLinkHash=SERVICE_VERSION_00000000000000000000000000000000	pyTypeUniqueHash=PY_TYPE_834321b821663a60dfa7d7e9704dc276
name=Event	qualifiedName=match_nested_patterns_and_guards.Event	fileName=match_nested_patterns_and_guards.py	typeCategory=DATACLASS_TYPE	typeAccess=PUBLIC_ACCESS	typeModifier=	typePlacement=TOP_LEVEL_PLACEMENT	startLine=10	endLine=12	isExternal=false	pyModuleLinkHash=PY_MODULE_fcb43aba22913355ac115ae9c4556240	enclosingTypeLinkHash=	enclosingMethodLinkHash=	scopeLinkHash=PY_SCOPE_6befd2419f4b4dc5a632146657e19934	classInitMethodLinkHash=PY_METHOD_49fa67007e4e879794682859d6866795	declaringBindingLinkHash=PY_BINDING_8d53ed50e1547184bbfa1055689eac3b	metaclassName=	baseCount=0	hasDynamicBase=false	mroKind=IMPLICIT_OBJECT	docstring=	serviceVersionLinkHash=SERVICE_VERSION_00000000000000000000000000000000	pyTypeUniqueHash=PY_TYPE_2ce58f5e8c9675c1e0fd5c50ffba85b9
name=Inner	qualifiedName=name_mangling_edge_cases.Outer.Inner	fileName=name_mangling_edge_cases.py	typeCategory=CLASS_TYPE	typeAccess=PUBLIC_ACCESS	typeModifier=	typePlacement=NESTED_PLACEMENT	startLine=26	endLine=32	isExternal=false	pyModuleLinkHash=PY_MODULE_75dd800d24b53dd3ca1d826ca1525876	enclosingTypeLinkHash=PY_TYPE_fd26c3cd94bd9663ee01dd2cfe94159d	enclosingMethodLinkHash=	scopeLinkHash=PY_SCOPE_3bdaae217944a7f8edc08994b388fb91	classInitMethodLinkHash=PY_METHOD_043f415f7d8d475fb715a5169a45194e	declaringBindingLinkHash=PY_BINDING_5bbc45bc5f0bc1aab474ebb1d46378bf	metaclassName=	baseCount=0	hasDynamicBase=false	mroKind=IMPLICIT_OBJECT	docstring=	serviceVersionLinkHash=SERVICE_VERSION_00000000000000000000000000000000	pyTypeUniqueHash=PY_TYPE_e0b00a82da98016f61db58a6de64ca3a
name=Leaf	qualifiedName=core.base.Leaf	fileName=base.py	typeCategory=CLASS_TYPE	typeAccess=PUBLIC_ACCESS	typeModifier=	typePlacement=TOP_LEVEL_PLACEMENT	startLine=20	endLine=23	isExternal=false	pyModuleLinkHash=PY_MODULE_0af7a9df251376bafe876afe4a32f46e	enclosingTypeLinkHash=	enclosingMethodLinkHash=	scopeLinkHash=PY_SCOPE_0f390926f150c4928fbc89deca85592b	classInitMethodLinkHash=PY_METHOD_d850f1514cd9229e64c0828e6ec3095b	declaringBindingLinkHash=PY_BINDING_5eb56147bd8d4b6a1a3035fa3830a5b3	metaclassName=	baseCount=1	hasDynamicBase=false	mroKind=SINGLE_INHERITANCE	docstring=	serviceVersionLinkHash=SERVICE_VERSION_00000000000000000000000000000000	pyTypeUniqueHash=PY_TYPE_50545579e02058f8c7ab2e28c6b40e6a
name=NestedClassInsideFunction	qualifiedName=scoping_edge_cases.NestedClassInsideFunction	fileName=scoping_edge_cases.py	typeCategory=CLASS_TYPE	typeAccess=PUBLIC_ACCESS	typeModifier=	typePlacement=TOP_LEVEL_PLACEMENT	startLine=58	endLine=59	isExternal=false	pyModuleLinkHash=PY_MODULE_7c5670e72548f0c21d5e8710e5a91903	enclosingTypeLinkHash=	enclosingMethodLinkHash=	scopeLinkHash=PY_SCOPE_e97047355ca087957aa98aef05a67e9c	classInitMethodLinkHash=PY_METHOD_f69fa5827dc97a17d17c40a0333da269	declaringBindingLinkHash=PY_BINDING_4aaead8a10108a6ec8ac14e0a0d02540	metaclassName=	baseCount=0	hasDynamicBase=false	mroKind=IMPLICIT_OBJECT	docstring=	serviceVersionLinkHash=SERVICE_VERSION_00000000000000000000000000000000	pyTypeUniqueHash=PY_TYPE_dc6f20f1a203e0dd5ac8da053636aa64
name=Node	qualifiedName=core.base.Node	fileName=base.py	typeCategory=CLASS_TYPE	typeAccess=PUBLIC_ACCESS	typeModifier=	typePlacement=TOP_LEVEL_PLACEMENT	startLine=4	endLine=17	isExternal=false	pyModuleLinkHash=PY_MODULE_0af7a9df251376bafe876afe4a32f46e	enclosingTypeLinkHash=	enclosingMethodLinkHash=	scopeLinkHash=PY_SCOPE_5640d4d8ce7d21516c1b418eaf0ee86c	classInitMethodLinkHash=PY_METHOD_dc325994560ee13b3e5674ef87f1e04b	declaringBindingLinkHash=PY_BINDING_ac074a6794d0cfd12c3047cf56b9d9d3	metaclassName=	baseCount=0	hasDynamicBase=false	mroKind=IMPLICIT_OBJECT	docstring=	serviceVersionLinkHash=SERVICE_VERSION_00000000000000000000000000000000	pyTypeUniqueHash=PY_TYPE_114cb72d42012abcb4ffcbce3bc6a345
name=Outer	qualifiedName=name_mangling_edge_cases.Outer	fileName=name_mangling_edge_cases.py	typeCategory=CLASS_TYPE	typeAccess=PUBLIC_ACCESS	typeModifier=	typePlacement=TOP_LEVEL_PLACEMENT	startLine=23	endLine=53	isExternal=false	pyModuleLinkHash=PY_MODULE_75dd800d24b53dd3ca1d826ca1525876	enclosingTypeLinkHash=	enclosingMethodLinkHash=	scopeLinkHash=PY_SCOPE_1f5611f6bc0f2a70108e63a8156e8dc9	classInitMethodLinkHash=PY_METHOD_df3b8ef92aba6094783369578b5c41be	declaringBindingLinkHash=PY_BINDING_6b14b83ca39c341961ea786be57f0eb5	metaclassName=	baseCount=0	hasDynamicBase=false	mroKind=IMPLICIT_OBJECT	docstring=	serviceVersionLinkHash=SERVICE_VERSION_00000000000000000000000000000000	pyTypeUniqueHash=PY_TYPE_fd26c3cd94bd9663ee01dd2cfe94159d
name=Point	qualifiedName=match_class_and_sequence_patterns.Point	fileName=match_class_and_sequence_patterns.py	typeCategory=CLASS_TYPE	typeAccess=PUBLIC_ACCESS	typeModifier=	typePlacement=TOP_LEVEL_PLACEMENT	startLine=8	endLine=11	isExternal=false	pyModuleLinkHash=PY_MODULE_e8c22c801b9d7d33638ace57665fdd49	enclosingTypeLinkHash=	enclosingMethodLinkHash=	scopeLinkHash=PY_SCOPE_ceae26f1a1a6fdd6fb457be16a523c88	classInitMethodLinkHash=PY_METHOD_2b68a7d332bf94c0f5a3d65c41b2f66a	declaringBindingLinkHash=PY_BINDING_e83a0c7255815209f41887f773a18758	metaclassName=	baseCount=0	hasDynamicBase=false	mroKind=IMPLICIT_OBJECT	docstring=	serviceVersionLinkHash=SERVICE_VERSION_00000000000000000000000000000000	pyTypeUniqueHash=PY_TYPE_6f4e90e4697b76a388566c9bd84e0d4d
name=Registry	qualifiedName=core.base.Registry	fileName=base.py	typeCategory=CLASS_TYPE	typeAccess=PUBLIC_ACCESS	typeModifier=	typePlacement=TOP_LEVEL_PLACEMENT	startLine=26	endLine=35	isExternal=false	pyModuleLinkHash=PY_MODULE_0af7a9df251376bafe876afe4a32f46e	enclosingTypeLinkHash=	enclosingMethodLinkHash=	scopeLinkHash=PY_SCOPE_5d313471f2530aadbedb4609a0df3d1f	classInitMethodLinkHash=PY_METHOD_84e298a19cdfa5eae5cd2e3b611b5b05	declaringBindingLinkHash=PY_BINDING_c9fe1f0938dbd0f381a72d70ef3b1eb3	metaclassName=	baseCount=0	hasDynamicBase=false	mroKind=IMPLICIT_OBJECT	docstring=	serviceVersionLinkHash=SERVICE_VERSION_00000000000000000000000000000000	pyTypeUniqueHash=PY_TYPE_f511a7eca38906948dce8170bb4e5495
name=SavingsAccount	qualifiedName=name_mangling_edge_cases.SavingsAccount	fileName=name_mangling_edge_cases.py	typeCategory=CLASS_TYPE	typeAccess=PUBLIC_ACCESS	typeModifier=	typePlacement=TOP_LEVEL_PLACEMENT	startLine=56	endLine=62	isExternal=false	pyModuleLinkHash=PY_MODULE_75dd800d24b53dd3ca1d826ca1525876	enclosingTypeLinkHash=	enclosingMethodLinkHash=	scopeLinkHash=PY_SCOPE_7b87d54093077b1346070ae56075c290	classInitMethodLinkHash=PY_METHOD_e2b04ba991241e6262a772678503e6af	declaringBindingLinkHash=PY_BINDING_ec3a12a6f3e0af5514c39b9bb69269ad	metaclassName=	baseCount=1	hasDynamicBase=false	mroKind=SINGLE_INHERITANCE	docstring=	serviceVersionLinkHash=SERVICE_VERSION_00000000000000000000000000000000	pyTypeUniqueHash=PY_TYPE_123066224b71bd554d5fb2221924b3d1
name=Tagged	qualifiedName=services.inheritance.Tagged	fileName=inheritance.py	typeCategory=CLASS_TYPE	typeAccess=PUBLIC_ACCESS	typeModifier=	typePlacement=TOP_LEVEL_PLACEMENT	startLine=5	endLine=13	isExternal=false	pyModuleLinkHash=PY_MODULE_0a821397f31f9644e27278ab1de4362b	enclosingTypeLinkHash=	enclosingMethodLinkHash=	scopeLinkHash=PY_SCOPE_0208583a82f3ed45ecc4771129f45018	classInitMethodLinkHash=PY_METHOD_7179d2de9d227a8382ef5c92ecdccb12	declaringBindingLinkHash=PY_BINDING_4b1cef2da8914a979b1adfb03a8c4954	metaclassName=	baseCount=1	hasDynamicBase=false	mroKind=SINGLE_INHERITANCE	docstring=	serviceVersionLinkHash=SERVICE_VERSION_00000000000000000000000000000000	pyTypeUniqueHash=PY_TYPE_87b5de4c1461e6b37e42d0b104fd407c
name=TypedBuilder	qualifiedName=core.factory.TypedBuilder	fileName=factory.py	typeCategory=CLASS_TYPE	typeAccess=PUBLIC_ACCESS	typeModifier=	typePlacement=TOP_LEVEL_PLACEMENT	startLine=26	endLine=29	isExternal=false	pyModuleLinkHash=PY_MODULE_7908beb43f8c739558eabfcf93ebca84	enclosingTypeLinkHash=	enclosingMethodLinkHash=	scopeLinkHash=PY_SCOPE_d76a54ec93f0d0b97b08d3f2a1df3111	classInitMethodLinkHash=PY_METHOD_62e76ad4b00ab68bf712a38f2ec418eb	declaringBindingLinkHash=PY_BINDING_21beda66769b7b22f937b40f5b1a7a19	metaclassName=	baseCount=1	hasDynamicBase=false	mroKind=SINGLE_INHERITANCE	docstring=	serviceVersionLinkHash=SERVICE_VERSION_00000000000000000000000000000000	pyTypeUniqueHash=PY_TYPE_e05aff09427e5b3fb8b3b7c28b5be2d6
