kind=NAME	context=BASE_CLASS	pyTypeLinkHash=PY_TYPE_123066224b71bd554d5fb2221924b3d1	typeParameterLinkHash=	referencedTypeLinkHash=PY_TYPE_fd26c3cd94bd9663ee01dd2cfe94159d	parentReferenceHash=	position=0	depth=0	typeName=Outer	completeTypeName=Outer	typeVariableName=	arrayDimensions=	wildcardVariance=	startLine=56	endLine=56	typeReferenceOwnerHash=PY_TYPE_BASE_2bdada638c02717e3aaeed1d970c343f	referenceOwnerKind=TYPE_BASE	pyScopeLinkHash=	pyModuleLinkHash=PY_MODULE_75dd800d24b53dd3ca1d826ca1525876	isStringForwardRef=false	isTypeCommentDerived=false	isOptional=false	pyExpressionLinkHash=	serviceVersionLinkHash=SERVICE_VERSION_00000000000000000000000000000000	pyTypeReferenceUniqueHash=PY_TYPE_REFERENCE_3b1110f349e649e84781bb6449a2bdaf
kind=NAME	context=BASE_CLASS	pyTypeLinkHash=PY_TYPE_50545579e02058f8c7ab2e28c6b40e6a	typeParameterLinkHash=	referencedTypeLinkHash=PY_TYPE_114cb72d42012abcb4ffcbce3bc6a345	parentReferenceHash=	position=0	depth=0	typeName=Node	completeTypeName=Node	typeVariableName=	arrayDimensions=	wildcardVariance=	startLine=20	endLine=20	typeReferenceOwnerHash=PY_TYPE_BASE_68f0e303e7319a0c053d6154bfddab09	referenceOwnerKind=TYPE_BASE	pyScopeLinkHash=	pyModuleLinkHash=PY_MODULE_0af7a9df251376bafe876afe4a32f46e	isStringForwardRef=false	isTypeCommentDerived=false	isOptional=false	pyExpressionLinkHash=	serviceVersionLinkHash=SERVICE_VERSION_00000000000000000000000000000000	pyTypeReferenceUniqueHash=PY_TYPE_REFERENCE_8a689ad81b3e8fa0c19e5d398ba7d89d
kind=NAME	context=BASE_CLASS	pyTypeLinkHash=PY_TYPE_834321b821663a60dfa7d7e9704dc276	typeParameterLinkHash=	referencedTypeLinkHash=PY_TYPE_50545579e02058f8c7ab2e28c6b40e6a	parentReferenceHash=	position=0	depth=0	typeName=Leaf	completeTypeName=Leaf	typeVariableName=	arrayDimensions=	wildcardVariance=	startLine=16	endLine=16	typeReferenceOwnerHash=PY_TYPE_BASE_cdab1404e2ac24c2f8d8f32afa13a94b	referenceOwnerKind=TYPE_BASE	pyScopeLinkHash=	pyModuleLinkHash=PY_MODULE_0a821397f31f9644e27278ab1de4362b	isStringForwardRef=false	isTypeCommentDerived=false	isOptional=false	pyExpressionLinkHash=	serviceVersionLinkHash=SERVICE_VERSION_00000000000000000000000000000000	pyTypeReferenceUniqueHash=PY_TYPE_REFERENCE_76637fed4d5e59c8264407bfdd6f65fe
kind=NAME	context=BASE_CLASS	pyTypeLinkHash=PY_TYPE_87b5de4c1461e6b37e42d0b104fd407c	typeParameterLinkHash=	referencedTypeLinkHash=PY_TYPE_114cb72d42012abcb4ffcbce3bc6a345	parentReferenceHash=	position=0	depth=0	typeName=Node	completeTypeName=Node	typeVariableName=	arrayDimensions=	wildcardVariance=	startLine=5	endLine=5	typeReferenceOwnerHash=PY_TYPE_BASE_f434280eae8d34aec5444f534db30bc3	referenceOwnerKind=TYPE_BASE	pyScopeLinkHash=	pyModuleLinkHash=PY_MODULE_0a821397f31f9644e27278ab1de4362b	isStringForwardRef=false	isTypeCommentDerived=false	isOptional=false	pyExpressionLinkHash=	serviceVersionLinkHash=SERVICE_VERSION_00000000000000000000000000000000	pyTypeReferenceUniqueHash=PY_TYPE_REFERENCE_8c9722e5162af60a42d5cfdada30f842
kind=NAME	context=BASE_CLASS	pyTypeLinkHash=PY_TYPE_e05aff09427e5b3fb8b3b7c28b5be2d6	typeParameterLinkHash=	referencedTypeLinkHash=PY_TYPE_bf6354f36ebb9ff7d338d07707f4d6c9	parentReferenceHash=	position=0	depth=0	typeName=Builder	completeTypeName=Builder	typeVariableName=	arrayDimensions=	wildcardVariance=	startLine=26	endLine=26	typeReferenceOwnerHash=PY_TYPE_BASE_76c964ed258817048cfe9740ed44b72c	referenceOwnerKind=TYPE_BASE	pyScopeLinkHash=	pyModuleLinkHash=PY_MODULE_7908beb43f8c739558eabfcf93ebca84	isStringForwardRef=false	isTypeCommentDerived=false	isOptional=false	pyExpressionLinkHash=	serviceVersionLinkHash=SERVICE_VERSION_00000000000000000000000000000000	pyTypeReferenceUniqueHash=PY_TYPE_REFERENCE_9aabbecd1d0526441c86defad84616f4
kind=NAME	context=METHOD_PARAM	pyTypeLinkHash=	typeParameterLinkHash=	referencedTypeLinkHash=	parentReferenceHash=	position=0	depth=0	typeName=float	completeTypeName=float	typeVariableName=	arrayDimensions=	wildcardVariance=	startLine=85	endLine=85	typeReferenceOwnerHash=PY_METHOD_PARAMETER_e1f00cf3a76f45aa458578fa4733d3d7	referenceOwnerKind=METHOD_PARAM	pyScopeLinkHash=PY_SCOPE_49b5c1ee14a5f95d86699798fd901d3b	pyModuleLinkHash=PY_MODULE_99797da9f6b8580a03c8a2f7bf6898ea	isStringForwardRef=false	isTypeCommentDerived=false	isOptional=false	pyExpressionLinkHash=	serviceVersionLinkHash=SERVICE_VERSION_00000000000000000000000000000000	pyTypeReferenceUniqueHash=PY_TYPE_REFERENCE_cdd909fcfcf83155ee4619366e01cf13
kind=NAME	context=METHOD_PARAM	pyTypeLinkHash=	typeParameterLinkHash=	referencedTypeLinkHash=	parentReferenceHash=	position=0	depth=0	typeName=int	completeTypeName=int	typeVariableName=	arrayDimensions=	wildcardVariance=	startLine=85	endLine=85	typeReferenceOwnerHash=PY_METHOD_PARAMETER_b441f95674b2e35372ea9d1ee31dbada	referenceOwnerKind=METHOD_PARAM	pyScopeLinkHash=PY_SCOPE_49b5c1ee14a5f95d86699798fd901d3b	pyModuleLinkHash=PY_MODULE_99797da9f6b8580a03c8a2f7bf6898ea	isStringForwardRef=false	isTypeCommentDerived=false	isOptional=false	pyExpressionLinkHash=	serviceVersionLinkHash=SERVICE_VERSION_00000000000000000000000000000000	pyTypeReferenceUniqueHash=PY_TYPE_REFERENCE_84cf12370b30c3aaa479ff7fe08c23e7
kind=NAME	context=METHOD_PARAM	pyTypeLinkHash=	typeParameterLinkHash=	referencedTypeLinkHash=	parentReferenceHash=	position=0	depth=0	typeName=str	completeTypeName=str	typeVariableName=	arrayDimensions=	wildcardVariance=	startLine=85	endLine=85	typeReferenceOwnerHash=PY_METHOD_PARAMETER_d11d234714f400fd22285de66bd7f642	referenceOwnerKind=METHOD_PARAM	pyScopeLinkHash=PY_SCOPE_49b5c1ee14a5f95d86699798fd901d3b	pyModuleLinkHash=PY_MODULE_99797da9f6b8580a03c8a2f7bf6898ea	isStringForwardRef=false	isTypeCommentDerived=false	isOptional=false	pyExpressionLinkHash=	serviceVersionLinkHash=SERVICE_VERSION_00000000000000000000000000000000	pyTypeReferenceUniqueHash=PY_TYPE_REFERENCE_ffff00b8aec9944868d26eaaa11bb056
kind=NAME	context=VARIABLE_ANNOTATION	pyTypeLinkHash=PY_TYPE_0d090a4533bb97a6729a4b05d91e8042	typeParameterLinkHash=	referencedTypeLinkHash=	parentReferenceHash=	position=0	depth=0	typeName=str	completeTypeName=str	typeVariableName=	arrayDimensions=	wildcardVariance=	startLine=17	endLine=17	typeReferenceOwnerHash=PY_BINDING_cd0d311bf325ef8c8ae6238a63dcad6f	referenceOwnerKind=BINDING	pyScopeLinkHash=PY_SCOPE_a39fac0f02d09bd29aeb1df9eec23605	pyModuleLinkHash=PY_MODULE_fcb43aba22913355ac115ae9c4556240	isStringForwardRef=false	isTypeCommentDerived=false	isOptional=false	pyExpressionLinkHash=	serviceVersionLinkHash=SERVICE_VERSION_00000000000000000000000000000000	pyTypeReferenceUniqueHash=PY_TYPE_REFERENCE_fe021fc4bd10e0773037130872f769fa
kind=NAME	context=VARIABLE_ANNOTATION	pyTypeLinkHash=PY_TYPE_0d090a4533bb97a6729a4b05d91e8042	typeParameterLinkHash=	referencedTypeLinkHash=	parentReferenceHash=	position=0	depth=0	typeName=tuple	completeTypeName=tuple	typeVariableName=	arrayDimensions=	wildcardVariance=	startLine=18	endLine=18	typeReferenceOwnerHash=PY_BINDING_9a435ed4c1ece9c11135dbd0160b4df5	referenceOwnerKind=BINDING	pyScopeLinkHash=PY_SCOPE_a39fac0f02d09bd29aeb1df9eec23605	pyModuleLinkHash=PY_MODULE_fcb43aba22913355ac115ae9c4556240	isStringForwardRef=false	isTypeCommentDerived=false	isOptional=false	pyExpressionLinkHash=	serviceVersionLinkHash=SERVICE_VERSION_00000000000000000000000000000000	pyTypeReferenceUniqueHash=PY_TYPE_REFERENCE_497d3fe29c89bb5a6666d72de4567bda
kind=NAME	context=VARIABLE_ANNOTATION	pyTypeLinkHash=PY_TYPE_2ce58f5e8c9675c1e0fd5c50ffba85b9	typeParameterLinkHash=	referencedTypeLinkHash=	parentReferenceHash=	position=0	depth=0	typeName=dict	completeTypeName=dict	typeVariableName=	arrayDimensions=	wildcardVariance=	startLine=12	endLine=12	typeReferenceOwnerHash=PY_BINDING_13c4c5fdb58a9e4c8b2de72989a22932	referenceOwnerKind=BINDING	pyScopeLinkHash=PY_SCOPE_6befd2419f4b4dc5a632146657e19934	pyModuleLinkHash=PY_MODULE_fcb43aba22913355ac115ae9c4556240	isStringForwardRef=false	isTypeCommentDerived=false	isOptional=false	pyExpressionLinkHash=	serviceVersionLinkHash=SERVICE_VERSION_00000000000000000000000000000000	pyTypeReferenceUniqueHash=PY_TYPE_REFERENCE_a3119e598db911e5136c1882a4926785
kind=NAME	context=VARIABLE_ANNOTATION	pyTypeLinkHash=PY_TYPE_2ce58f5e8c9675c1e0fd5c50ffba85b9	typeParameterLinkHash=	referencedTypeLinkHash=	parentReferenceHash=	position=0	depth=0	typeName=str	completeTypeName=str	typeVariableName=	arrayDimensions=	wildcardVariance=	startLine=11	endLine=11	typeReferenceOwnerHash=PY_BINDING_a71edea3725a72a19e6afe34df82df70	referenceOwnerKind=BINDING	pyScopeLinkHash=PY_SCOPE_6befd2419f4b4dc5a632146657e19934	pyModuleLinkHash=PY_MODULE_fcb43aba22913355ac115ae9c4556240	isStringForwardRef=false	isTypeCommentDerived=false	isOptional=false	pyExpressionLinkHash=	serviceVersionLinkHash=SERVICE_VERSION_00000000000000000000000000000000	pyTypeReferenceUniqueHash=PY_TYPE_REFERENCE_06c4aaee912be7daedc8aea99c8fe690
